Archive member included to satisfy reference by file (symbol)

libDaisy/build\libdaisy.a(daisy_patch_sm.o)
                              build/Reverb.o (daisy::patch_sm::DaisyPatchSM::Init())
libDaisy/build\libdaisy.a(codec_pcm3060.o)
                              libDaisy/build\libdaisy.a(daisy_patch_sm.o) (daisy::Pcm3060::Init(daisy::I2CHandle))
libDaisy/build\libdaisy.a(sdram.o)
                              libDaisy/build\libdaisy.a(daisy_patch_sm.o) (SdramHandle::Init())
libDaisy/build\libdaisy.a(audio.o)
                              libDaisy/build\libdaisy.a(daisy_patch_sm.o) (daisy::AudioHandle::Init(daisy::AudioHandle::Config const&, daisy::SaiHandle))
libDaisy/build\libdaisy.a(ctrl.o)
                              libDaisy/build\libdaisy.a(daisy_patch_sm.o) (daisy::AnalogControl::Init(unsigned short*, float, bool, bool, float))
libDaisy/build\libdaisy.a(gatein.o)
                              libDaisy/build\libdaisy.a(daisy_patch_sm.o) (daisy::GateIn::Init(dsy_gpio_pin*, bool))
libDaisy/build\libdaisy.a(adc.o)
                              libDaisy/build\libdaisy.a(daisy_patch_sm.o) (daisy::AdcChannelConfig::InitSingle(dsy_gpio_pin))
libDaisy/build\libdaisy.a(dac.o)
                              libDaisy/build\libdaisy.a(daisy_patch_sm.o) (daisy::DacHandle::Init(daisy::DacHandle::Config const&))
libDaisy/build\libdaisy.a(gpio.o)
                              libDaisy/build\libdaisy.a(daisy_patch_sm.o) (dsy_gpio_init)
libDaisy/build\libdaisy.a(i2c.o)
                              libDaisy/build\libdaisy.a(daisy_patch_sm.o) (daisy::I2CHandle::Init(daisy::I2CHandle::Config const&))
libDaisy/build\libdaisy.a(qspi.o)
                              libDaisy/build\libdaisy.a(daisy_patch_sm.o) (daisy::QSPIHandle::Init(daisy::QSPIHandle::Config const&))
libDaisy/build\libdaisy.a(sai.o)
                              libDaisy/build\libdaisy.a(daisy_patch_sm.o) (daisy::SaiHandle::Init(daisy::SaiHandle::Config const&))
libDaisy/build\libdaisy.a(system.o)
                              libDaisy/build\libdaisy.a(codec_pcm3060.o) (daisy::System::Delay(unsigned long))
libDaisy/build\libdaisy.a(system_stm32h7xx.o)
                              build/startup_stm32h750xx.o (SystemInit)
libDaisy/build\libdaisy.a(usbd_conf.o)
                              libDaisy/build\libdaisy.a(system.o) (hpcd_USB_OTG_HS)
libDaisy/build\libdaisy.a(usbh_conf.o)
                              libDaisy/build\libdaisy.a(system.o) (hhcd_USB_OTG_HS)
libDaisy/build\libdaisy.a(hal_map.o)
                              libDaisy/build\libdaisy.a(gpio.o) (dsy_hal_map_get_port)
libDaisy/build\libdaisy.a(stm32h7xx_hal.o)
                              libDaisy/build\libdaisy.a(system.o) (HAL_Init)
libDaisy/build\libdaisy.a(stm32h7xx_hal_adc.o)
                              libDaisy/build\libdaisy.a(adc.o) (HAL_ADC_ConfigChannel)
libDaisy/build\libdaisy.a(stm32h7xx_hal_adc_ex.o)
                              libDaisy/build\libdaisy.a(adc.o) (HAL_ADCEx_Calibration_Start)
libDaisy/build\libdaisy.a(stm32h7xx_hal_cortex.o)
                              libDaisy/build\libdaisy.a(stm32h7xx_hal.o) (HAL_NVIC_SetPriorityGrouping)
libDaisy/build\libdaisy.a(stm32h7xx_hal_dac.o)
                              libDaisy/build\libdaisy.a(dac.o) (HAL_DAC_Init)
libDaisy/build\libdaisy.a(stm32h7xx_hal_dac_ex.o)
                              libDaisy/build\libdaisy.a(stm32h7xx_hal_dac.o) (HAL_DACEx_DMAUnderrunCallbackCh2)
libDaisy/build\libdaisy.a(stm32h7xx_hal_dma.o)
                              libDaisy/build\libdaisy.a(adc.o) (HAL_DMA_Init)
libDaisy/build\libdaisy.a(stm32h7xx_hal_gpio.o)
                              libDaisy/build\libdaisy.a(sdram.o) (HAL_GPIO_Init)
libDaisy/build\libdaisy.a(stm32h7xx_hal_hcd.o)
                              libDaisy/build\libdaisy.a(usbh_conf.o) (HAL_HCD_HC_Init)
libDaisy/build\libdaisy.a(stm32h7xx_hal_i2c.o)
                              libDaisy/build\libdaisy.a(i2c.o) (HAL_I2C_Init)
libDaisy/build\libdaisy.a(stm32h7xx_hal_i2c_ex.o)
                              libDaisy/build\libdaisy.a(i2c.o) (HAL_I2CEx_ConfigAnalogFilter)
libDaisy/build\libdaisy.a(stm32h7xx_hal_pcd.o)
                              libDaisy/build\libdaisy.a(usbd_conf.o) (HAL_PCD_Init)
libDaisy/build\libdaisy.a(stm32h7xx_hal_pcd_ex.o)
                              libDaisy/build\libdaisy.a(usbd_conf.o) (HAL_PCDEx_SetTxFiFo)
libDaisy/build\libdaisy.a(stm32h7xx_hal_pwr_ex.o)
                              libDaisy/build\libdaisy.a(system.o) (HAL_PWREx_ConfigSupply)
libDaisy/build\libdaisy.a(stm32h7xx_hal_qspi.o)
                              libDaisy/build\libdaisy.a(qspi.o) (HAL_QSPI_Init)
libDaisy/build\libdaisy.a(stm32h7xx_hal_rcc.o)
                              libDaisy/build\libdaisy.a(system.o) (HAL_RCC_OscConfig)
libDaisy/build\libdaisy.a(stm32h7xx_hal_rcc_ex.o)
                              libDaisy/build\libdaisy.a(system.o) (HAL_RCCEx_PeriphCLKConfig)
libDaisy/build\libdaisy.a(stm32h7xx_hal_sai.o)
[...]
Memory Configuration

Name             Origin             Length             Attributes
FLASH            0x08000000         0x00020000         xr
DTCMRAM          0x20000000         0x00020000         xrw
SRAM             0x24000000         0x00080000         xrw
RAM_D2           0x30000000         0x00048000         xrw
RAM_D3           0x38000000         0x00010000         xrw
ITCMRAM          0x00000000         0x00010000         xrw
SDRAM            0xc0000000         0x04000000         xrw
QSPIFLASH        0x90000000         0x00800000         xr
*default*        0x00000000         0xffffffff

Linker script and memory map

LOAD c:/users/pedro/desktop/dev/daisytools/windows/bin/../lib/gcc/arm-none-eabi/10.2.1/thumb/v7e-m+dp/hard/crti.o
LOAD c:/users/pedro/desktop/dev/daisytools/windows/bin/../lib/gcc/arm-none-eabi/10.2.1/thumb/v7e-m+dp/hard/crtbegin.o
LOAD c:/users/pedro/desktop/dev/daisytools/windows/bin/../lib/gcc/arm-none-eabi/10.2.1/../../../../arm-none-eabi/lib/thumb/v7e-m+dp/hard/crt0.o
LOAD build/startup_stm32h750xx.o
LOAD build/Reverb.o
LOAD libDaisy/build\libdaisy.a
LOAD c:/users/pedro/desktop/dev/daisytools/windows/bin/../lib/gcc/arm-none-eabi/10.2.1/../../../../arm-none-eabi/lib/thumb/v7e-m+dp/hard\libnosys.a
LOAD DaisySP/build\libdaisysp.a
LOAD c:/users/pedro/desktop/dev/daisytools/windows/bin/../lib/gcc/arm-none-eabi/10.2.1/../../../../arm-none-eabi/lib/thumb/v7e-m+dp/hard\libstdc++_nano.a
LOAD c:/users/pedro/desktop/dev/daisytools/windows/bin/../lib/gcc/arm-none-eabi/10.2.1/../../../../arm-none-eabi/lib/thumb/v7e-m+dp/hard\libm.a
LOAD c:/users/pedro/desktop/dev/daisytools/windows/bin/../lib/gcc/arm-none-eabi/10.2.1/../../../../arm-none-eabi/lib/thumb/v7e-m+dp/hard\libc_nano.a
START GROUP
LOAD c:/users/pedro/desktop/dev/daisytools/windows/bin/../lib/gcc/arm-none-eabi/10.2.1/thumb/v7e-m+dp/hard\libgcc.a
LOAD c:/users/pedro/desktop/dev/daisytools/windows/bin/../lib/gcc/arm-none-eabi/10.2.1/../../../../arm-none-eabi/lib/thumb/v7e-m+dp/hard\libc_nano.a
END GROUP
START GROUP
LOAD c:/users/pedro/desktop/dev/daisytools/windows/bin/../lib/gcc/arm-none-eabi/10.2.1/thumb/v7e-m+dp/hard\libgcc.a
LOAD c:/users/pedro/desktop/dev/daisytools/windows/bin/../lib/gcc/arm-none-eabi/10.2.1/../../../../arm-none-eabi/lib/thumb/v7e-m+dp/hard\libc_nano.a
LOAD c:/users/pedro/desktop/dev/daisytools/windows/bin/../lib/gcc/arm-none-eabi/10.2.1/../../../../arm-none-eabi/lib/thumb/v7e-m+dp/hard\libnosys.a
END GROUP
START GROUP
LOAD c:/users/pedro/desktop/dev/daisytools/windows/bin/../lib/gcc/arm-none-eabi/10.2.1/thumb/v7e-m+dp/hard\libgcc.a
LOAD c:/users/pedro/desktop/dev/daisytools/windows/bin/../lib/gcc/arm-none-eabi/10.2.1/../../../../arm-none-eabi/lib/thumb/v7e-m+dp/hard\libc_nano.a
LOAD c:/users/pedro/desktop/dev/daisytools/windows/bin/../lib/gcc/arm-none-eabi/10.2.1/../../../../arm-none-eabi/lib/thumb/v7e-m+dp/hard\libnosys.a
END GROUP
LOAD c:/users/pedro/desktop/dev/daisytools/windows/bin/../lib/gcc/arm-none-eabi/10.2.1/thumb/v7e-m+dp/hard/crtend.o
LOAD c:/users/pedro/desktop/dev/daisytools/windows/bin/../lib/gcc/arm-none-eabi/10.2.1/thumb/v7e-m+dp/hard/crtn.o
                0x20020000                _estack = 0x20020000

.isr_vector     0x08000000      0x298
                0x08000000                . = ALIGN (0x4)
 *(.isr_vector)
 .isr_vector    0x08000000      0x298 build/startup_stm32h750xx.o
                0x08000000                g_pfnVectors
                0x08000298                . = ALIGN (0x4)

.text           0x08000298    0x11614
                0x08000298                . = ALIGN (0x4)
                0x08000298                _stext = .
 *(.text)
 .text          0x08000298       0x40 c:/users/pedro/desktop/dev/daisytools/windows/bin/../lib/gcc/arm-none-eabi/10.2.1/thumb/v7e-m+dp/hard/crtbegin.o
 .text          0x080002d8       0x30 c:/users/pedro/desktop/dev/daisytools/windows/bin/../lib/gcc/arm-none-eabi/10.2.1/thumb/v7e-m+dp/hard\libgcc.a(_aeabi_uldivmod.o)
                0x080002d8                __aeabi_uldivmod
 .text          0x08000308      0x2d0 c:/users/pedro/desktop/dev/daisytools/windows/bin/../lib/gcc/arm-none-eabi/10.2.1/thumb/v7e-m+dp/hard\libgcc.a(_udivmoddi4.o)
                0x08000308                __udivmoddi4
 .text          0x080005d8        0x4 c:/users/pedro/desktop/dev/daisytools/windows/bin/../lib/gcc/arm-none-eabi/10.2.1/thumb/v7e-m+dp/hard\libgcc.a(_dvmd_tls.o)
                0x080005d8                __aeabi_idiv0
                0x080005d8                __aeabi_ldiv0
 *(.text*)
 .text.Default_Handler
                0x080005dc        0x4 build/startup_stm32h750xx.o
                0x080005dc                RTC_Alarm_IRQHandler
                0x080005dc                HASH_RNG_IRQHandler
                0x080005dc                EXTI2_IRQHandler
                0x080005dc                TIM8_CC_IRQHandler
                0x080005dc                HRTIM1_Master_IRQHandler
                0x080005dc                DebugMon_Handler
                0x080005dc                TIM1_CC_IRQHandler
                0x080005dc                BDMA_Channel6_IRQHandler
                0x080005dc                DMA2_Stream5_IRQHandler
                0x080005dc                HRTIM1_FLT_IRQHandler
                0x080005dc                JPEG_IRQHandler
                0x080005dc                BDMA_Channel1_IRQHandler
                0x080005dc                HRTIM1_TIMD_IRQHandler
                0x080005dc                TAMP_STAMP_IRQHandler
                0x080005dc                PendSV_Handler
                0x080005dc                NMI_Handler
                0x080005dc                EXTI3_IRQHandler
                0x080005dc                LPTIM4_IRQHandler
                0x080005dc                TIM8_TRG_COM_TIM14_IRQHandler
                0x080005dc                LPTIM2_IRQHandler
                0x080005dc                DFSDM1_FLT1_IRQHandler
                0x080005dc                DMAMUX2_OVR_IRQHandler
                0x080005dc                TIM8_UP_TIM13_IRQHandler
                0x080005dc                I2C3_ER_IRQHandler
                0x080005dc                DFSDM1_FLT2_IRQHandler
                0x080005dc                MDMA_IRQHandler
                0x080005dc                LPTIM3_IRQHandler
                0x080005dc                HSEM1_IRQHandler
                0x080005dc                EXTI0_IRQHandler
                0x080005dc                FPU_IRQHandler
                0x080005dc                OTG_HS_WKUP_IRQHandler
                0x080005dc                FDCAN1_IT1_IRQHandler
                0x080005dc                UsageFault_Handler
                0x080005dc                LTDC_ER_IRQHandler
                0x080005dc                HRTIM1_TIME_IRQHandler
                0x080005dc                DCMI_IRQHandler
                0x080005dc                HRTIM1_TIMC_IRQHandler
                0x080005dc                SAI2_IRQHandler
                0x080005dc                DFSDM1_FLT3_IRQHandler
                0x080005dc                TIM17_IRQHandler
                0x080005dc                CRYP_IRQHandler
                0x080005dc                BDMA_Channel7_IRQHandler
                0x080005dc                LPTIM5_IRQHandler
                0x080005dc                ADC3_IRQHandler
                0x080005dc                BDMA_Channel2_IRQHandler
                0x080005dc                DMAMUX1_OVR_IRQHandler
                0x080005dc                TIM16_IRQHandler
                0x080005dc                BDMA_Channel5_IRQHandler
                0x080005dc                RCC_IRQHandler
                0x080005dc                TIM8_BRK_TIM12_IRQHandler
                0x080005dc                TIM1_TRG_COM_IRQHandler
                0x080005dc                Default_Handler
                0x080005dc                ECC_IRQHandler
                0x080005dc                CEC_IRQHandler
                0x080005dc                EXTI15_10_IRQHandler
                0x080005dc                BDMA_Channel0_IRQHandler
                0x080005dc                ADC_IRQHandler
                0x080005dc                DMA1_Stream7_IRQHandler
                0x080005dc                HRTIM1_TIMA_IRQHandler
                0x080005dc                TIM7_IRQHandler
                0x080005dc                SDMMC1_IRQHandler
                0x080005dc                DMA2_Stream7_IRQHandler
                0x080005dc                TIM15_IRQHandler
                0x080005dc                PVD_AVD_IRQHandler
                0x080005dc                EXTI9_5_IRQHandler
                0x080005dc                RTC_WKUP_IRQHandler
                0x080005dc                LTDC_IRQHandler
                0x080005dc                SAI3_IRQHandler
                0x080005dc                ETH_WKUP_IRQHandler
                0x080005dc                SPDIF_RX_IRQHandler
                0x080005dc                MemManage_Handler
                0x080005dc                SVC_Handler
                0x080005dc                CRS_IRQHandler
                0x080005dc                EXTI4_IRQHandler
                0x080005dc                HRTIM1_TIMB_IRQHandler
                0x080005dc                FDCAN2_IT1_IRQHandler
                0x080005dc                ETH_IRQHandler
                0x080005dc                TIM1_UP_IRQHandler
                0x080005dc                BDMA_Channel4_IRQHandler
                0x080005dc                WWDG_IRQHandler
                0x080005dc                SPI6_IRQHandler
                0x080005dc                I2C4_EV_IRQHandler
                0x080005dc                MDIOS_IRQHandler
                0x080005dc                FDCAN2_IT0_IRQHandler
                0x080005dc                FDCAN1_IT0_IRQHandler
                0x080005dc                OTG_FS_WKUP_IRQHandler
                0x080005dc                DMA2D_IRQHandler
                0x080005dc                TIM1_BRK_IRQHandler
                0x080005dc                EXTI1_IRQHandler
                0x080005dc                SDMMC2_IRQHandler
                0x080005dc                OTG_FS_EP1_OUT_IRQHandler
                0x080005dc                BDMA_Channel3_IRQHandler
                0x080005dc                MDIOS_WKUP_IRQHandler
                0x080005dc                DFSDM1_FLT0_IRQHandler
                0x080005dc                SAI4_IRQHandler
                0x080005dc                I2C2_ER_IRQHandler
                0x080005dc                FLASH_IRQHandler
                0x080005dc                BusFault_Handler
                0x080005dc                OTG_FS_IRQHandler
                0x080005dc                WAKEUP_PIN_IRQHandler
                0x080005dc                OTG_FS_EP1_IN_IRQHandler
                0x080005dc                I2C1_ER_IRQHandler
                0x080005dc                FMC_IRQHandler
                0x080005dc                FDCAN_CAL_IRQHandler
                0x080005dc                SWPMI1_IRQHandler
                0x080005dc                COMP1_IRQHandler
                0x080005dc                LPTIM1_IRQHandler
                0x080005dc                I2C4_ER_IRQHandler
                0x080005dc                DMA2_Stream6_IRQHandler
                0x080005dc                SAI1_IRQHandler
 .text.Reset_Handler
                0x080005e0       0x44 build/startup_stm32h750xx.o
                0x080005e0                Reset_Handler
 .text._ZN5daisy8patch_sm12DaisyPatchSMD2Ev
                0x08000624        0x4 build/Reverb.o
                0x08000624                daisy::patch_sm::DaisyPatchSM::~DaisyPatchSM()
                0x08000624                daisy::patch_sm::DaisyPatchSM::~DaisyPatchSM()
 .text._ZN5rings6ReverbD2Ev
                0x08000628        0x4 build/Reverb.o
                0x08000628                rings::Reverb::~Reverb()
                0x08000628                rings::Reverb::~Reverb()
 .text._ZN5rings6Reverb7ProcessEPfS1_j
                0x0800062c      0x400 build/Reverb.o
                0x0800062c                rings::Reverb::Process(float*, float*, unsigned int)
 .text._Z13AudioCallbackPKPKfPPfj
                0x08000a2c      0x10c build/Reverb.o
                0x08000a2c                AudioCallback(float const* const*, float**, unsigned int)
 .text.startup.main
                0x08000b38       0x74 build/Reverb.o
                0x08000b38                main
 .text.startup._GLOBAL__sub_I_clouds_reverb
                0x08000bac       0x38 build/Reverb.o
 .text._ZN5daisy8patch_sm12DaisyPatchSM4Impl19InternalDacCallbackEPPtj
                0x08000be4       0xa8 libDaisy/build\libdaisy.a(daisy_patch_sm.o)
                0x08000be4                daisy::patch_sm::DaisyPatchSM::Impl::InternalDacCallback(unsigned short**, unsigned int)
 .text._ZN5daisy8patch_sm12DaisyPatchSM4InitEv
                0x08000c8c      0x27c libDaisy/build\libdaisy.a(daisy_patch_sm.o)
                0x08000c8c                daisy::patch_sm::DaisyPatchSM::Init()
 .text._ZN5daisy8patch_sm12DaisyPatchSM10StartAudioEPFvPKPKfPPfjE
                0x08000f08        0x8 libDaisy/build\libdaisy.a(daisy_patch_sm.o)
                0x08000f08                daisy::patch_sm::DaisyPatchSM::StartAudio(void (*)(float const* const*, float**, unsigned int))
 .text._ZN5daisy8patch_sm12DaisyPatchSM21ProcessAnalogControlsEv
                0x08000f10       0x18 libDaisy/build\libdaisy.a(daisy_patch_sm.o)
                0x08000f10                daisy::patch_sm::DaisyPatchSM::ProcessAnalogControls()
 .text._ZN5daisy8patch_sm12DaisyPatchSM11GetAdcValueEi
                0x08000f28        0xc libDaisy/build\libdaisy.a(daisy_patch_sm.o)
                0x08000f28                daisy::patch_sm::DaisyPatchSM::GetAdcValue(int)
 .text.startup._GLOBAL__sub_I__ZN5daisy8patch_sm12DaisyPatchSM2A1E
                0x08000f34       0x28 libDaisy/build\libdaisy.a(daisy_patch_sm.o)
 .text._ZN5daisy7Pcm30604InitENS_9I2CHandleE
                0x08000f5c      0x16c libDaisy/build\libdaisy.a(codec_pcm3060.o)
                0x08000f5c                daisy::Pcm3060::Init(daisy::I2CHandle)
 .text._ZN11SdramHandle10DeviceInitEv
                0x080010c8       0x98 libDaisy/build\libdaisy.a(sdram.o)
                0x080010c8                SdramHandle::DeviceInit()
 .text._ZN11SdramHandle4InitEv
                0x08001160       0x7c libDaisy/build\libdaisy.a(sdram.o)
                0x08001160                SdramHandle::Init()
 .text.HAL_SDRAM_MspInit
                0x080011dc      0x1a8 libDaisy/build\libdaisy.a(sdram.o)
                0x080011dc                HAL_SDRAM_MspInit
 .text._ZN5daisy11AudioHandle4Impl16InternalCallbackEPlS2_j
                0x08001384      0xbbc libDaisy/build\libdaisy.a(audio.o)
                0x08001384                daisy::AudioHandle::Impl::InternalCallback(long*, long*, unsigned int)
 .text._ZN5daisy11AudioHandle4InitERKNS0_6ConfigENS_9SaiHandleE
                0x08001f40       0x70 libDaisy/build\libdaisy.a(audio.o)
                0x08001f40                daisy::AudioHandle::Init(daisy::AudioHandle::Config const&, daisy::SaiHandle)
 .text._ZNK5daisy11AudioHandle9GetConfigEv
                0x08001fb0        0x8 libDaisy/build\libdaisy.a(audio.o)
                0x08001fb0                daisy::AudioHandle::GetConfig() const
 .text._ZN5daisy11AudioHandle13GetSampleRateEv
                0x08001fb8        0x8 libDaisy/build\libdaisy.a(audio.o)
                0x08001fb8                daisy::AudioHandle::GetSampleRate()
 .text._ZN5daisy11AudioHandle5StartEPFvPKPKfPPfjE
                0x08001fc0       0x44 libDaisy/build\libdaisy.a(audio.o)
                0x08001fc0                daisy::AudioHandle::Start(void (*)(float const* const*, float**, unsigned int))
 .text.startup._GLOBAL__sub_I__ZN5daisy11AudioHandle4Impl4InitENS0_6ConfigENS_9SaiHandleE
                0x08002004       0x24 libDaisy/build\libdaisy.a(audio.o)
 .text._ZN5daisy13AnalogControl4InitEPtfbbf
                0x08002028       0x64 libDaisy/build\libdaisy.a(ctrl.o)
                0x08002028                daisy::AnalogControl::Init(unsigned short*, float, bool, bool, float)
 .text._ZN5daisy13AnalogControl13InitBipolarCvEPtf
                0x0800208c       0x6c libDaisy/build\libdaisy.a(ctrl.o)
                0x0800208c                daisy::AnalogControl::InitBipolarCv(unsigned short*, float)
 .text._ZN5daisy13AnalogControl7ProcessEv
                0x080020f8       0x48 libDaisy/build\libdaisy.a(ctrl.o)
                0x080020f8                daisy::AnalogControl::Process()
 .text._ZN5daisy6GateIn4InitEP12dsy_gpio_pinb
                0x08002140       0x14 libDaisy/build\libdaisy.a(gatein.o)
                0x08002140                daisy::GateIn::Init(dsy_gpio_pin*, bool)
 .text._ZN5daisy16AdcChannelConfig10InitSingleE12dsy_gpio_pin
                0x08002154       0x1c libDaisy/build\libdaisy.a(adc.o)
                0x08002154                daisy::AdcChannelConfig::InitSingle(dsy_gpio_pin)
 .text._ZN5daisy9AdcHandle4InitEPNS_16AdcChannelConfigEjNS0_12OverSamplingE
                0x08002170      0x3c8 libDaisy/build\libdaisy.a(adc.o)
                0x08002170                daisy::AdcHandle::Init(daisy::AdcChannelConfig*, unsigned int, daisy::AdcHandle::OverSampling)
 .text._ZN5daisy9AdcHandle5StartEv
                0x08002538       0x2c libDaisy/build\libdaisy.a(adc.o)
                0x08002538                daisy::AdcHandle::Start()
 .text._ZNK5daisy9AdcHandle6GetPtrEh
                0x08002564       0x14 libDaisy/build\libdaisy.a(adc.o)
                0x08002564                daisy::AdcHandle::GetPtr(unsigned char) const
 .text.HAL_ADC_MspInit
                0x08002578       0x98 libDaisy/build\libdaisy.a(adc.o)
                0x08002578                HAL_ADC_MspInit
 .text.DMA1_Stream2_IRQHandler
                0x08002610        0xc libDaisy/build\libdaisy.a(adc.o)
                0x08002610                DMA1_Stream2_IRQHandler
 .text.HAL_ADC_ConvCpltCallback
                0x0800261c      0x148 libDaisy/build\libdaisy.a(adc.o)
                0x0800261c                HAL_ADC_ConvCpltCallback
 .text.HAL_ADC_ErrorCallback
                0x08002764        0x4 libDaisy/build\libdaisy.a(adc.o)
                0x08002764                HAL_ADC_ErrorCallback
 .text.HAL_DAC_MspInit
                0x08002768      0x15c libDaisy/build\libdaisy.a(dac.o)
                0x08002768                HAL_DAC_MspInit
 .text.DMA2_Stream0_IRQHandler
                0x080028c4        0xc libDaisy/build\libdaisy.a(dac.o)
                0x080028c4                DMA2_Stream0_IRQHandler
 .text.DMA2_Stream1_IRQHandler
                0x080028d0        0xc libDaisy/build\libdaisy.a(dac.o)
                0x080028d0                DMA2_Stream1_IRQHandler
 .text.TIM6_DAC_IRQHandler
                0x080028dc       0x1c libDaisy/build\libdaisy.a(dac.o)
                0x080028dc                TIM6_DAC_IRQHandler
 .text.HAL_DAC_ConvCpltCallbackCh1
                0x080028f8       0x60 libDaisy/build\libdaisy.a(dac.o)
                0x080028f8                HAL_DAC_ConvCpltCallbackCh1
 .text.HAL_DAC_ConvHalfCpltCallbackCh1
                0x08002958       0x54 libDaisy/build\libdaisy.a(dac.o)
                0x08002958                HAL_DAC_ConvHalfCpltCallbackCh1
 .text.HAL_DACEx_ConvHalfCpltCallbackCh2
                0x080029ac       0x2c libDaisy/build\libdaisy.a(dac.o)
                0x080029ac                HAL_DACEx_ConvHalfCpltCallbackCh2
 .text.HAL_DACEx_ConvCpltCallbackCh2
                0x080029d8       0x34 libDaisy/build\libdaisy.a(dac.o)
                0x080029d8                HAL_DACEx_ConvCpltCallbackCh2
 .text._ZN5daisy9DacHandle4InitERKNS0_6ConfigE
                0x08002a0c       0xfc libDaisy/build\libdaisy.a(dac.o)
                0x08002a0c                daisy::DacHandle::Init(daisy::DacHandle::Config const&)
 .text._ZN5daisy9DacHandle5StartEPtS1_jPFvPS1_jE
                0x08002b08       0x6c libDaisy/build\libdaisy.a(dac.o)
                0x08002b08                daisy::DacHandle::Start(unsigned short*, unsigned short*, unsigned int, void (*)(unsigned short**, unsigned int))
 .text._ZN5daisy9DacHandle4StopEv
                0x08002b74       0x40 libDaisy/build\libdaisy.a(dac.o)
                0x08002b74                daisy::DacHandle::Stop()
 .text.dsy_gpio_init
                0x08002bb4      0x1b8 libDaisy/build\libdaisy.a(gpio.o)
                0x08002bb4                dsy_gpio_init
 .text.dsy_gpio_write
                0x08002d6c       0x24 libDaisy/build\libdaisy.a(gpio.o)
                0x08002d6c                dsy_gpio_write
 .text._ZN5daisy9I2CHandle4Impl8InitPinsEv
                0x08002d90       0x58 libDaisy/build\libdaisy.a(i2c.o)
                0x08002d90                daisy::I2CHandle::Impl::InitPins()
 .text.HAL_I2C_MspInit
                0x08002de8      0x1b4 libDaisy/build\libdaisy.a(i2c.o)
                0x08002de8                HAL_I2C_MspInit
 .text.dsy_i2c_global_init
                0x08002f9c       0x78 libDaisy/build\libdaisy.a(i2c.o)
                0x08002f9c                dsy_i2c_global_init
 .text.DMA1_Stream6_IRQHandler
                0x08003014       0x34 libDaisy/build\libdaisy.a(i2c.o)
                0x08003014                DMA1_Stream6_IRQHandler
 .text.I2C1_EV_IRQHandler
                0x08003048        0xc libDaisy/build\libdaisy.a(i2c.o)
                0x08003048                I2C1_EV_IRQHandler
 .text.I2C2_EV_IRQHandler
                0x08003054        0xc libDaisy/build\libdaisy.a(i2c.o)
                0x08003054                I2C2_EV_IRQHandler
 .text.I2C3_EV_IRQHandler
                0x08003060        0xc libDaisy/build\libdaisy.a(i2c.o)
                0x08003060                I2C3_EV_IRQHandler
 .text._ZN5daisy9I2CHandle4InitERKNS0_6ConfigE
                0x0800306c      0x12c libDaisy/build\libdaisy.a(i2c.o)
                0x0800306c                daisy::I2CHandle::Init(daisy::I2CHandle::Config const&)
 .text._ZN5daisy9I2CHandle17ReadDataAtAddressEtttPhtm
                0x08003198       0x4c libDaisy/build\libdaisy.a(i2c.o)
                0x08003198                daisy::I2CHandle::ReadDataAtAddress(unsigned short, unsigned short, unsigned short, unsigned char*, unsigned short, unsigned long)
 .text._ZN5daisy9I2CHandle18WriteDataAtAddressEtttPhtm
                0x080031e4       0x4c libDaisy/build\libdaisy.a(i2c.o)
                0x080031e4                daisy::I2CHandle::WriteDataAtAddress(unsigned short, unsigned short, unsigned short, unsigned char*, unsigned short, unsigned long)
 .text.startup._GLOBAL__sub_I__ZN5daisy9I2CHandle4Impl10GlobalInitEv
                0x08003230       0x18 libDaisy/build\libdaisy.a(i2c.o)
 .text._ZN5daisy10QSPIHandle4Impl11WriteEnableEv
                0x08003248       0x8c libDaisy/build\libdaisy.a(qspi.o)
                0x08003248                daisy::QSPIHandle::Impl::WriteEnable()
 *fill*         0x080032d4        0x4 
 .text._ZN5daisy10QSPIHandle4Impl17DummyCyclesConfigENS0_6Config6DeviceE
                0x080032d8      0x118 libDaisy/build\libdaisy.a(qspi.o)
                0x080032d8                daisy::QSPIHandle::Impl::DummyCyclesConfig(daisy::QSPIHandle::Config::Device)
 .text._ZN5daisy10QSPIHandle4Impl10QuadEnableEv
                0x080033f0      0x158 libDaisy/build\libdaisy.a(qspi.o)
                0x080033f0                daisy::QSPIHandle::Impl::QuadEnable()
 .text._ZN5daisy10QSPIHandle4InitERKNS0_6ConfigE
                0x08003548      0x198 libDaisy/build\libdaisy.a(qspi.o)
                0x08003548                daisy::QSPIHandle::Init(daisy::QSPIHandle::Config const&)
 .text.HAL_QSPI_MspInit
                0x080036e0      0x11c libDaisy/build\libdaisy.a(qspi.o)
                0x080036e0                HAL_QSPI_MspInit
 .text.HAL_QSPI_MspDeInit
                0x080037fc       0x54 libDaisy/build\libdaisy.a(qspi.o)
                0x080037fc                HAL_QSPI_MspDeInit
 .text.QUADSPI_IRQHandler
                0x08003850        0xc libDaisy/build\libdaisy.a(qspi.o)
                0x08003850                QUADSPI_IRQHandler
 .text.startup._GLOBAL__sub_I__ZN5daisy10QSPIHandle4Impl4InitERKNS0_6ConfigE
                0x0800385c       0x28 libDaisy/build\libdaisy.a(qspi.o)
 .text._ZN5daisy9SaiHandle4Impl7InitDmaENS1_15PeripheralBlockE
                0x08003884       0xa0 libDaisy/build\libdaisy.a(sai.o)
                0x08003884                daisy::SaiHandle::Impl::InitDma(daisy::SaiHandle::Impl::PeripheralBlock)
 .text._ZN5daisy9SaiHandle4Impl8InitPinsEv
                0x08003924       0xa8 libDaisy/build\libdaisy.a(sai.o)
                0x08003924                daisy::SaiHandle::Impl::InitPins()
 .text.HAL_SAI_MspInit
                0x080039cc      0x164 libDaisy/build\libdaisy.a(sai.o)
                0x080039cc                HAL_SAI_MspInit
 .text.DMA1_Stream0_IRQHandler
                0x08003b30        0xc libDaisy/build\libdaisy.a(sai.o)
                0x08003b30                DMA1_Stream0_IRQHandler
 .text.DMA1_Stream1_IRQHandler
                0x08003b3c        0xc libDaisy/build\libdaisy.a(sai.o)
                0x08003b3c                DMA1_Stream1_IRQHandler
 .text.DMA1_Stream3_IRQHandler
                0x08003b48        0xc libDaisy/build\libdaisy.a(sai.o)
                0x08003b48                DMA1_Stream3_IRQHandler
 .text.DMA1_Stream4_IRQHandler
                0x08003b54        0xc libDaisy/build\libdaisy.a(sai.o)
                0x08003b54                DMA1_Stream4_IRQHandler
 .text.HAL_SAI_RxHalfCpltCallback
                0x08003b60       0x78 libDaisy/build\libdaisy.a(sai.o)
                0x08003b60                HAL_SAI_RxHalfCpltCallback
 .text.HAL_SAI_RxCpltCallback
                0x08003bd8       0x70 libDaisy/build\libdaisy.a(sai.o)
                0x08003bd8                HAL_SAI_RxCpltCallback
 .text._ZN5daisy9SaiHandle4InitERKNS0_6ConfigE
                0x08003c48      0x1f0 libDaisy/build\libdaisy.a(sai.o)
                0x08003c48                daisy::SaiHandle::Init(daisy::SaiHandle::Config const&)
 .text._ZNK5daisy9SaiHandle9GetConfigEv
                0x08003e38        0x4 libDaisy/build\libdaisy.a(sai.o)
                0x08003e38                daisy::SaiHandle::GetConfig() const
 .text._ZN5daisy9SaiHandle8StartDmaEPlS1_jPFvS1_S1_jE
                0x08003e3c       0xbc libDaisy/build\libdaisy.a(sai.o)
                0x08003e3c                daisy::SaiHandle::StartDma(long*, long*, unsigned int, void (*)(long*, long*, unsigned int))
 .text._ZN5daisy9SaiHandle13GetSampleRateEv
                0x08003ef8       0x24 libDaisy/build\libdaisy.a(sai.o)
                0x08003ef8                daisy::SaiHandle::GetSampleRate()
 .text._ZNK5daisy9SaiHandle9GetOffsetEv
                0x08003f1c        0x8 libDaisy/build\libdaisy.a(sai.o)
                0x08003f1c                daisy::SaiHandle::GetOffset() const
 .text._ZN5daisy11TimerHandleD2Ev
                0x08003f24        0x4 libDaisy/build\libdaisy.a(system.o)
                0x08003f24                daisy::TimerHandle::~TimerHandle()
                0x08003f24                daisy::TimerHandle::~TimerHandle()
 .text.SysTick_Handler
                0x08003f28       0x10 libDaisy/build\libdaisy.a(system.o)
                0x08003f28                SysTick_Handler
 .text.OTG_HS_EP1_OUT_IRQHandler
                0x08003f38       0x24 libDaisy/build\libdaisy.a(system.o)
                0x08003f38                OTG_HS_EP1_OUT_IRQHandler
 .text.OTG_HS_EP1_IN_IRQHandler
                0x08003f5c       0x24 libDaisy/build\libdaisy.a(system.o)
                0x08003f5c                OTG_HS_EP1_IN_IRQHandler
 .text.OTG_HS_IRQHandler
                0x08003f80       0x24 libDaisy/build\libdaisy.a(system.o)
                0x08003f80                OTG_HS_IRQHandler
 .text.HardFault_Handler
                0x08003fa4       0xe0 libDaisy/build\libdaisy.a(system.o)
                0x08003fa4                HardFault_Handler
 .text._ZN5daisy6System5DelayEm
                0x08004084        0x4 libDaisy/build\libdaisy.a(system.o)
                0x08004084                daisy::System::Delay(unsigned long)
 .text._ZN5daisy6System15ConfigureClocksEv
                0x08004088      0x194 libDaisy/build\libdaisy.a(system.o)
                0x08004088                daisy::System::ConfigureClocks()
 .text._ZN5daisy6System4InitERKNS0_6ConfigE
                0x0800421c      0x140 libDaisy/build\libdaisy.a(system.o)
                0x0800421c                daisy::System::Init(daisy::System::Config const&)
 .text._ZN5daisy6System12GetPClk1FreqEv
                0x0800435c        0x4 libDaisy/build\libdaisy.a(system.o)
                0x0800435c                daisy::System::GetPClk1Freq()
 .text._ZN5daisy6System12GetPClk2FreqEv
                0x08004360        0x4 libDaisy/build\libdaisy.a(system.o)
                0x08004360                daisy::System::GetPClk2Freq()
 .text._ZN5daisy6System22GetProgramMemoryRegionEv
                0x08004364       0x78 libDaisy/build\libdaisy.a(system.o)
                0x08004364                daisy::System::GetProgramMemoryRegion()
 .text.startup._GLOBAL__sub_I_SysTick_Handler
                0x080043dc       0x1c libDaisy/build\libdaisy.a(system.o)
 .text.SystemInit
                0x080043f8       0x9c libDaisy/build\libdaisy.a(system_stm32h7xx.o)
                0x080043f8                SystemInit
 .text.HAL_PCD_SetupStageCallback
                0x08004494        0xc libDaisy/build\libdaisy.a(usbd_conf.o)
                0x08004494                HAL_PCD_SetupStageCallback
 .text.HAL_PCD_DataOutStageCallback
                0x080044a0       0x14 libDaisy/build\libdaisy.a(usbd_conf.o)
                0x080044a0                HAL_PCD_DataOutStageCallback
 .text.HAL_PCD_DataInStageCallback
                0x080044b4       0x14 libDaisy/build\libdaisy.a(usbd_conf.o)
                0x080044b4                HAL_PCD_DataInStageCallback
 .text.HAL_PCD_SOFCallback
                0x080044c8        0x8 libDaisy/build\libdaisy.a(usbd_conf.o)
                0x080044c8                HAL_PCD_SOFCallback
 .text.HAL_PCD_ResetCallback
                0x080044d0       0x24 libDaisy/build\libdaisy.a(usbd_conf.o)
                0x080044d0                HAL_PCD_ResetCallback
 .text.HAL_PCD_SuspendCallback
                0x080044f4       0x30 libDaisy/build\libdaisy.a(usbd_conf.o)
                0x080044f4                HAL_PCD_SuspendCallback
 .text.HAL_PCD_ResumeCallback
                0x08004524        0x8 libDaisy/build\libdaisy.a(usbd_conf.o)
                0x08004524                HAL_PCD_ResumeCallback
 .text.HAL_PCD_ISOOUTIncompleteCallback
                0x0800452c        0x8 libDaisy/build\libdaisy.a(usbd_conf.o)
                0x0800452c                HAL_PCD_ISOOUTIncompleteCallback
 .text.HAL_PCD_ISOINIncompleteCallback
                0x08004534        0x8 libDaisy/build\libdaisy.a(usbd_conf.o)
                0x08004534                HAL_PCD_ISOINIncompleteCallback
 .text.HAL_PCD_ConnectCallback
                0x0800453c        0x8 libDaisy/build\libdaisy.a(usbd_conf.o)
                0x0800453c                HAL_PCD_ConnectCallback
 .text.HAL_PCD_DisconnectCallback
                0x08004544        0x8 libDaisy/build\libdaisy.a(usbd_conf.o)
                0x08004544                HAL_PCD_DisconnectCallback
 .text.USBD_LL_OpenEP
                0x0800454c       0x24 libDaisy/build\libdaisy.a(usbd_conf.o)
                0x0800454c                USBD_LL_OpenEP
 .text.USBD_LL_StallEP
                0x08004570       0x1c libDaisy/build\libdaisy.a(usbd_conf.o)
                0x08004570                USBD_LL_StallEP
 .text.USBD_LL_ClearStallEP
                0x0800458c       0x1c libDaisy/build\libdaisy.a(usbd_conf.o)
                0x0800458c                USBD_LL_ClearStallEP
 .text.USBD_LL_IsStallEP
                0x080045a8       0x28 libDaisy/build\libdaisy.a(usbd_conf.o)
                0x080045a8                USBD_LL_IsStallEP
 .text.USBD_LL_SetUSBAddress
                0x080045d0       0x1c libDaisy/build\libdaisy.a(usbd_conf.o)
                0x080045d0                USBD_LL_SetUSBAddress
 .text.USBD_LL_Transmit
                0x080045ec       0x1c libDaisy/build\libdaisy.a(usbd_conf.o)
                0x080045ec                USBD_LL_Transmit
 .text.USBD_LL_PrepareReceive
                0x08004608       0x1c libDaisy/build\libdaisy.a(usbd_conf.o)
                0x08004608                USBD_LL_PrepareReceive
 .text.HAL_HCD_SOF_Callback
                0x08004624        0x8 libDaisy/build\libdaisy.a(usbh_conf.o)
                0x08004624                HAL_HCD_SOF_Callback
 .text.HAL_HCD_Connect_Callback
                0x0800462c        0x8 libDaisy/build\libdaisy.a(usbh_conf.o)
                0x0800462c                HAL_HCD_Connect_Callback
 .text.HAL_HCD_Disconnect_Callback
                0x08004634        0x8 libDaisy/build\libdaisy.a(usbh_conf.o)
                0x08004634                HAL_HCD_Disconnect_Callback
 .text.HAL_HCD_HC_NotifyURBChange_Callback
                0x0800463c        0x4 libDaisy/build\libdaisy.a(usbh_conf.o)
                0x0800463c                HAL_HCD_HC_NotifyURBChange_Callback
 .text.HAL_HCD_PortEnabled_Callback
                0x08004640        0x8 libDaisy/build\libdaisy.a(usbh_conf.o)
                0x08004640                HAL_HCD_PortEnabled_Callback
 .text.HAL_HCD_PortDisabled_Callback
                0x08004648        0x8 libDaisy/build\libdaisy.a(usbh_conf.o)
                0x08004648                HAL_HCD_PortDisabled_Callback
 .text.USBH_LL_Stop
                0x08004650       0x1c libDaisy/build\libdaisy.a(usbh_conf.o)
                0x08004650                USBH_LL_Stop
 .text.dsy_hal_map_get_port
                0x0800466c       0x10 libDaisy/build\libdaisy.a(hal_map.o)
                0x0800466c                dsy_hal_map_get_port
 .text.dsy_hal_map_get_pin
                0x0800467c       0x10 libDaisy/build\libdaisy.a(hal_map.o)
                0x0800467c                dsy_hal_map_get_pin
 .text.dsy_hal_map_gpio_clk_enable
                0x0800468c      0x150 libDaisy/build\libdaisy.a(hal_map.o)
                0x0800468c                dsy_hal_map_gpio_clk_enable
 .text.HAL_MspInit
                0x080047dc        0x4 libDaisy/build\libdaisy.a(stm32h7xx_hal.o)
                0x080047dc                HAL_MspInit
 .text.HAL_InitTick
                0x080047e0       0x4c libDaisy/build\libdaisy.a(stm32h7xx_hal.o)
                0x080047e0                HAL_InitTick
 .text.HAL_Init
                0x0800482c       0x60 libDaisy/build\libdaisy.a(stm32h7xx_hal.o)
                0x0800482c                HAL_Init
 .text.HAL_IncTick
                0x0800488c       0x18 libDaisy/build\libdaisy.a(stm32h7xx_hal.o)
                0x0800488c                HAL_IncTick
 .text.HAL_GetTick
                0x080048a4        0xc libDaisy/build\libdaisy.a(stm32h7xx_hal.o)
                0x080048a4                HAL_GetTick
 .text.HAL_Delay
                0x080048b0       0x24 libDaisy/build\libdaisy.a(stm32h7xx_hal.o)
                0x080048b0                HAL_Delay
 .text.HAL_GetREVID
                0x080048d4        0xc libDaisy/build\libdaisy.a(stm32h7xx_hal.o)
                0x080048d4                HAL_GetREVID
 .text.HAL_ADC_ConvHalfCpltCallback
                0x080048e0        0x4 libDaisy/build\libdaisy.a(stm32h7xx_hal_adc.o)
                0x080048e0                HAL_ADC_ConvHalfCpltCallback
 .text.ADC_DMAHalfConvCplt
                0x080048e4        0xc libDaisy/build\libdaisy.a(stm32h7xx_hal_adc.o)
                0x080048e4                ADC_DMAHalfConvCplt
 .text.ADC_DMAConvCplt
                0x080048f0       0x6c libDaisy/build\libdaisy.a(stm32h7xx_hal_adc.o)
                0x080048f0                ADC_DMAConvCplt
 .text.ADC_DMAError
                0x0800495c       0x1c libDaisy/build\libdaisy.a(stm32h7xx_hal_adc.o)
                0x0800495c                ADC_DMAError
 .text.HAL_ADC_ConfigChannel
                0x08004978      0x3fc libDaisy/build\libdaisy.a(stm32h7xx_hal_adc.o)
                0x08004978                HAL_ADC_ConfigChannel
 .text.ADC_Enable
                0x08004d74       0xac libDaisy/build\libdaisy.a(stm32h7xx_hal_adc.o)
                0x08004d74                ADC_Enable
 .text.HAL_ADC_Start_DMA
                0x08004e20      0x114 libDaisy/build\libdaisy.a(stm32h7xx_hal_adc.o)
                0x08004e20                HAL_ADC_Start_DMA
 .text.ADC_Disable
                0x08004f34       0x68 libDaisy/build\libdaisy.a(stm32h7xx_hal_adc.o)
                0x08004f34                ADC_Disable
 .text.ADC_ConfigureBoostMode
                0x08004f9c      0x184 libDaisy/build\libdaisy.a(stm32h7xx_hal_adc.o)
                0x08004f9c                ADC_ConfigureBoostMode
 .text.HAL_ADC_Init
                0x08005120      0x218 libDaisy/build\libdaisy.a(stm32h7xx_hal_adc.o)
                0x08005120                HAL_ADC_Init
 .text.HAL_ADCEx_Calibration_Start
                0x08005338       0xa4 libDaisy/build\libdaisy.a(stm32h7xx_hal_adc_ex.o)
                0x08005338                HAL_ADCEx_Calibration_Start
 .text.HAL_ADCEx_MultiModeConfigChannel
                0x080053dc       0xc4 libDaisy/build\libdaisy.a(stm32h7xx_hal_adc_ex.o)
                0x080053dc                HAL_ADCEx_MultiModeConfigChannel
 .text.HAL_NVIC_SetPriorityGrouping
                0x080054a0       0x24 libDaisy/build\libdaisy.a(stm32h7xx_hal_cortex.o)
                0x080054a0                HAL_NVIC_SetPriorityGrouping
 .text.HAL_NVIC_SetPriority
                0x080054c4       0x7c libDaisy/build\libdaisy.a(stm32h7xx_hal_cortex.o)
                0x080054c4                HAL_NVIC_SetPriority
 .text.HAL_NVIC_EnableIRQ
                0x08005540       0x1c libDaisy/build\libdaisy.a(stm32h7xx_hal_cortex.o)
                0x08005540                HAL_NVIC_EnableIRQ
 .text.HAL_NVIC_DisableIRQ
                0x0800555c       0x28 libDaisy/build\libdaisy.a(stm32h7xx_hal_cortex.o)
                0x0800555c                HAL_NVIC_DisableIRQ
 .text.HAL_SYSTICK_Config
                0x08005584       0x2c libDaisy/build\libdaisy.a(stm32h7xx_hal_cortex.o)
                0x08005584                HAL_SYSTICK_Config
 .text.HAL_MPU_Disable
                0x080055b0       0x1c libDaisy/build\libdaisy.a(stm32h7xx_hal_cortex.o)
                0x080055b0                HAL_MPU_Disable
 .text.HAL_MPU_Enable
                0x080055cc       0x20 libDaisy/build\libdaisy.a(stm32h7xx_hal_cortex.o)
                0x080055cc                HAL_MPU_Enable
 .text.HAL_MPU_ConfigRegion
                0x080055ec       0x64 libDaisy/build\libdaisy.a(stm32h7xx_hal_cortex.o)
                0x080055ec                HAL_MPU_ConfigRegion
 .text.HAL_SYSTICK_Callback
                0x08005650        0x4 libDaisy/build\libdaisy.a(stm32h7xx_hal_cortex.o)
                0x08005650                HAL_SYSTICK_Callback
 .text.HAL_SYSTICK_IRQHandler
                0x08005654        0x8 libDaisy/build\libdaisy.a(stm32h7xx_hal_cortex.o)
                0x08005654                HAL_SYSTICK_IRQHandler
 .text.HAL_DAC_Init
                0x0800565c       0x2c libDaisy/build\libdaisy.a(stm32h7xx_hal_dac.o)
                0x0800565c                HAL_DAC_Init
 .text.HAL_DAC_Start_DMA
                0x08005688      0x118 libDaisy/build\libdaisy.a(stm32h7xx_hal_dac.o)
                0x08005688                HAL_DAC_Start_DMA
 .text.HAL_DAC_Stop_DMA
                0x080057a0       0x5c libDaisy/build\libdaisy.a(stm32h7xx_hal_dac.o)
                0x080057a0                HAL_DAC_Stop_DMA
 .text.DAC_DMAConvCpltCh1
                0x080057fc       0x10 libDaisy/build\libdaisy.a(stm32h7xx_hal_dac.o)
 .text.DAC_DMAHalfConvCpltCh1
                0x0800580c        0xc libDaisy/build\libdaisy.a(stm32h7xx_hal_dac.o)
 .text.HAL_DAC_ErrorCallbackCh1
                0x08005818        0x4 libDaisy/build\libdaisy.a(stm32h7xx_hal_dac.o)
                0x08005818                HAL_DAC_ErrorCallbackCh1
 .text.DAC_DMAErrorCh1
                0x0800581c       0x18 libDaisy/build\libdaisy.a(stm32h7xx_hal_dac.o)
 .text.HAL_DAC_DMAUnderrunCallbackCh1
                0x08005834        0x4 libDaisy/build\libdaisy.a(stm32h7xx_hal_dac.o)
                0x08005834                HAL_DAC_DMAUnderrunCallbackCh1
 .text.HAL_DAC_IRQHandler
                0x08005838       0x68 libDaisy/build\libdaisy.a(stm32h7xx_hal_dac.o)
                0x08005838                HAL_DAC_IRQHandler
 .text.HAL_DAC_ConfigChannel
                0x080058a0      0x130 libDaisy/build\libdaisy.a(stm32h7xx_hal_dac.o)
                0x080058a0                HAL_DAC_ConfigChannel
 .text.HAL_DACEx_ErrorCallbackCh2
                0x080059d0        0x4 libDaisy/build\libdaisy.a(stm32h7xx_hal_dac_ex.o)
                0x080059d0                HAL_DACEx_ErrorCallbackCh2
 .text.HAL_DACEx_DMAUnderrunCallbackCh2
                0x080059d4        0x4 libDaisy/build\libdaisy.a(stm32h7xx_hal_dac_ex.o)
                0x080059d4                HAL_DACEx_DMAUnderrunCallbackCh2
 .text.DAC_DMAConvCpltCh2
                0x080059d8       0x10 libDaisy/build\libdaisy.a(stm32h7xx_hal_dac_ex.o)
                0x080059d8                DAC_DMAConvCpltCh2
 .text.DAC_DMAHalfConvCpltCh2
                0x080059e8        0xc libDaisy/build\libdaisy.a(stm32h7xx_hal_dac_ex.o)
                0x080059e8                DAC_DMAHalfConvCpltCh2
 .text.DAC_DMAErrorCh2
                0x080059f4       0x18 libDaisy/build\libdaisy.a(stm32h7xx_hal_dac_ex.o)
                0x080059f4                DAC_DMAErrorCh2
 .text.DMA_CalcBaseAndBitshift
                0x08005a0c       0xf4 libDaisy/build\libdaisy.a(stm32h7xx_hal_dma.o)
 .text.DMA_CalcDMAMUXChannelBaseAndMask
                0x08005b00       0xd8 libDaisy/build\libdaisy.a(stm32h7xx_hal_dma.o)
 .text.HAL_DMA_Init
                0x08005bd8      0x37c libDaisy/build\libdaisy.a(stm32h7xx_hal_dma.o)
                0x08005bd8                HAL_DMA_Init
 .text.HAL_DMA_Start_IT
                0x08005f54      0x240 libDaisy/build\libdaisy.a(stm32h7xx_hal_dma.o)
                0x08005f54                HAL_DMA_Start_IT
 .text.HAL_DMA_Abort
                0x08006194      0x21c libDaisy/build\libdaisy.a(stm32h7xx_hal_dma.o)
                0x08006194                HAL_DMA_Abort
 .text.HAL_DMA_Abort_IT
                0x080063b0      0x134 libDaisy/build\libdaisy.a(stm32h7xx_hal_dma.o)
                0x080063b0                HAL_DMA_Abort_IT
 .text.HAL_DMA_IRQHandler
                0x080064e4      0x6a0 libDaisy/build\libdaisy.a(stm32h7xx_hal_dma.o)
                0x080064e4                HAL_DMA_IRQHandler
 .text.HAL_DMA_GetError
                0x08006b84        0x4 libDaisy/build\libdaisy.a(stm32h7xx_hal_dma.o)
                0x08006b84                HAL_DMA_GetError
 .text.HAL_GPIO_Init
                0x08006b88      0x280 libDaisy/build\libdaisy.a(stm32h7xx_hal_gpio.o)
                0x08006b88                HAL_GPIO_Init
 .text.HAL_GPIO_DeInit
                0x08006e08      0x190 libDaisy/build\libdaisy.a(stm32h7xx_hal_gpio.o)
                0x08006e08                HAL_GPIO_DeInit
 .text.HAL_GPIO_WritePin
                0x08006f98        0x8 libDaisy/build\libdaisy.a(stm32h7xx_hal_gpio.o)
                0x08006f98                HAL_GPIO_WritePin
 .text.HAL_HCD_IRQHandler
                0x08006fa0      0x780 libDaisy/build\libdaisy.a(stm32h7xx_hal_hcd.o)
                0x08006fa0                HAL_HCD_IRQHandler
 .text.HAL_HCD_Stop
                0x08007720       0x28 libDaisy/build\libdaisy.a(stm32h7xx_hal_hcd.o)
                0x08007720                HAL_HCD_Stop
 .text.I2C_WaitOnTXISFlagUntilTimeout
                0x08007748       0xb8 libDaisy/build\libdaisy.a(stm32h7xx_hal_i2c.o)
 .text.I2C_WaitOnSTOPFlagUntilTimeout
                0x08007800       0xac libDaisy/build\libdaisy.a(stm32h7xx_hal_i2c.o)
 .text.HAL_I2C_Init
                0x080078ac       0xac libDaisy/build\libdaisy.a(stm32h7xx_hal_i2c.o)
                0x080078ac                HAL_I2C_Init
 .text.HAL_I2C_Mem_Write
                0x08007958      0x254 libDaisy/build\libdaisy.a(stm32h7xx_hal_i2c.o)
                0x08007958                HAL_I2C_Mem_Write
 .text.HAL_I2C_Mem_Read
                0x08007bac      0x29c libDaisy/build\libdaisy.a(stm32h7xx_hal_i2c.o)
                0x08007bac                HAL_I2C_Mem_Read
 .text.HAL_I2C_EV_IRQHandler
                0x08007e48       0x10 libDaisy/build\libdaisy.a(stm32h7xx_hal_i2c.o)
                0x08007e48                HAL_I2C_EV_IRQHandler
 .text.HAL_I2C_GetState
                0x08007e58        0x8 libDaisy/build\libdaisy.a(stm32h7xx_hal_i2c.o)
                0x08007e58                HAL_I2C_GetState
 .text.HAL_I2CEx_ConfigAnalogFilter
                0x08007e60       0x54 libDaisy/build\libdaisy.a(stm32h7xx_hal_i2c_ex.o)
                0x08007e60                HAL_I2CEx_ConfigAnalogFilter
 .text.HAL_I2CEx_ConfigDigitalFilter
                0x08007eb4       0x58 libDaisy/build\libdaisy.a(stm32h7xx_hal_i2c_ex.o)
                0x08007eb4                HAL_I2CEx_ConfigDigitalFilter
 .text.HAL_PCD_IRQHandler
                0x08007f0c      0x69c libDaisy/build\libdaisy.a(stm32h7xx_hal_pcd.o)
                0x08007f0c                HAL_PCD_IRQHandler
 .text.HAL_PCD_SetAddress
                0x080085a8       0x2c libDaisy/build\libdaisy.a(stm32h7xx_hal_pcd.o)
                0x080085a8                HAL_PCD_SetAddress
 .text.HAL_PCD_EP_Open
                0x080085d4       0x7c libDaisy/build\libdaisy.a(stm32h7xx_hal_pcd.o)
                0x080085d4                HAL_PCD_EP_Open
 .text.HAL_PCD_EP_Receive
                0x08008650       0x50 libDaisy/build\libdaisy.a(stm32h7xx_hal_pcd.o)
                0x08008650                HAL_PCD_EP_Receive
 .text.HAL_PCD_EP_Transmit
                0x080086a0       0x50 libDaisy/build\libdaisy.a(stm32h7xx_hal_pcd.o)
                0x080086a0                HAL_PCD_EP_Transmit
 .text.HAL_PCD_EP_SetStall
                0x080086f0       0x88 libDaisy/build\libdaisy.a(stm32h7xx_hal_pcd.o)
                0x080086f0                HAL_PCD_EP_SetStall
 .text.HAL_PCD_EP_ClrStall
                0x08008778       0x78 libDaisy/build\libdaisy.a(stm32h7xx_hal_pcd.o)
                0x08008778                HAL_PCD_EP_ClrStall
 .text.HAL_PCDEx_LPM_Callback
                0x080087f0        0x4 libDaisy/build\libdaisy.a(stm32h7xx_hal_pcd_ex.o)
                0x080087f0                HAL_PCDEx_LPM_Callback
 .text.HAL_PWREx_ConfigSupply
                0x080087f4       0x4c libDaisy/build\libdaisy.a(stm32h7xx_hal_pwr_ex.o)
                0x080087f4                HAL_PWREx_ConfigSupply
 .text.HAL_PWREx_EnableUSBVoltageDetector
                0x08008840       0x10 libDaisy/build\libdaisy.a(stm32h7xx_hal_pwr_ex.o)
                0x08008840                HAL_PWREx_EnableUSBVoltageDetector
 .text.QSPI_Config
                0x08008850      0x174 libDaisy/build\libdaisy.a(stm32h7xx_hal_qspi.o)
 .text.HAL_QSPI_Init
                0x080089c4       0xd8 libDaisy/build\libdaisy.a(stm32h7xx_hal_qspi.o)
                0x080089c4                HAL_QSPI_Init
 .text.HAL_QSPI_DeInit
                0x08008a9c       0x3c libDaisy/build\libdaisy.a(stm32h7xx_hal_qspi.o)
                0x08008a9c                HAL_QSPI_DeInit
 .text.HAL_QSPI_Command
                0x08008ad8       0xd4 libDaisy/build\libdaisy.a(stm32h7xx_hal_qspi.o)
                0x08008ad8                HAL_QSPI_Command
 .text.HAL_QSPI_Transmit
                0x08008bac       0xfc libDaisy/build\libdaisy.a(stm32h7xx_hal_qspi.o)
                0x08008bac                HAL_QSPI_Transmit
 .text.HAL_QSPI_Receive
                0x08008ca8      0x108 libDaisy/build\libdaisy.a(stm32h7xx_hal_qspi.o)
                0x08008ca8                HAL_QSPI_Receive
 .text.HAL_QSPI_AutoPolling
                0x08008db0       0xf0 libDaisy/build\libdaisy.a(stm32h7xx_hal_qspi.o)
                0x08008db0                HAL_QSPI_AutoPolling
 .text.HAL_QSPI_MemoryMapped
                0x08008ea0       0xc0 libDaisy/build\libdaisy.a(stm32h7xx_hal_qspi.o)
                0x08008ea0                HAL_QSPI_MemoryMapped
 .text.HAL_QSPI_ErrorCallback
                0x08008f60        0x4 libDaisy/build\libdaisy.a(stm32h7xx_hal_qspi.o)
                0x08008f60                HAL_QSPI_ErrorCallback
 .text.QSPI_DMAAbortCplt
                0x08008f64       0x38 libDaisy/build\libdaisy.a(stm32h7xx_hal_qspi.o)
 .text.HAL_QSPI_AbortCpltCallback
                0x08008f9c        0x4 libDaisy/build\libdaisy.a(stm32h7xx_hal_qspi.o)
                0x08008f9c                HAL_QSPI_AbortCpltCallback
 .text.HAL_QSPI_CmdCpltCallback
                0x08008fa0        0x4 libDaisy/build\libdaisy.a(stm32h7xx_hal_qspi.o)
                0x08008fa0                HAL_QSPI_CmdCpltCallback
 .text.HAL_QSPI_RxCpltCallback
                0x08008fa4        0x4 libDaisy/build\libdaisy.a(stm32h7xx_hal_qspi.o)
                0x08008fa4                HAL_QSPI_RxCpltCallback
 .text.HAL_QSPI_TxCpltCallback
                0x08008fa8        0x4 libDaisy/build\libdaisy.a(stm32h7xx_hal_qspi.o)
                0x08008fa8                HAL_QSPI_TxCpltCallback
 .text.HAL_QSPI_FifoThresholdCallback
                0x08008fac        0x4 libDaisy/build\libdaisy.a(stm32h7xx_hal_qspi.o)
                0x08008fac                HAL_QSPI_FifoThresholdCallback
 .text.HAL_QSPI_StatusMatchCallback
                0x08008fb0        0x4 libDaisy/build\libdaisy.a(stm32h7xx_hal_qspi.o)
                0x08008fb0                HAL_QSPI_StatusMatchCallback
 .text.HAL_QSPI_TimeOutCallback
                0x08008fb4        0x4 libDaisy/build\libdaisy.a(stm32h7xx_hal_qspi.o)
                0x08008fb4                HAL_QSPI_TimeOutCallback
 .text.HAL_QSPI_IRQHandler
                0x08008fb8      0x210 libDaisy/build\libdaisy.a(stm32h7xx_hal_qspi.o)
                0x08008fb8                HAL_QSPI_IRQHandler
 .text.HAL_RCC_OscConfig
                0x080091c8      0x51c libDaisy/build\libdaisy.a(stm32h7xx_hal_rcc.o)
                0x080091c8                HAL_RCC_OscConfig
 .text.HAL_RCC_GetSysClockFreq
                0x080096e4      0x140 libDaisy/build\libdaisy.a(stm32h7xx_hal_rcc.o)
                0x080096e4                HAL_RCC_GetSysClockFreq
 .text.HAL_RCC_ClockConfig
                0x08009824      0x234 libDaisy/build\libdaisy.a(stm32h7xx_hal_rcc.o)
                0x08009824                HAL_RCC_ClockConfig
 .text.HAL_RCC_GetHCLKFreq
                0x08009a58       0x2c libDaisy/build\libdaisy.a(stm32h7xx_hal_rcc.o)
                0x08009a58                HAL_RCC_GetHCLKFreq
 .text.HAL_RCC_GetPCLK1Freq
                0x08009a84       0x38 libDaisy/build\libdaisy.a(stm32h7xx_hal_rcc.o)
                0x08009a84                HAL_RCC_GetPCLK1Freq
 .text.HAL_RCC_GetPCLK2Freq
                0x08009abc       0x38 libDaisy/build\libdaisy.a(stm32h7xx_hal_rcc.o)
                0x08009abc                HAL_RCC_GetPCLK2Freq
 .text.RCCEx_PLL2_Config
                0x08009af4       0xf4 libDaisy/build\libdaisy.a(stm32h7xx_hal_rcc_ex.o)
 .text.RCCEx_PLL3_Config
                0x08009be8       0xf4 libDaisy/build\libdaisy.a(stm32h7xx_hal_rcc_ex.o)
 .text.HAL_RCCEx_PeriphCLKConfig
                0x08009cdc      0xa7c libDaisy/build\libdaisy.a(stm32h7xx_hal_rcc_ex.o)
                0x08009cdc                HAL_RCCEx_PeriphCLKConfig
 .text.HAL_RCCEx_GetD3PCLK1Freq
                0x0800a758       0x24 libDaisy/build\libdaisy.a(stm32h7xx_hal_rcc_ex.o)
                0x0800a758                HAL_RCCEx_GetD3PCLK1Freq
 .text.HAL_RCCEx_GetPLL2ClockFreq
                0x0800a77c      0x17c libDaisy/build\libdaisy.a(stm32h7xx_hal_rcc_ex.o)
                0x0800a77c                HAL_RCCEx_GetPLL2ClockFreq
 .text.HAL_RCCEx_GetPLL3ClockFreq
                0x0800a8f8      0x17c libDaisy/build\libdaisy.a(stm32h7xx_hal_rcc_ex.o)
                0x0800a8f8                HAL_RCCEx_GetPLL3ClockFreq
 .text.HAL_RCCEx_GetPLL1ClockFreq
                0x0800aa74      0x17c libDaisy/build\libdaisy.a(stm32h7xx_hal_rcc_ex.o)
                0x0800aa74                HAL_RCCEx_GetPLL1ClockFreq
 .text.HAL_RCCEx_GetPeriphCLKFreq
                0x0800abf0      0x198 libDaisy/build\libdaisy.a(stm32h7xx_hal_rcc_ex.o)
                0x0800abf0                HAL_RCCEx_GetPeriphCLKFreq
 .text.HAL_RCCEx_GetD1SysClockFreq
                0x0800ad88       0x2c libDaisy/build\libdaisy.a(stm32h7xx_hal_rcc_ex.o)
                0x0800ad88                HAL_RCCEx_GetD1SysClockFreq
 .text.HAL_SAI_Init.part.0
                0x0800adb4      0x348 libDaisy/build\libdaisy.a(stm32h7xx_hal_sai.o)
 .text.HAL_SAI_InitProtocol
                0x0800b0fc      0x178 libDaisy/build\libdaisy.a(stm32h7xx_hal_sai.o)
                0x0800b0fc                HAL_SAI_InitProtocol
 .text.HAL_SAI_Transmit_DMA
                0x0800b274      0x124 libDaisy/build\libdaisy.a(stm32h7xx_hal_sai.o)
                0x0800b274                HAL_SAI_Transmit_DMA
 .text.HAL_SAI_Receive_DMA
                0x0800b398       0xd0 libDaisy/build\libdaisy.a(stm32h7xx_hal_sai.o)
                0x0800b398                HAL_SAI_Receive_DMA
 .text.HAL_SAI_TxCpltCallback
                0x0800b468        0x4 libDaisy/build\libdaisy.a(stm32h7xx_hal_sai.o)
                0x0800b468                HAL_SAI_TxCpltCallback
 .text.SAI_DMATxCplt
                0x0800b46c       0x64 libDaisy/build\libdaisy.a(stm32h7xx_hal_sai.o)
 .text.HAL_SAI_TxHalfCpltCallback
                0x0800b4d0        0x4 libDaisy/build\libdaisy.a(stm32h7xx_hal_sai.o)
                0x0800b4d0                HAL_SAI_TxHalfCpltCallback
 .text.SAI_DMATxHalfCplt
                0x0800b4d4        0xc libDaisy/build\libdaisy.a(stm32h7xx_hal_sai.o)
 .text.SAI_DMARxCplt
                0x0800b4e0       0x64 libDaisy/build\libdaisy.a(stm32h7xx_hal_sai.o)
 .text.SAI_DMARxHalfCplt
                0x0800b544        0xc libDaisy/build\libdaisy.a(stm32h7xx_hal_sai.o)
 .text.HAL_SAI_ErrorCallback
                0x0800b550        0x4 libDaisy/build\libdaisy.a(stm32h7xx_hal_sai.o)
                0x0800b550                HAL_SAI_ErrorCallback
 .text.SAI_DMAError
                0x0800b554       0x6c libDaisy/build\libdaisy.a(stm32h7xx_hal_sai.o)
 .text.HAL_SDRAM_Init
                0x0800b5c0       0x54 libDaisy/build\libdaisy.a(stm32h7xx_hal_sdram.o)
                0x0800b5c0                HAL_SDRAM_Init
 .text.HAL_SDRAM_SendCommand
                0x0800b614       0x40 libDaisy/build\libdaisy.a(stm32h7xx_hal_sdram.o)
                0x0800b614                HAL_SDRAM_SendCommand
 .text.HAL_SDRAM_ProgramRefreshRate
                0x0800b654       0x30 libDaisy/build\libdaisy.a(stm32h7xx_hal_sdram.o)
                0x0800b654                HAL_SDRAM_ProgramRefreshRate
 .text.HAL_TIM_Base_Init
                0x0800b684      0x140 libDaisy/build\libdaisy.a(stm32h7xx_hal_tim.o)
                0x0800b684                HAL_TIM_Base_Init
 .text.HAL_TIM_Base_Start
                0x0800b7c4       0x34 libDaisy/build\libdaisy.a(stm32h7xx_hal_tim.o)
                0x0800b7c4                HAL_TIM_Base_Start
 .text.HAL_TIM_Base_Start_IT
                0x0800b7f8       0x2c libDaisy/build\libdaisy.a(stm32h7xx_hal_tim.o)
                0x0800b7f8                HAL_TIM_Base_Start_IT
 .text.HAL_TIM_ConfigClockSource
                0x0800b824      0x17c libDaisy/build\libdaisy.a(stm32h7xx_hal_tim.o)
                0x0800b824                HAL_TIM_ConfigClockSource
 .text.HAL_TIM_OC_DelayElapsedCallback
                0x0800b9a0        0x4 libDaisy/build\libdaisy.a(stm32h7xx_hal_tim.o)
                0x0800b9a0                HAL_TIM_OC_DelayElapsedCallback
 .text.HAL_TIM_IC_CaptureCallback
                0x0800b9a4        0x4 libDaisy/build\libdaisy.a(stm32h7xx_hal_tim.o)
                0x0800b9a4                HAL_TIM_IC_CaptureCallback
 .text.HAL_TIM_PWM_PulseFinishedCallback
                0x0800b9a8        0x4 libDaisy/build\libdaisy.a(stm32h7xx_hal_tim.o)
                0x0800b9a8                HAL_TIM_PWM_PulseFinishedCallback
 .text.HAL_TIM_TriggerCallback
                0x0800b9ac        0x4 libDaisy/build\libdaisy.a(stm32h7xx_hal_tim.o)
                0x0800b9ac                HAL_TIM_TriggerCallback
 .text.HAL_TIM_IRQHandler
                0x0800b9b0      0x170 libDaisy/build\libdaisy.a(stm32h7xx_hal_tim.o)
                0x0800b9b0                HAL_TIM_IRQHandler
 .text.HAL_TIMEx_MasterConfigSynchronization
                0x0800bb20       0x64 libDaisy/build\libdaisy.a(stm32h7xx_hal_tim_ex.o)
                0x0800bb20                HAL_TIMEx_MasterConfigSynchronization
 .text.HAL_TIMEx_CommutCallback
                0x0800bb84        0x4 libDaisy/build\libdaisy.a(stm32h7xx_hal_tim_ex.o)
                0x0800bb84                HAL_TIMEx_CommutCallback
 .text.HAL_TIMEx_BreakCallback
                0x0800bb88        0x4 libDaisy/build\libdaisy.a(stm32h7xx_hal_tim_ex.o)
                0x0800bb88                HAL_TIMEx_BreakCallback
 .text.HAL_TIMEx_Break2Callback
                0x0800bb8c        0x4 libDaisy/build\libdaisy.a(stm32h7xx_hal_tim_ex.o)
                0x0800bb8c                HAL_TIMEx_Break2Callback
 .text.FMC_SDRAM_Init
                0x0800bb90       0x7c libDaisy/build\libdaisy.a(stm32h7xx_ll_fmc.o)
                0x0800bb90                FMC_SDRAM_Init
 .text.FMC_SDRAM_Timing_Init
                0x0800bc0c       0x98 libDaisy/build\libdaisy.a(stm32h7xx_ll_fmc.o)
                0x0800bc0c                FMC_SDRAM_Timing_Init
 .text.FMC_SDRAM_SendCommand
                0x0800bca4       0x28 libDaisy/build\libdaisy.a(stm32h7xx_ll_fmc.o)
                0x0800bca4                FMC_SDRAM_SendCommand
 .text.FMC_SDRAM_ProgramRefreshRate
                0x0800bccc       0x1c libDaisy/build\libdaisy.a(stm32h7xx_ll_fmc.o)
                0x0800bccc                FMC_SDRAM_ProgramRefreshRate
 .text.USB_SetTurnaroundTime
                0x0800bce8      0x104 libDaisy/build\libdaisy.a(stm32h7xx_ll_usb.o)
                0x0800bce8                USB_SetTurnaroundTime
 .text.USB_FlushTxFifo
                0x0800bdec       0x34 libDaisy/build\libdaisy.a(stm32h7xx_ll_usb.o)
                0x0800bdec                USB_FlushTxFifo
 .text.USB_GetDevSpeed
                0x0800be20       0x24 libDaisy/build\libdaisy.a(stm32h7xx_ll_usb.o)
                0x0800be20                USB_GetDevSpeed
 .text.USB_ActivateEndpoint
                0x0800be44       0x90 libDaisy/build\libdaisy.a(stm32h7xx_ll_usb.o)
                0x0800be44                USB_ActivateEndpoint
 .text.USB_EPStartXfer
                0x0800bed4      0x230 libDaisy/build\libdaisy.a(stm32h7xx_ll_usb.o)
                0x0800bed4                USB_EPStartXfer
 .text.USB_EP0StartXfer
                0x0800c104      0x174 libDaisy/build\libdaisy.a(stm32h7xx_ll_usb.o)
                0x0800c104                USB_EP0StartXfer
 .text.USB_WritePacket
                0x0800c278       0x2c libDaisy/build\libdaisy.a(stm32h7xx_ll_usb.o)
                0x0800c278                USB_WritePacket
 .text.USB_ReadPacket
                0x0800c2a4       0x20 libDaisy/build\libdaisy.a(stm32h7xx_ll_usb.o)
                0x0800c2a4                USB_ReadPacket
 .text.USB_EPSetStall
                0x0800c2c4       0x68 libDaisy/build\libdaisy.a(stm32h7xx_ll_usb.o)
                0x0800c2c4                USB_EPSetStall
 .text.USB_EPClearStall
                0x0800c32c       0x58 libDaisy/build\libdaisy.a(stm32h7xx_ll_usb.o)
                0x0800c32c                USB_EPClearStall
 .text.USB_SetDevAddress
                0x0800c384       0x24 libDaisy/build\libdaisy.a(stm32h7xx_ll_usb.o)
                0x0800c384                USB_SetDevAddress
 .text.USB_ReadInterrupts
                0x0800c3a8       0x14 libDaisy/build\libdaisy.a(stm32h7xx_ll_usb.o)
                0x0800c3a8                USB_ReadInterrupts
 .text.USB_ReadDevAllOutEpInterrupt
                0x0800c3bc       0x1c libDaisy/build\libdaisy.a(stm32h7xx_ll_usb.o)
                0x0800c3bc                USB_ReadDevAllOutEpInterrupt
 .text.USB_ReadDevAllInEpInterrupt
                0x0800c3d8       0x1c libDaisy/build\libdaisy.a(stm32h7xx_ll_usb.o)
                0x0800c3d8                USB_ReadDevAllInEpInterrupt
 .text.USB_ReadDevOutEPInterrupt
                0x0800c3f4       0x1c libDaisy/build\libdaisy.a(stm32h7xx_ll_usb.o)
                0x0800c3f4                USB_ReadDevOutEPInterrupt
 .text.USB_ReadDevInEPInterrupt
                0x0800c410       0x38 libDaisy/build\libdaisy.a(stm32h7xx_ll_usb.o)
                0x0800c410                USB_ReadDevInEPInterrupt
 .text.USB_GetMode
                0x0800c448        0x8 libDaisy/build\libdaisy.a(stm32h7xx_ll_usb.o)
                0x0800c448                USB_GetMode
 .text.USB_ActivateSetup
                0x0800c450       0x38 libDaisy/build\libdaisy.a(stm32h7xx_ll_usb.o)
                0x0800c450                USB_ActivateSetup
 .text.USB_EP0_OutStart
                0x0800c488       0x58 libDaisy/build\libdaisy.a(stm32h7xx_ll_usb.o)
                0x0800c488                USB_EP0_OutStart
 .text.USB_InitFSLSPClkSel
                0x0800c4e0       0x44 libDaisy/build\libdaisy.a(stm32h7xx_ll_usb.o)
                0x0800c4e0                USB_InitFSLSPClkSel
 .text.USB_HC_ReadInterrupt
                0x0800c524        0x8 libDaisy/build\libdaisy.a(stm32h7xx_ll_usb.o)
                0x0800c524                USB_HC_ReadInterrupt
 .text.USB_HC_Halt
                0x0800c52c       0xc0 libDaisy/build\libdaisy.a(stm32h7xx_ll_usb.o)
                0x0800c52c                USB_HC_Halt
 .text.USB_StopHost
                0x0800c5ec      0x2ec libDaisy/build\libdaisy.a(stm32h7xx_ll_usb.o)
                0x0800c5ec                USB_StopHost
 .text.USBD_SetClassConfig
                0x0800c8d8       0x14 libDaisy/build\libdaisy.a(usbd_core.o)
                0x0800c8d8                USBD_SetClassConfig
 .text.USBD_ClrClassConfig
                0x0800c8ec       0x10 libDaisy/build\libdaisy.a(usbd_core.o)
                0x0800c8ec                USBD_ClrClassConfig
 .text.USBD_LL_SetupStage
                0x0800c8fc       0x5c libDaisy/build\libdaisy.a(usbd_core.o)
                0x0800c8fc                USBD_LL_SetupStage
 .text.USBD_LL_DataOutStage
                0x0800c958       0x7c libDaisy/build\libdaisy.a(usbd_core.o)
                0x0800c958                USBD_LL_DataOutStage
 .text.USBD_LL_DataInStage
                0x0800c9d4       0xcc libDaisy/build\libdaisy.a(usbd_core.o)
                0x0800c9d4                USBD_LL_DataInStage
 .text.USBD_LL_Reset
                0x0800caa0       0x50 libDaisy/build\libdaisy.a(usbd_core.o)
                0x0800caa0                USBD_LL_Reset
 .text.USBD_LL_SetSpeed
                0x0800caf0        0x8 libDaisy/build\libdaisy.a(usbd_core.o)
                0x0800caf0                USBD_LL_SetSpeed
 .text.USBD_LL_Suspend
                0x0800caf8       0x14 libDaisy/build\libdaisy.a(usbd_core.o)
                0x0800caf8                USBD_LL_Suspend
 .text.USBD_LL_Resume
                0x0800cb0c       0x10 libDaisy/build\libdaisy.a(usbd_core.o)
                0x0800cb0c                USBD_LL_Resume
 .text.USBD_LL_SOF
                0x0800cb1c       0x1c libDaisy/build\libdaisy.a(usbd_core.o)
                0x0800cb1c                USBD_LL_SOF
 .text.USBD_LL_IsoINIncomplete
                0x0800cb38        0x4 libDaisy/build\libdaisy.a(usbd_core.o)
                0x0800cb38                USBD_LL_IsoINIncomplete
 .text.USBD_LL_IsoOUTIncomplete
                0x0800cb3c        0x4 libDaisy/build\libdaisy.a(usbd_core.o)
                0x0800cb3c                USBD_LL_IsoOUTIncomplete
 .text.USBD_LL_DevConnected
                0x0800cb40        0x4 libDaisy/build\libdaisy.a(usbd_core.o)
                0x0800cb40                USBD_LL_DevConnected
 .text.USBD_LL_DevDisconnected
                0x0800cb44       0x18 libDaisy/build\libdaisy.a(usbd_core.o)
                0x0800cb44                USBD_LL_DevDisconnected
 .text.USBD_StdDevReq
                0x0800cb5c      0x304 libDaisy/build\libdaisy.a(usbd_ctlreq.o)
                0x0800cb5c                USBD_StdDevReq
 .text.USBD_StdItfReq
                0x0800ce60       0x68 libDaisy/build\libdaisy.a(usbd_ctlreq.o)
                0x0800ce60                USBD_StdItfReq
 .text.USBD_StdEPReq
                0x0800cec8      0x13c libDaisy/build\libdaisy.a(usbd_ctlreq.o)
                0x0800cec8                USBD_StdEPReq
 .text.USBD_ParseSetupRequest
                0x0800d004       0x28 libDaisy/build\libdaisy.a(usbd_ctlreq.o)
                0x0800d004                USBD_ParseSetupRequest
 .text.USBD_CtlSendData
                0x0800d02c       0x1c libDaisy/build\libdaisy.a(usbd_ioreq.o)
                0x0800d02c                USBD_CtlSendData
 .text.USBD_CtlContinueSendData
                0x0800d048       0x14 libDaisy/build\libdaisy.a(usbd_ioreq.o)
                0x0800d048                USBD_CtlContinueSendData
 .text.USBD_CtlContinueRx
                0x0800d05c       0x14 libDaisy/build\libdaisy.a(usbd_ioreq.o)
                0x0800d05c                USBD_CtlContinueRx
 .text.USBD_CtlSendStatus
                0x0800d070       0x18 libDaisy/build\libdaisy.a(usbd_ioreq.o)
                0x0800d070                USBD_CtlSendStatus
 .text.USBD_CtlReceiveStatus
                0x0800d088       0x18 libDaisy/build\libdaisy.a(usbd_ioreq.o)
                0x0800d088                USBD_CtlReceiveStatus
 .text.USBH_LL_IncTimer
                0x0800d0a0       0x20 libDaisy/build\libdaisy.a(usbh_core.o)
                0x0800d0a0                USBH_LL_IncTimer
 .text.USBH_LL_PortEnabled
                0x0800d0c0        0x8 libDaisy/build\libdaisy.a(usbh_core.o)
                0x0800d0c0                USBH_LL_PortEnabled
 .text.USBH_LL_PortDisabled
                0x0800d0c8        0x8 libDaisy/build\libdaisy.a(usbh_core.o)
                0x0800d0c8                USBH_LL_PortDisabled
 .text.USBH_LL_Connect
                0x0800d0d0       0x18 libDaisy/build\libdaisy.a(usbh_core.o)
                0x0800d0d0                USBH_LL_Connect
 .text.USBH_LL_Disconnect
                0x0800d0e8       0x2c libDaisy/build\libdaisy.a(usbh_core.o)
                0x0800d0e8                USBH_LL_Disconnect
 .text.USBH_FreePipe
                0x0800d114       0x18 libDaisy/build\libdaisy.a(usbh_pipes.o)
                0x0800d114                USBH_FreePipe
 .text._ZN5daisy6Random4InitEv
                0x0800d12c       0x3c libDaisy/build\libdaisy.a(rng.o)
                0x0800d12c                daisy::Random::Init()
 .text._ZN5daisy9SpiHandle4Impl7InitDmaEv
                0x0800d168       0xec libDaisy/build\libdaisy.a(spi.o)
                0x0800d168                daisy::SpiHandle::Impl::InitDma()
 .text._ZN5daisy9SpiHandle4Impl10StartDmaTxEPhjPFvPvEPFvS3_NS0_6ResultEES3_
                0x0800d254       0xc8 libDaisy/build\libdaisy.a(spi.o)
                0x0800d254                daisy::SpiHandle::Impl::StartDmaTx(unsigned char*, unsigned int, void (*)(void*), void (*)(void*, daisy::SpiHandle::Result), void*)
 .text._ZN5daisy9SpiHandle4Impl10StartDmaRxEPhjPFvPvEPFvS3_NS0_6ResultEES3_
                0x0800d31c       0xc8 libDaisy/build\libdaisy.a(spi.o)
                0x0800d31c                daisy::SpiHandle::Impl::StartDmaRx(unsigned char*, unsigned int, void (*)(void*), void (*)(void*, daisy::SpiHandle::Result), void*)
 .text._ZN5daisy9SpiHandle4Impl12StartDmaRxTxEPhS2_jPFvPvEPFvS3_NS0_6ResultEES3_
                0x0800d3e4       0xcc libDaisy/build\libdaisy.a(spi.o)
                0x0800d3e4                daisy::SpiHandle::Impl::StartDmaRxTx(unsigned char*, unsigned char*, unsigned int, void (*)(void*), void (*)(void*, daisy::SpiHandle::Result), void*)
 .text._ZN5daisy9SpiHandle4Impl8InitPinsEv
                0x0800d4b0      0x274 libDaisy/build\libdaisy.a(spi.o)
                0x0800d4b0                daisy::SpiHandle::Impl::InitPins()
 .text.HAL_SPI_MspInit
                0x0800d724      0x1a8 libDaisy/build\libdaisy.a(spi.o)
                0x0800d724                HAL_SPI_MspInit
 .text.dsy_spi_global_init
                0x0800d8cc       0x80 libDaisy/build\libdaisy.a(spi.o)
                0x0800d8cc                dsy_spi_global_init
 .text.SPI1_IRQHandler
                0x0800d94c        0xc libDaisy/build\libdaisy.a(spi.o)
                0x0800d94c                SPI1_IRQHandler
 .text.SPI2_IRQHandler
                0x0800d958        0xc libDaisy/build\libdaisy.a(spi.o)
                0x0800d958                SPI2_IRQHandler
 .text.SPI3_IRQHandler
                0x0800d964        0xc libDaisy/build\libdaisy.a(spi.o)
                0x0800d964                SPI3_IRQHandler
 .text.SPI4_IRQHandler
                0x0800d970        0xc libDaisy/build\libdaisy.a(spi.o)
                0x0800d970                SPI4_IRQHandler
 .text.SPI5_IRQHandler
                0x0800d97c        0xc libDaisy/build\libdaisy.a(spi.o)
                0x0800d97c                SPI5_IRQHandler
 .text.DMA2_Stream2_IRQHandler
                0x0800d988       0x34 libDaisy/build\libdaisy.a(spi.o)
                0x0800d988                DMA2_Stream2_IRQHandler
 .text.DMA2_Stream3_IRQHandler
                0x0800d9bc       0x38 libDaisy/build\libdaisy.a(spi.o)
                0x0800d9bc                DMA2_Stream3_IRQHandler
 .text.HAL_SPI_TxCpltCallback
                0x0800d9f4       0xc4 libDaisy/build\libdaisy.a(spi.o)
                0x0800d9f4                HAL_SPI_TxCpltCallback
 .text.HAL_SPI_RxCpltCallback
                0x0800dab8       0xc4 libDaisy/build\libdaisy.a(spi.o)
                0x0800dab8                HAL_SPI_RxCpltCallback
 .text.HAL_SPI_TxRxCpltCallback
                0x0800db7c       0xc4 libDaisy/build\libdaisy.a(spi.o)
                0x0800db7c                HAL_SPI_TxRxCpltCallback
 .text.HAL_SPI_ErrorCallback
                0x0800dc40       0xc8 libDaisy/build\libdaisy.a(spi.o)
                0x0800dc40                HAL_SPI_ErrorCallback
 .text.startup._GLOBAL__sub_I__Z19MapInstanceToHandleP11SPI_TypeDef
                0x0800dd08      0x1b0 libDaisy/build\libdaisy.a(spi.o)
 .text.HAL_TIM_Base_MspInit
                0x0800deb8      0x1e0 libDaisy/build\libdaisy.a(tim.o)
                0x0800deb8                HAL_TIM_Base_MspInit
 .text.HAL_TIM_PeriodElapsedCallback
                0x0800e098       0x44 libDaisy/build\libdaisy.a(tim.o)
                0x0800e098                HAL_TIM_PeriodElapsedCallback
 .text.TIM2_IRQHandler
                0x0800e0dc        0xc libDaisy/build\libdaisy.a(tim.o)
                0x0800e0dc                TIM2_IRQHandler
 .text.TIM3_IRQHandler
                0x0800e0e8        0xc libDaisy/build\libdaisy.a(tim.o)
                0x0800e0e8                TIM3_IRQHandler
 .text.TIM4_IRQHandler
                0x0800e0f4        0xc libDaisy/build\libdaisy.a(tim.o)
                0x0800e0f4                TIM4_IRQHandler
 .text.TIM5_IRQHandler
                0x0800e100        0xc libDaisy/build\libdaisy.a(tim.o)
                0x0800e100                TIM5_IRQHandler
 .text._ZN5daisy11TimerHandle4InitERKNS0_6ConfigE
                0x0800e10c       0xd0 libDaisy/build\libdaisy.a(tim.o)
                0x0800e10c                daisy::TimerHandle::Init(daisy::TimerHandle::Config const&)
 .text._ZN5daisy11TimerHandle5StartEv
                0x0800e1dc       0x24 libDaisy/build\libdaisy.a(tim.o)
                0x0800e1dc                daisy::TimerHandle::Start()
 .text.startup._GLOBAL__sub_I__ZN5daisy11TimerHandle4Impl4InitERKNS0_6ConfigE
                0x0800e200       0x38 libDaisy/build\libdaisy.a(tim.o)
 .text._ZN5daisy11UartHandler4Impl7InitDmaEbb
                0x0800e238      0x164 libDaisy/build\libdaisy.a(uart.o)
                0x0800e238                daisy::UartHandler::Impl::InitDma(bool, bool)
 .text._ZN5daisy11UartHandler4Impl10HandleFifoEv
                0x0800e39c       0xec libDaisy/build\libdaisy.a(uart.o)
                0x0800e39c                daisy::UartHandler::Impl::HandleFifo()
 .text._ZN5daisy11UartHandler4Impl10StartDmaTxEPhjPFvPvEPFvS3_NS0_6ResultEES3_
                0x0800e488       0xcc libDaisy/build\libdaisy.a(uart.o)
                0x0800e488                daisy::UartHandler::Impl::StartDmaTx(unsigned char*, unsigned int, void (*)(void*), void (*)(void*, daisy::UartHandler::Result), void*)
 .text._ZN5daisy11UartHandler4Impl10StartDmaRxEPhjPFvPvEPFvS3_NS0_6ResultEES3_
                0x0800e554       0xcc libDaisy/build\libdaisy.a(uart.o)
                0x0800e554                daisy::UartHandler::Impl::StartDmaRx(unsigned char*, unsigned int, void (*)(void*), void (*)(void*, daisy::UartHandler::Result), void*)
 .text._ZN5daisy11UartHandler4Impl19DmaTransferFinishedEP20__UART_HandleTypeDefNS0_6ResultE
                0x0800e620       0xc0 libDaisy/build\libdaisy.a(uart.o)
                0x0800e620                daisy::UartHandler::Impl::DmaTransferFinished(__UART_HandleTypeDef*, daisy::UartHandler::Result)
 .text._ZN5daisy11UartHandler4Impl8InitPinsEv
                0x0800e6e0      0x150 libDaisy/build\libdaisy.a(uart.o)
                0x0800e6e0                daisy::UartHandler::Impl::InitPins()
 .text.HAL_UART_MspInit
                0x0800e830      0x210 libDaisy/build\libdaisy.a(uart.o)
                0x0800e830                HAL_UART_MspInit
 .text.dsy_uart_global_init
                0x0800ea40      0x110 libDaisy/build\libdaisy.a(uart.o)
                0x0800ea40                dsy_uart_global_init
 .text.USART1_IRQHandler
                0x0800eb50       0x30 libDaisy/build\libdaisy.a(uart.o)
                0x0800eb50                USART1_IRQHandler
 .text.USART2_IRQHandler
                0x0800eb80       0x34 libDaisy/build\libdaisy.a(uart.o)
                0x0800eb80                USART2_IRQHandler
 .text.USART3_IRQHandler
                0x0800ebb4       0x34 libDaisy/build\libdaisy.a(uart.o)
                0x0800ebb4                USART3_IRQHandler
 .text.UART4_IRQHandler
                0x0800ebe8       0x34 libDaisy/build\libdaisy.a(uart.o)
                0x0800ebe8                UART4_IRQHandler
 .text.UART5_IRQHandler
                0x0800ec1c       0x34 libDaisy/build\libdaisy.a(uart.o)
                0x0800ec1c                UART5_IRQHandler
 .text.USART6_IRQHandler
                0x0800ec50       0x34 libDaisy/build\libdaisy.a(uart.o)
                0x0800ec50                USART6_IRQHandler
 .text.UART7_IRQHandler
                0x0800ec84       0x30 libDaisy/build\libdaisy.a(uart.o)
                0x0800ec84                UART7_IRQHandler
 .text.UART8_IRQHandler
                0x0800ecb4       0x34 libDaisy/build\libdaisy.a(uart.o)
                0x0800ecb4                UART8_IRQHandler
 .text.LPUART1_IRQHandler
                0x0800ece8       0x34 libDaisy/build\libdaisy.a(uart.o)
                0x0800ece8                LPUART1_IRQHandler
 .text.DMA1_Stream5_IRQHandler
                0x0800ed1c       0x34 libDaisy/build\libdaisy.a(uart.o)
                0x0800ed1c                DMA1_Stream5_IRQHandler
 .text.DMA2_Stream4_IRQHandler
                0x0800ed50       0x34 libDaisy/build\libdaisy.a(uart.o)
                0x0800ed50                DMA2_Stream4_IRQHandler
 .text.HAL_UART_TxCpltCallback
                0x0800ed84        0x8 libDaisy/build\libdaisy.a(uart.o)
                0x0800ed84                HAL_UART_TxCpltCallback
 .text.HAL_UART_RxCpltCallback
                0x0800ed8c        0x8 libDaisy/build\libdaisy.a(uart.o)
                0x0800ed8c                HAL_UART_RxCpltCallback
 .text.HAL_UART_ErrorCallback
                0x0800ed94        0x8 libDaisy/build\libdaisy.a(uart.o)
                0x0800ed94                HAL_UART_ErrorCallback
 .text.startup._GLOBAL__sub_I__Z19MapInstanceToHandleP13USART_TypeDef
                0x0800ed9c      0x190 libDaisy/build\libdaisy.a(uart.o)
 .text.dsy_dma_init
                0x0800ef2c      0x100 libDaisy/build\libdaisy.a(dma.o)
                0x0800ef2c                dsy_dma_init
 .text.HAL_MDMA_Abort_IT
                0x0800f02c       0x2c libDaisy/build\libdaisy.a(stm32h7xx_hal_mdma.o)
                0x0800f02c                HAL_MDMA_Abort_IT
 .text.SPI_CloseTransfer
                0x0800f058       0xb8 libDaisy/build\libdaisy.a(stm32h7xx_hal_spi.o)
 .text.HAL_SPI_Init
                0x0800f110      0x15c libDaisy/build\libdaisy.a(stm32h7xx_hal_spi.o)
                0x0800f110                HAL_SPI_Init
 .text.HAL_SPI_Transmit_DMA
                0x0800f26c      0x170 libDaisy/build\libdaisy.a(stm32h7xx_hal_spi.o)
                0x0800f26c                HAL_SPI_Transmit_DMA
 .text.HAL_SPI_TransmitReceive_DMA
                0x0800f3dc      0x218 libDaisy/build\libdaisy.a(stm32h7xx_hal_spi.o)
                0x0800f3dc                HAL_SPI_TransmitReceive_DMA
 .text.HAL_SPI_Receive_DMA
                0x0800f5f4      0x1b4 libDaisy/build\libdaisy.a(stm32h7xx_hal_spi.o)
                0x0800f5f4                HAL_SPI_Receive_DMA
 .text.SPI_DMATransmitCplt
                0x0800f7a8       0x28 libDaisy/build\libdaisy.a(stm32h7xx_hal_spi.o)
 .text.SPI_DMAReceiveCplt
                0x0800f7d0       0x28 libDaisy/build\libdaisy.a(stm32h7xx_hal_spi.o)
 .text.SPI_DMATransmitReceiveCplt
                0x0800f7f8       0x28 libDaisy/build\libdaisy.a(stm32h7xx_hal_spi.o)
 .text.HAL_SPI_TxHalfCpltCallback
                0x0800f820        0x4 libDaisy/build\libdaisy.a(stm32h7xx_hal_spi.o)
                0x0800f820                HAL_SPI_TxHalfCpltCallback
 .text.SPI_DMAHalfTransmitCplt
                0x0800f824        0xc libDaisy/build\libdaisy.a(stm32h7xx_hal_spi.o)
 .text.HAL_SPI_RxHalfCpltCallback
                0x0800f830        0x4 libDaisy/build\libdaisy.a(stm32h7xx_hal_spi.o)
                0x0800f830                HAL_SPI_RxHalfCpltCallback
 .text.SPI_DMAHalfReceiveCplt
                0x0800f834        0xc libDaisy/build\libdaisy.a(stm32h7xx_hal_spi.o)
 .text.HAL_SPI_TxRxHalfCpltCallback
                0x0800f840        0x4 libDaisy/build\libdaisy.a(stm32h7xx_hal_spi.o)
                0x0800f840                HAL_SPI_TxRxHalfCpltCallback
 .text.SPI_DMAHalfTransmitReceiveCplt
                0x0800f844        0xc libDaisy/build\libdaisy.a(stm32h7xx_hal_spi.o)
 .text.SPI_DMAError
                0x0800f850       0xd8 libDaisy/build\libdaisy.a(stm32h7xx_hal_spi.o)
 .text.HAL_SPI_IRQHandler
                0x0800f928      0x23c libDaisy/build\libdaisy.a(stm32h7xx_hal_spi.o)
                0x0800f928                HAL_SPI_IRQHandler
 .text.SPI_DMAAbortOnError
                0x0800fb64       0x1c libDaisy/build\libdaisy.a(stm32h7xx_hal_spi.o)
 .text.HAL_SPI_GetState
                0x0800fb80        0x8 libDaisy/build\libdaisy.a(stm32h7xx_hal_spi.o)
                0x0800fb80                HAL_SPI_GetState
 .text.HAL_UART_Transmit_DMA
                0x0800fb88       0xa4 libDaisy/build\libdaisy.a(stm32h7xx_hal_uart.o)
                0x0800fb88                HAL_UART_Transmit_DMA
 .text.HAL_UART_Receive_DMA
                0x0800fc2c       0xac libDaisy/build\libdaisy.a(stm32h7xx_hal_uart.o)
                0x0800fc2c                HAL_UART_Receive_DMA
 .text.UART_DMATransmitCplt
                0x0800fcd8       0x2c libDaisy/build\libdaisy.a(stm32h7xx_hal_uart.o)
 .text.HAL_UART_TxHalfCpltCallback
                0x0800fd04        0x4 libDaisy/build\libdaisy.a(stm32h7xx_hal_uart.o)
                0x0800fd04                HAL_UART_TxHalfCpltCallback
 .text.UART_DMATxHalfCplt
                0x0800fd08        0xc libDaisy/build\libdaisy.a(stm32h7xx_hal_uart.o)
 .text.UART_DMAReceiveCplt
                0x0800fd14       0x38 libDaisy/build\libdaisy.a(stm32h7xx_hal_uart.o)
 .text.HAL_UART_RxHalfCpltCallback
                0x0800fd4c        0x4 libDaisy/build\libdaisy.a(stm32h7xx_hal_uart.o)
                0x0800fd4c                HAL_UART_RxHalfCpltCallback
 .text.UART_DMARxHalfCplt
                0x0800fd50        0xc libDaisy/build\libdaisy.a(stm32h7xx_hal_uart.o)
 .text.UART_DMAError
                0x0800fd5c       0x78 libDaisy/build\libdaisy.a(stm32h7xx_hal_uart.o)
 .text.HAL_UART_IRQHandler
                0x0800fdd4      0x1d0 libDaisy/build\libdaisy.a(stm32h7xx_hal_uart.o)
                0x0800fdd4                HAL_UART_IRQHandler
 .text.UART_DMAAbortOnError
                0x0800ffa4       0x14 libDaisy/build\libdaisy.a(stm32h7xx_hal_uart.o)
 .text.HAL_UART_GetState
                0x0800ffb8        0xc libDaisy/build\libdaisy.a(stm32h7xx_hal_uart.o)
                0x0800ffb8                HAL_UART_GetState
 .text.UART_SetConfig
                0x0800ffc4     0x14b8 libDaisy/build\libdaisy.a(stm32h7xx_hal_uart.o)
                0x0800ffc4                UART_SetConfig
 .text.UART_AdvFeatureConfig
                0x0801147c       0xb0 libDaisy/build\libdaisy.a(stm32h7xx_hal_uart.o)
                0x0801147c                UART_AdvFeatureConfig
 .text.UART_CheckIdleState
                0x0801152c       0x84 libDaisy/build\libdaisy.a(stm32h7xx_hal_uart.o)
                0x0801152c                UART_CheckIdleState
 .text.HAL_UART_Init
                0x080115b0       0x68 libDaisy/build\libdaisy.a(stm32h7xx_hal_uart.o)
                0x080115b0                HAL_UART_Init
 .text.HAL_UARTEx_WakeupCallback
                0x08011618        0x4 libDaisy/build\libdaisy.a(stm32h7xx_hal_uart_ex.o)
                0x08011618                HAL_UARTEx_WakeupCallback
 .text.HAL_UARTEx_RxFifoFullCallback
                0x0801161c        0x4 libDaisy/build\libdaisy.a(stm32h7xx_hal_uart_ex.o)
                0x0801161c                HAL_UARTEx_RxFifoFullCallback
 .text.HAL_UARTEx_TxFifoEmptyCallback
                0x08011620        0x4 libDaisy/build\libdaisy.a(stm32h7xx_hal_uart_ex.o)
                0x08011620                HAL_UARTEx_TxFifoEmptyCallback
 .text.__aeabi_atexit
                0x08011624        0xa c:/users/pedro/desktop/dev/daisytools/windows/bin/../lib/gcc/arm-none-eabi/10.2.1/../../../../arm-none-eabi/lib/thumb/v7e-m+dp/hard\libstdc++_nano.a(atexit_arm.o)
                0x08011624                __aeabi_atexit
 *fill*         0x0801162e        0x2 
 .text.__cxa_atexit
                0x08011630       0x1c c:/users/pedro/desktop/dev/daisytools/windows/bin/../lib/gcc/arm-none-eabi/10.2.1/../../../../arm-none-eabi/lib/thumb/v7e-m+dp/hard\libc_nano.a(lib_a-cxa_atexit.o)
                0x08011630                __cxa_atexit
 .text.__libc_init_array
                0x0801164c       0x48 c:/users/pedro/desktop/dev/daisytools/windows/bin/../lib/gcc/arm-none-eabi/10.2.1/../../../../arm-none-eabi/lib/thumb/v7e-m+dp/hard\libc_nano.a(lib_a-init.o)
                0x0801164c                __libc_init_array
 .text.memcpy   0x08011694       0x1c c:/users/pedro/desktop/dev/daisytools/windows/bin/../lib/gcc/arm-none-eabi/10.2.1/../../../../arm-none-eabi/lib/thumb/v7e-m+dp/hard\libc_nano.a(lib_a-memcpy-stub.o)
                0x08011694                memcpy
 .text.memset   0x080116b0       0x10 c:/users/pedro/desktop/dev/daisytools/windows/bin/../lib/gcc/arm-none-eabi/10.2.1/../../../../arm-none-eabi/lib/thumb/v7e-m+dp/hard\libc_nano.a(lib_a-memset.o)
                0x080116b0                memset
 *(.rodata)
 .rodata        0x080116c0       0x18 libDaisy/build\libdaisy.a(daisy_patch_sm.o)
 .rodata        0x080116d8       0x10 libDaisy/build\libdaisy.a(i2c.o)
 .rodata        0x080116e8       0x10 libDaisy/build\libdaisy.a(tim.o)
 .rodata        0x080116f8       0x12 libDaisy/build\libdaisy.a(uart.o)
 *(.rodata*)
 *fill*         0x0801170a        0x2 
 .rodata._ZN5daisy8patch_sm12DaisyPatchSM2B5E
                0x0801170c        0x2 libDaisy/build\libdaisy.a(daisy_patch_sm.o)
                0x0801170c                daisy::patch_sm::DaisyPatchSM::B5
 *fill*         0x0801170e        0x2 
 .rodata._ZN5daisy8patch_sm12DaisyPatchSM2B6E
                0x08011710        0x2 libDaisy/build\libdaisy.a(daisy_patch_sm.o)
                0x08011710                daisy::patch_sm::DaisyPatchSM::B6
 *fill*         0x08011712        0x2 
 .rodata._ZN5daisy8patch_sm12DaisyPatchSM2B9E
                0x08011714        0x2 libDaisy/build\libdaisy.a(daisy_patch_sm.o)
                0x08011714                daisy::patch_sm::DaisyPatchSM::B9
 *fill*         0x08011716        0x2 
 .rodata._ZN5daisy8patch_sm12DaisyPatchSM3B10E
                0x08011718        0x2 libDaisy/build\libdaisy.a(daisy_patch_sm.o)
                0x08011718                daisy::patch_sm::DaisyPatchSM::B10
 *fill*         0x0801171a        0x2 
 .rodata._ZN5daisy8patch_smL12PIN_USER_LEDE
                0x0801171c        0x2 libDaisy/build\libdaisy.a(daisy_patch_sm.o)
 *fill*         0x0801171e        0x2 
 .rodata._ZL16dsy_adc_rank_map
                0x08011720       0x40 libDaisy/build\libdaisy.a(adc.o)
 .rodata.CSWTCH.35
                0x08011760        0x3 libDaisy/build\libdaisy.a(sai.o)
 *fill*         0x08011763        0x1 
 .rodata.CSWTCH.36
                0x08011764        0xc libDaisy/build\libdaisy.a(sai.o)
 .rodata.CSWTCH.44
                0x08011770       0x14 libDaisy/build\libdaisy.a(sai.o)
 .rodata.D1CorePrescTable
                0x08011784       0x10 libDaisy/build\libdaisy.a(system_stm32h7xx.o)
                0x08011784                D1CorePrescTable
 .rodata.CSWTCH.24
                0x08011794        0x4 libDaisy/build\libdaisy.a(usbd_conf.o)
 .rodata.CSWTCH.19
                0x08011798        0x4 libDaisy/build\libdaisy.a(usbh_conf.o)
 .rodata.gpio_hal_pin_map
                0x0801179c       0x20 libDaisy/build\libdaisy.a(hal_map.o)
 .rodata.gpio_hal_port_map
                0x080117bc       0x30 libDaisy/build\libdaisy.a(hal_map.o)
 .rodata.flagBitshiftOffset.0
                0x080117ec        0x8 libDaisy/build\libdaisy.a(stm32h7xx_hal_dma.o)
 .rodata._ZL13pins_none_spi
                0x080117f4        0x3 libDaisy/build\libdaisy.a(spi.o)
 *fill*         0x080117f7        0x1 
 .rodata._ZL16pins_periphs_spi
                0x080117f8       0x60 libDaisy/build\libdaisy.a(spi.o)
 .rodata.CSWTCH.418
                0x08011858       0x29 libDaisy/build\libdaisy.a(stm32h7xx_hal_uart.o)
 *fill*         0x08011881        0x3 
 .rodata.CSWTCH.419
                0x08011884        0x6 libDaisy/build\libdaisy.a(stm32h7xx_hal_uart.o)
 *fill*         0x0801188a        0x2 
 .rodata.CSWTCH.426
                0x0801188c        0x6 libDaisy/build\libdaisy.a(stm32h7xx_hal_uart.o)
 *(.glue_7)
 .glue_7        0x08011892        0x0 linker stubs
 *(.glue_7t)
 .glue_7t       0x08011892        0x0 linker stubs
 *(.init)
 *fill*         0x08011892        0x2 
 .init          0x08011894        0x4 c:/users/pedro/desktop/dev/daisytools/windows/bin/../lib/gcc/arm-none-eabi/10.2.1/thumb/v7e-m+dp/hard/crti.o
                0x08011894                _init
 .init          0x08011898        0x8 c:/users/pedro/desktop/dev/daisytools/windows/bin/../lib/gcc/arm-none-eabi/10.2.1/thumb/v7e-m+dp/hard/crtn.o
 *(.fini)
 .fini          0x080118a0        0x4 c:/users/pedro/desktop/dev/daisytools/windows/bin/../lib/gcc/arm-none-eabi/10.2.1/thumb/v7e-m+dp/hard/crti.o
                0x080118a0                _fini
 .fini          0x080118a4        0x8 c:/users/pedro/desktop/dev/daisytools/windows/bin/../lib/gcc/arm-none-eabi/10.2.1/thumb/v7e-m+dp/hard/crtn.o
                0x080118ac                . = ALIGN (0x4)
                0x080118ac                _etext = .

.eh_frame       0x080118ac        0x0
 .eh_frame      0x080118ac        0x0 c:/users/pedro/desktop/dev/daisytools/windows/bin/../lib/gcc/arm-none-eabi/10.2.1/thumb/v7e-m+dp/hard/crtbegin.o

.vfp11_veneer   0x080118ac        0x0
 .vfp11_veneer  0x080118ac        0x0 linker stubs

.v4_bx          0x080118ac        0x0
 .v4_bx         0x080118ac        0x0 linker stubs

.iplt           0x080118ac        0x0
 .iplt          0x080118ac        0x0 c:/users/pedro/desktop/dev/daisytools/windows/bin/../lib/gcc/arm-none-eabi/10.2.1/thumb/v7e-m+dp/hard/crtbegin.o

.ARM.extab      0x080118ac        0x0
                0x080118ac                . = ALIGN (0x4)
 *(.ARM.extab)
 *(.gnu.linkonce.armextab.*)
                0x080118ac                . = ALIGN (0x4)

.exidx          0x080118ac        0x8
                0x080118ac                . = ALIGN (0x4)
                [!provide]                PROVIDE (__exidx_start = .)
 *(.ARM.exidx*)
 .ARM.exidx     0x080118ac        0x8 c:/users/pedro/desktop/dev/daisytools/windows/bin/../lib/gcc/arm-none-eabi/10.2.1/thumb/v7e-m+dp/hard\libgcc.a(_udivmoddi4.o)
                0x080118b4                . = ALIGN (0x4)
                [!provide]                PROVIDE (__exidx_end = .)

.rel.dyn        0x080118b4        0x0
 .rel.iplt      0x080118b4        0x0 c:/users/pedro/desktop/dev/daisytools/windows/bin/../lib/gcc/arm-none-eabi/10.2.1/thumb/v7e-m+dp/hard/crtbegin.o

.ARM.attributes
                0x080118b4       0x2e
 *(.ARM.attributes)
 .ARM.attributes
                0x080118b4       0x1e c:/users/pedro/desktop/dev/daisytools/windows/bin/../lib/gcc/arm-none-eabi/10.2.1/thumb/v7e-m+dp/hard/crti.o
 .ARM.attributes
                0x080118d2       0x32 c:/users/pedro/desktop/dev/daisytools/windows/bin/../lib/gcc/arm-none-eabi/10.2.1/thumb/v7e-m+dp/hard/crtbegin.o
 .ARM.attributes
                0x08011904       0x32 build/startup_stm32h750xx.o
 .ARM.attributes
                0x08011936       0x32 build/Reverb.o
 .ARM.attributes
                0x08011968       0x32 libDaisy/build\libdaisy.a(daisy_patch_sm.o)
 .ARM.attributes
                0x0801199a       0x32 libDaisy/build\libdaisy.a(codec_pcm3060.o)
 .ARM.attributes
                0x080119cc       0x32 libDaisy/build\libdaisy.a(sdram.o)
 .ARM.attributes
                0x080119fe       0x32 libDaisy/build\libdaisy.a(audio.o)
 .ARM.attributes
                0x08011a30       0x32 libDaisy/build\libdaisy.a(ctrl.o)
 .ARM.attributes
                0x08011a62       0x32 libDaisy/build\libdaisy.a(gatein.o)
 .ARM.attributes
                0x08011a94       0x32 libDaisy/build\libdaisy.a(adc.o)
 .ARM.attributes
                0x08011ac6       0x32 libDaisy/build\libdaisy.a(dac.o)
 .ARM.attributes
                0x08011af8       0x32 libDaisy/build\libdaisy.a(gpio.o)
 .ARM.attributes
                0x08011b2a       0x32 libDaisy/build\libdaisy.a(i2c.o)
 .ARM.attributes
                0x08011b5c       0x32 libDaisy/build\libdaisy.a(qspi.o)
 .ARM.attributes
                0x08011b8e       0x32 libDaisy/build\libdaisy.a(sai.o)
 .ARM.attributes
                0x08011bc0       0x32 libDaisy/build\libdaisy.a(system.o)
 .ARM.attributes
                0x08011bf2       0x32 libDaisy/build\libdaisy.a(system_stm32h7xx.o)
 .ARM.attributes
                0x08011c24       0x32 libDaisy/build\libdaisy.a(usbd_conf.o)
 .ARM.attributes
                0x08011c56       0x32 libDaisy/build\libdaisy.a(usbh_conf.o)
 .ARM.attributes
                0x08011c88       0x32 libDaisy/build\libdaisy.a(hal_map.o)
 .ARM.attributes
                0x08011cba       0x32 libDaisy/build\libdaisy.a(stm32h7xx_hal.o)
 .ARM.attributes
                0x08011cec       0x32 libDaisy/build\libdaisy.a(stm32h7xx_hal_adc.o)
 .ARM.attributes
                0x08011d1e       0x32 libDaisy/build\libdaisy.a(stm32h7xx_hal_adc_ex.o)
 .ARM.attributes
                0x08011d50       0x32 libDaisy/build\libdaisy.a(stm32h7xx_hal_cortex.o)
 .ARM.attributes
                0x08011d82       0x32 libDaisy/build\libdaisy.a(stm32h7xx_hal_dac.o)
 .ARM.attributes
                0x08011db4       0x32 libDaisy/build\libdaisy.a(stm32h7xx_hal_dac_ex.o)
 .ARM.attributes
                0x08011de6       0x32 libDaisy/build\libdaisy.a(stm32h7xx_hal_dma.o)
 .ARM.attributes
                0x08011e18       0x32 libDaisy/build\libdaisy.a(stm32h7xx_hal_gpio.o)
 .ARM.attributes
                0x08011e4a       0x32 libDaisy/build\libdaisy.a(stm32h7xx_hal_hcd.o)
 .ARM.attributes
                0x08011e7c       0x32 libDaisy/build\libdaisy.a(stm32h7xx_hal_i2c.o)
 .ARM.attributes
                0x08011eae       0x32 libDaisy/build\libdaisy.a(stm32h7xx_hal_i2c_ex.o)
 .ARM.attributes
                0x08011ee0       0x32 libDaisy/build\libdaisy.a(stm32h7xx_hal_pcd.o)
 .ARM.attributes
                0x08011f12       0x32 libDaisy/build\libdaisy.a(stm32h7xx_hal_pcd_ex.o)
 .ARM.attributes
                0x08011f44       0x32 libDaisy/build\libdaisy.a(stm32h7xx_hal_pwr_ex.o)
 .ARM.attributes
                0x08011f76       0x32 libDaisy/build\libdaisy.a(stm32h7xx_hal_qspi.o)
 .ARM.attributes
                0x08011fa8       0x32 libDaisy/build\libdaisy.a(stm32h7xx_hal_rcc.o)
 .ARM.attributes
                0x08011fda       0x32 libDaisy/build\libdaisy.a(stm32h7xx_hal_rcc_ex.o)
 .ARM.attributes
                0x0801200c       0x32 libDaisy/build\libdaisy.a(stm32h7xx_hal_sai.o)
 .ARM.attributes
                0x0801203e       0x32 libDaisy/build\libdaisy.a(stm32h7xx_hal_sdram.o)
 .ARM.attributes
                0x08012070       0x32 libDaisy/build\libdaisy.a(stm32h7xx_hal_tim.o)
 .ARM.attributes
                0x080120a2       0x32 libDaisy/build\libdaisy.a(stm32h7xx_hal_tim_ex.o)
 .ARM.attributes
                0x080120d4       0x32 libDaisy/build\libdaisy.a(stm32h7xx_ll_fmc.o)
 .ARM.attributes
                0x08012106       0x32 libDaisy/build\libdaisy.a(stm32h7xx_ll_usb.o)
 .ARM.attributes
                0x08012138       0x32 libDaisy/build\libdaisy.a(usbd_core.o)
 .ARM.attributes
                0x0801216a       0x32 libDaisy/build\libdaisy.a(usbd_ctlreq.o)
 .ARM.attributes
                0x0801219c       0x32 libDaisy/build\libdaisy.a(usbd_ioreq.o)
 .ARM.attributes
                0x080121ce       0x32 libDaisy/build\libdaisy.a(usbh_core.o)
 .ARM.attributes
                0x08012200       0x32 libDaisy/build\libdaisy.a(usbh_pipes.o)
 .ARM.attributes
                0x08012232       0x32 libDaisy/build\libdaisy.a(rng.o)
 .ARM.attributes
                0x08012264       0x32 libDaisy/build\libdaisy.a(spi.o)
 .ARM.attributes
                0x08012296       0x32 libDaisy/build\libdaisy.a(tim.o)
 .ARM.attributes
                0x080122c8       0x32 libDaisy/build\libdaisy.a(uart.o)
 .ARM.attributes
                0x080122fa       0x32 libDaisy/build\libdaisy.a(dma.o)
 .ARM.attributes
                0x0801232c       0x32 libDaisy/build\libdaisy.a(stm32h7xx_hal_mdma.o)
 .ARM.attributes