Archive member included to satisfy reference by file (symbol)

libDaisy/build\libdaisy.a(daisy_patch_sm.o)
                              build/ReverbExample.o (daisy::patch_sm::DaisyPatchSM::Init())
libDaisy/build\libdaisy.a(codec_pcm3060.o)
                              libDaisy/build\libdaisy.a(daisy_patch_sm.o) (daisy::Pcm3060::Init(daisy::I2CHandle))
libDaisy/build\libdaisy.a(sdram.o)
                              libDaisy/build\libdaisy.a(daisy_patch_sm.o) (SdramHandle::Init())
libDaisy/build\libdaisy.a(audio.o)
                              libDaisy/build\libdaisy.a(daisy_patch_sm.o) (daisy::AudioHandle::Init(daisy::AudioHandle::Config const&, daisy::SaiHandle))
libDaisy/build\libdaisy.a(ctrl.o)
                              libDaisy/build\libdaisy.a(daisy_patch_sm.o) (daisy::AnalogControl::Init(unsigned short*, float, bool, bool, float))
libDaisy/build\libdaisy.a(gatein.o)
                              libDaisy/build\libdaisy.a(daisy_patch_sm.o) (daisy::GateIn::Init(dsy_gpio_pin*, bool))
libDaisy/build\libdaisy.a(adc.o)
                              libDaisy/build\libdaisy.a(daisy_patch_sm.o) (daisy::AdcChannelConfig::InitSingle(dsy_gpio_pin))
libDaisy/build\libdaisy.a(dac.o)
                              libDaisy/build\libdaisy.a(daisy_patch_sm.o) (daisy::DacHandle::Init(daisy::DacHandle::Config const&))
libDaisy/build\libdaisy.a(gpio.o)
                              libDaisy/build\libdaisy.a(daisy_patch_sm.o) (dsy_gpio_init)
libDaisy/build\libdaisy.a(i2c.o)
                              libDaisy/build\libdaisy.a(daisy_patch_sm.o) (daisy::I2CHandle::Init(daisy::I2CHandle::Config const&))
libDaisy/build\libdaisy.a(qspi.o)
                              libDaisy/build\libdaisy.a(daisy_patch_sm.o) (daisy::QSPIHandle::Init(daisy::QSPIHandle::Config const&))
libDaisy/build\libdaisy.a(sai.o)
                              libDaisy/build\libdaisy.a(daisy_patch_sm.o) (daisy::SaiHandle::Init(daisy::SaiHandle::Config const&))
libDaisy/build\libdaisy.a(system.o)
                              libDaisy/build\libdaisy.a(codec_pcm3060.o) (daisy::System::Delay(unsigned long))
libDaisy/build\libdaisy.a(system_stm32h7xx.o)
                              build/startup_stm32h750xx.o (SystemInit)
libDaisy/build\libdaisy.a(usbd_conf.o)
                              libDaisy/build\libdaisy.a(system.o) (hpcd_USB_OTG_HS)
libDaisy/build\libdaisy.a(usbh_conf.o)
                              libDaisy/build\libdaisy.a(system.o) (hhcd_USB_OTG_HS)
libDaisy/build\libdaisy.a(hal_map.o)
                              libDaisy/build\libdaisy.a(gpio.o) (dsy_hal_map_get_port)
libDaisy/build\libdaisy.a(stm32h7xx_hal.o)
                              libDaisy/build\libdaisy.a(system.o) (HAL_Init)
libDaisy/build\libdaisy.a(stm32h7xx_hal_adc.o)
                              libDaisy/build\libdaisy.a(adc.o) (HAL_ADC_ConfigChannel)
libDaisy/build\libdaisy.a(stm32h7xx_hal_adc_ex.o)
                              libDaisy/build\libdaisy.a(adc.o) (HAL_ADCEx_Calibration_Start)
libDaisy/build\libdaisy.a(stm32h7xx_hal_cortex.o)
                              libDaisy/build\libdaisy.a(stm32h7xx_hal.o) (HAL_NVIC_SetPriorityGrouping)
libDaisy/build\libdaisy.a(stm32h7xx_hal_dac.o)
                              libDaisy/build\libdaisy.a(dac.o) (HAL_DAC_Init)
libDaisy/build\libdaisy.a(stm32h7xx_hal_dac_ex.o)
                              libDaisy/build\libdaisy.a(stm32h7xx_hal_dac.o) (HAL_DACEx_DMAUnderrunCallbackCh2)
libDaisy/build\libdaisy.a(stm32h7xx_hal_dma.o)
                              libDaisy/build\libdaisy.a(adc.o) (HAL_DMA_Init)
libDaisy/build\libdaisy.a(stm32h7xx_hal_gpio.o)
                              libDaisy/build\libdaisy.a(sdram.o) (HAL_GPIO_Init)
libDaisy/build\libdaisy.a(stm32h7xx_hal_hcd.o)
                              libDaisy/build\libdaisy.a(usbh_conf.o) (HAL_HCD_HC_Init)
libDaisy/build\libdaisy.a(stm32h7xx_hal_i2c.o)
                              libDaisy/build\libdaisy.a(i2c.o) (HAL_I2C_Init)
libDaisy/build\libdaisy.a(stm32h7xx_hal_i2c_ex.o)
                              libDaisy/build\libdaisy.a(i2c.o) (HAL_I2CEx_ConfigAnalogFilter)
libDaisy/build\libdaisy.a(stm32h7xx_hal_pcd.o)
                              libDaisy/build\libdaisy.a(usbd_conf.o) (HAL_PCD_Init)
libDaisy/build\libdaisy.a(stm32h7xx_hal_pcd_ex.o)
                              libDaisy/build\libdaisy.a(usbd_conf.o) (HAL_PCDEx_SetTxFiFo)
libDaisy/build\libdaisy.a(stm32h7xx_hal_pwr_ex.o)
                              libDaisy/build\libdaisy.a(system.o) (HAL_PWREx_ConfigSupply)
libDaisy/build\libdaisy.a(stm32h7xx_hal_qspi.o)
                              libDaisy/build\libdaisy.a(qspi.o) (HAL_QSPI_Init)
libDaisy/build\libdaisy.a(stm32h7xx_hal_rcc.o)
                              libDaisy/build\libdaisy.a(system.o) (HAL_RCC_OscConfig)
libDaisy/build\libdaisy.a(stm32h7xx_hal_rcc_ex.o)
                              libDaisy/build\libdaisy.a(system.o) (HAL_RCCEx_PeriphCLKConfig)
libDaisy/build\libdaisy.a(stm32h7xx_hal_sai.o)
[...]
Memory Configuration

Name             Origin             Length             Attributes
FLASH            0x08000000         0x00020000         xr
DTCMRAM          0x20000000         0x00020000         xrw
SRAM             0x24000000         0x00080000         xrw
RAM_D2           0x30000000         0x00048000         xrw
RAM_D3           0x38000000         0x00010000         xrw
ITCMRAM          0x00000000         0x00010000         xrw
SDRAM            0xc0000000         0x04000000         xrw
QSPIFLASH        0x90000000         0x00800000         xr
*default*        0x00000000         0xffffffff

Linker script and memory map

LOAD c:/users/pedro/desktop/dev/daisytools/windows/bin/../lib/gcc/arm-none-eabi/10.2.1/thumb/v7e-m+dp/hard/crti.o
LOAD c:/users/pedro/desktop/dev/daisytools/windows/bin/../lib/gcc/arm-none-eabi/10.2.1/thumb/v7e-m+dp/hard/crtbegin.o
LOAD c:/users/pedro/desktop/dev/daisytools/windows/bin/../lib/gcc/arm-none-eabi/10.2.1/../../../../arm-none-eabi/lib/thumb/v7e-m+dp/hard/crt0.o
LOAD build/startup_stm32h750xx.o
LOAD build/ReverbExample.o
LOAD libDaisy/build\libdaisy.a
LOAD c:/users/pedro/desktop/dev/daisytools/windows/bin/../lib/gcc/arm-none-eabi/10.2.1/../../../../arm-none-eabi/lib/thumb/v7e-m+dp/hard\libnosys.a
LOAD DaisySP/build\libdaisysp.a
LOAD c:/users/pedro/desktop/dev/daisytools/windows/bin/../lib/gcc/arm-none-eabi/10.2.1/../../../../arm-none-eabi/lib/thumb/v7e-m+dp/hard\libstdc++_nano.a
LOAD c:/users/pedro/desktop/dev/daisytools/windows/bin/../lib/gcc/arm-none-eabi/10.2.1/../../../../arm-none-eabi/lib/thumb/v7e-m+dp/hard\libm.a
LOAD c:/users/pedro/desktop/dev/daisytools/windows/bin/../lib/gcc/arm-none-eabi/10.2.1/../../../../arm-none-eabi/lib/thumb/v7e-m+dp/hard\libc_nano.a
START GROUP
LOAD c:/users/pedro/desktop/dev/daisytools/windows/bin/../lib/gcc/arm-none-eabi/10.2.1/thumb/v7e-m+dp/hard\libgcc.a
LOAD c:/users/pedro/desktop/dev/daisytools/windows/bin/../lib/gcc/arm-none-eabi/10.2.1/../../../../arm-none-eabi/lib/thumb/v7e-m+dp/hard\libc_nano.a
END GROUP
START GROUP
LOAD c:/users/pedro/desktop/dev/daisytools/windows/bin/../lib/gcc/arm-none-eabi/10.2.1/thumb/v7e-m+dp/hard\libgcc.a
LOAD c:/users/pedro/desktop/dev/daisytools/windows/bin/../lib/gcc/arm-none-eabi/10.2.1/../../../../arm-none-eabi/lib/thumb/v7e-m+dp/hard\libc_nano.a
LOAD c:/users/pedro/desktop/dev/daisytools/windows/bin/../lib/gcc/arm-none-eabi/10.2.1/../../../../arm-none-eabi/lib/thumb/v7e-m+dp/hard\libnosys.a
END GROUP
START GROUP
LOAD c:/users/pedro/desktop/dev/daisytools/windows/bin/../lib/gcc/arm-none-eabi/10.2.1/thumb/v7e-m+dp/hard\libgcc.a
LOAD c:/users/pedro/desktop/dev/daisytools/windows/bin/../lib/gcc/arm-none-eabi/10.2.1/../../../../arm-none-eabi/lib/thumb/v7e-m+dp/hard\libc_nano.a
LOAD c:/users/pedro/desktop/dev/daisytools/windows/bin/../lib/gcc/arm-none-eabi/10.2.1/../../../../arm-none-eabi/lib/thumb/v7e-m+dp/hard\libnosys.a
END GROUP
LOAD c:/users/pedro/desktop/dev/daisytools/windows/bin/../lib/gcc/arm-none-eabi/10.2.1/thumb/v7e-m+dp/hard/crtend.o
LOAD c:/users/pedro/desktop/dev/daisytools/windows/bin/../lib/gcc/arm-none-eabi/10.2.1/thumb/v7e-m+dp/hard/crtn.o
                0x20020000                _estack = 0x20020000

.isr_vector     0x08000000      0x298
                0x08000000                . = ALIGN (0x4)
 *(.isr_vector)
 .isr_vector    0x08000000      0x298 build/startup_stm32h750xx.o
                0x08000000                g_pfnVectors
                0x08000298                . = ALIGN (0x4)

.text           0x08000298    0x12548
                0x08000298                . = ALIGN (0x4)
                0x08000298                _stext = .
 *(.text)
 .text          0x08000298       0x40 c:/users/pedro/desktop/dev/daisytools/windows/bin/../lib/gcc/arm-none-eabi/10.2.1/thumb/v7e-m+dp/hard/crtbegin.o
 .text          0x080002d8      0x378 c:/users/pedro/desktop/dev/daisytools/windows/bin/../lib/gcc/arm-none-eabi/10.2.1/thumb/v7e-m+dp/hard\libgcc.a(_arm_addsubdf3.o)
                0x080002d8                __aeabi_drsub
                0x080002e0                __aeabi_dsub
                0x080002e0                __subdf3
                0x080002e4                __aeabi_dadd
                0x080002e4                __adddf3
                0x0800055c                __floatunsidf
                0x0800055c                __aeabi_ui2d
                0x0800057c                __floatsidf
                0x0800057c                __aeabi_i2d
                0x080005a0                __aeabi_f2d
                0x080005a0                __extendsfdf2
                0x080005e4                __floatundidf
                0x080005e4                __aeabi_ul2d
                0x080005f4                __floatdidf
                0x080005f4                __aeabi_l2d
 .text          0x08000650       0x30 c:/users/pedro/desktop/dev/daisytools/windows/bin/../lib/gcc/arm-none-eabi/10.2.1/thumb/v7e-m+dp/hard\libgcc.a(_aeabi_uldivmod.o)
                0x08000650                __aeabi_uldivmod
 .text          0x08000680      0x2d0 c:/users/pedro/desktop/dev/daisytools/windows/bin/../lib/gcc/arm-none-eabi/10.2.1/thumb/v7e-m+dp/hard\libgcc.a(_udivmoddi4.o)
                0x08000680                __udivmoddi4
 .text          0x08000950        0x4 c:/users/pedro/desktop/dev/daisytools/windows/bin/../lib/gcc/arm-none-eabi/10.2.1/thumb/v7e-m+dp/hard\libgcc.a(_dvmd_tls.o)
                0x08000950                __aeabi_idiv0
                0x08000950                __aeabi_ldiv0
 *(.text*)
 .text.Default_Handler
                0x08000954        0x4 build/startup_stm32h750xx.o
                0x08000954                RTC_Alarm_IRQHandler
                0x08000954                HASH_RNG_IRQHandler
                0x08000954                EXTI2_IRQHandler
                0x08000954                TIM8_CC_IRQHandler
                0x08000954                HRTIM1_Master_IRQHandler
                0x08000954                DebugMon_Handler
                0x08000954                TIM1_CC_IRQHandler
                0x08000954                BDMA_Channel6_IRQHandler
                0x08000954                DMA2_Stream5_IRQHandler
                0x08000954                HRTIM1_FLT_IRQHandler
                0x08000954                JPEG_IRQHandler
                0x08000954                BDMA_Channel1_IRQHandler
                0x08000954                HRTIM1_TIMD_IRQHandler
                0x08000954                TAMP_STAMP_IRQHandler
                0x08000954                PendSV_Handler
                0x08000954                NMI_Handler
                0x08000954                EXTI3_IRQHandler
                0x08000954                LPTIM4_IRQHandler
                0x08000954                TIM8_TRG_COM_TIM14_IRQHandler
                0x08000954                LPTIM2_IRQHandler
                0x08000954                DFSDM1_FLT1_IRQHandler
                0x08000954                DMAMUX2_OVR_IRQHandler
                0x08000954                TIM8_UP_TIM13_IRQHandler
                0x08000954                I2C3_ER_IRQHandler
                0x08000954                DFSDM1_FLT2_IRQHandler
                0x08000954                MDMA_IRQHandler
                0x08000954                LPTIM3_IRQHandler
                0x08000954                HSEM1_IRQHandler
                0x08000954                EXTI0_IRQHandler
                0x08000954                FPU_IRQHandler
                0x08000954                OTG_HS_WKUP_IRQHandler
                0x08000954                FDCAN1_IT1_IRQHandler
                0x08000954                UsageFault_Handler
                0x08000954                LTDC_ER_IRQHandler
                0x08000954                HRTIM1_TIME_IRQHandler
                0x08000954                DCMI_IRQHandler
                0x08000954                HRTIM1_TIMC_IRQHandler
                0x08000954                SAI2_IRQHandler
                0x08000954                DFSDM1_FLT3_IRQHandler
                0x08000954                TIM17_IRQHandler
                0x08000954                CRYP_IRQHandler
                0x08000954                BDMA_Channel7_IRQHandler
                0x08000954                LPTIM5_IRQHandler
                0x08000954                ADC3_IRQHandler
                0x08000954                BDMA_Channel2_IRQHandler
                0x08000954                DMAMUX1_OVR_IRQHandler
                0x08000954                TIM16_IRQHandler
                0x08000954                BDMA_Channel5_IRQHandler
                0x08000954                RCC_IRQHandler
                0x08000954                TIM8_BRK_TIM12_IRQHandler
                0x08000954                TIM1_TRG_COM_IRQHandler
                0x08000954                Default_Handler
                0x08000954                ECC_IRQHandler
                0x08000954                CEC_IRQHandler
                0x08000954                EXTI15_10_IRQHandler
                0x08000954                BDMA_Channel0_IRQHandler
                0x08000954                ADC_IRQHandler
                0x08000954                DMA1_Stream7_IRQHandler
                0x08000954                HRTIM1_TIMA_IRQHandler
                0x08000954                TIM7_IRQHandler
                0x08000954                SDMMC1_IRQHandler
                0x08000954                DMA2_Stream7_IRQHandler
                0x08000954                TIM15_IRQHandler
                0x08000954                PVD_AVD_IRQHandler
                0x08000954                EXTI9_5_IRQHandler
                0x08000954                RTC_WKUP_IRQHandler
                0x08000954                LTDC_IRQHandler
                0x08000954                SAI3_IRQHandler
                0x08000954                ETH_WKUP_IRQHandler
                0x08000954                SPDIF_RX_IRQHandler
                0x08000954                MemManage_Handler
                0x08000954                SVC_Handler
                0x08000954                CRS_IRQHandler
                0x08000954                EXTI4_IRQHandler
                0x08000954                HRTIM1_TIMB_IRQHandler
                0x08000954                FDCAN2_IT1_IRQHandler
                0x08000954                ETH_IRQHandler
                0x08000954                TIM1_UP_IRQHandler
                0x08000954                BDMA_Channel4_IRQHandler
                0x08000954                WWDG_IRQHandler
                0x08000954                SPI6_IRQHandler
                0x08000954                I2C4_EV_IRQHandler
                0x08000954                MDIOS_IRQHandler
                0x08000954                FDCAN2_IT0_IRQHandler
                0x08000954                FDCAN1_IT0_IRQHandler
                0x08000954                OTG_FS_WKUP_IRQHandler
                0x08000954                DMA2D_IRQHandler
                0x08000954                TIM1_BRK_IRQHandler
                0x08000954                EXTI1_IRQHandler
                0x08000954                SDMMC2_IRQHandler
                0x08000954                OTG_FS_EP1_OUT_IRQHandler
                0x08000954                BDMA_Channel3_IRQHandler
                0x08000954                MDIOS_WKUP_IRQHandler
                0x08000954                DFSDM1_FLT0_IRQHandler
                0x08000954                SAI4_IRQHandler
                0x08000954                I2C2_ER_IRQHandler
                0x08000954                FLASH_IRQHandler
                0x08000954                BusFault_Handler
                0x08000954                OTG_FS_IRQHandler
                0x08000954                WAKEUP_PIN_IRQHandler
                0x08000954                OTG_FS_EP1_IN_IRQHandler
                0x08000954                I2C1_ER_IRQHandler
                0x08000954                FMC_IRQHandler
                0x08000954                FDCAN_CAL_IRQHandler
                0x08000954                SWPMI1_IRQHandler
                0x08000954                COMP1_IRQHandler
                0x08000954                LPTIM1_IRQHandler
                0x08000954                I2C4_ER_IRQHandler
                0x08000954                DMA2_Stream6_IRQHandler
                0x08000954                SAI1_IRQHandler
 .text.Reset_Handler
                0x08000958       0x44 build/startup_stm32h750xx.o
                0x08000958                Reset_Handler
 .text._ZN5daisy8patch_sm12DaisyPatchSMD2Ev
                0x0800099c        0x4 build/ReverbExample.o
                0x0800099c                daisy::patch_sm::DaisyPatchSM::~DaisyPatchSM()
                0x0800099c                daisy::patch_sm::DaisyPatchSM::~DaisyPatchSM()
 .text._ZN7daisysp8ReverbScD2Ev
                0x080009a0        0x4 build/ReverbExample.o
                0x080009a0                daisysp::ReverbSc::~ReverbSc()
                0x080009a0                daisysp::ReverbSc::~ReverbSc()
 .text._Z13AudioCallbackPKPKfPPfj
                0x080009a4      0x120 build/ReverbExample.o
                0x080009a4                AudioCallback(float const* const*, float**, unsigned int)
 .text.startup.main
                0x08000ac4       0x2c build/ReverbExample.o
                0x08000ac4                main
 .text.startup._GLOBAL__sub_I_patch
                0x08000af0       0x38 build/ReverbExample.o
 .text._ZN5daisy8patch_sm12DaisyPatchSM4Impl19InternalDacCallbackEPPtj
                0x08000b28       0xa8 libDaisy/build\libdaisy.a(daisy_patch_sm.o)
                0x08000b28                daisy::patch_sm::DaisyPatchSM::Impl::InternalDacCallback(unsigned short**, unsigned int)
 .text._ZN5daisy8patch_sm12DaisyPatchSM4InitEv
                0x08000bd0      0x27c libDaisy/build\libdaisy.a(daisy_patch_sm.o)
                0x08000bd0                daisy::patch_sm::DaisyPatchSM::Init()
 .text._ZN5daisy8patch_sm12DaisyPatchSM10StartAudioEPFvPKPKfPPfjE
                0x08000e4c        0x8 libDaisy/build\libdaisy.a(daisy_patch_sm.o)
                0x08000e4c                daisy::patch_sm::DaisyPatchSM::StartAudio(void (*)(float const* const*, float**, unsigned int))
 .text._ZN5daisy8patch_sm12DaisyPatchSM15AudioSampleRateEv
                0x08000e54        0x8 libDaisy/build\libdaisy.a(daisy_patch_sm.o)
                0x08000e54                daisy::patch_sm::DaisyPatchSM::AudioSampleRate()
 .text._ZN5daisy8patch_sm12DaisyPatchSM21ProcessAnalogControlsEv
                0x08000e5c       0x18 libDaisy/build\libdaisy.a(daisy_patch_sm.o)
                0x08000e5c                daisy::patch_sm::DaisyPatchSM::ProcessAnalogControls()
 .text._ZN5daisy8patch_sm12DaisyPatchSM11GetAdcValueEi
                0x08000e74        0xc libDaisy/build\libdaisy.a(daisy_patch_sm.o)
                0x08000e74                daisy::patch_sm::DaisyPatchSM::GetAdcValue(int)
 .text.startup._GLOBAL__sub_I__ZN5daisy8patch_sm12DaisyPatchSM2A1E
                0x08000e80       0x28 libDaisy/build\libdaisy.a(daisy_patch_sm.o)
 .text._ZN5daisy7Pcm30604InitENS_9I2CHandleE
                0x08000ea8      0x16c libDaisy/build\libdaisy.a(codec_pcm3060.o)
                0x08000ea8                daisy::Pcm3060::Init(daisy::I2CHandle)
 .text._ZN11SdramHandle10DeviceInitEv
                0x08001014       0x98 libDaisy/build\libdaisy.a(sdram.o)
                0x08001014                SdramHandle::DeviceInit()
 .text._ZN11SdramHandle4InitEv
                0x080010ac       0x7c libDaisy/build\libdaisy.a(sdram.o)
                0x080010ac                SdramHandle::Init()
 .text.HAL_SDRAM_MspInit
                0x08001128      0x1a8 libDaisy/build\libdaisy.a(sdram.o)
                0x08001128                HAL_SDRAM_MspInit
 .text._ZN5daisy11AudioHandle4Impl16InternalCallbackEPlS2_j
                0x080012d0      0xbbc libDaisy/build\libdaisy.a(audio.o)
                0x080012d0                daisy::AudioHandle::Impl::InternalCallback(long*, long*, unsigned int)
 .text._ZN5daisy11AudioHandle4InitERKNS0_6ConfigENS_9SaiHandleE
                0x08001e8c       0x70 libDaisy/build\libdaisy.a(audio.o)
                0x08001e8c                daisy::AudioHandle::Init(daisy::AudioHandle::Config const&, daisy::SaiHandle)
 .text._ZNK5daisy11AudioHandle9GetConfigEv
                0x08001efc        0x8 libDaisy/build\libdaisy.a(audio.o)
                0x08001efc                daisy::AudioHandle::GetConfig() const
 .text._ZN5daisy11AudioHandle13GetSampleRateEv
                0x08001f04        0x8 libDaisy/build\libdaisy.a(audio.o)
                0x08001f04                daisy::AudioHandle::GetSampleRate()
 .text._ZN5daisy11AudioHandle5StartEPFvPKPKfPPfjE
                0x08001f0c       0x44 libDaisy/build\libdaisy.a(audio.o)
                0x08001f0c                daisy::AudioHandle::Start(void (*)(float const* const*, float**, unsigned int))
 .text.startup._GLOBAL__sub_I__ZN5daisy11AudioHandle4Impl4InitENS0_6ConfigENS_9SaiHandleE
                0x08001f50       0x24 libDaisy/build\libdaisy.a(audio.o)
 .text._ZN5daisy13AnalogControl4InitEPtfbbf
                0x08001f74       0x64 libDaisy/build\libdaisy.a(ctrl.o)
                0x08001f74                daisy::AnalogControl::Init(unsigned short*, float, bool, bool, float)
 .text._ZN5daisy13AnalogControl13InitBipolarCvEPtf
                0x08001fd8       0x6c libDaisy/build\libdaisy.a(ctrl.o)
                0x08001fd8                daisy::AnalogControl::InitBipolarCv(unsigned short*, float)
 .text._ZN5daisy13AnalogControl7ProcessEv
                0x08002044       0x48 libDaisy/build\libdaisy.a(ctrl.o)
                0x08002044                daisy::AnalogControl::Process()
 .text._ZN5daisy6GateIn4InitEP12dsy_gpio_pinb
                0x0800208c       0x14 libDaisy/build\libdaisy.a(gatein.o)
                0x0800208c                daisy::GateIn::Init(dsy_gpio_pin*, bool)
 .text._ZN5daisy16AdcChannelConfig10InitSingleE12dsy_gpio_pin
                0x080020a0       0x1c libDaisy/build\libdaisy.a(adc.o)
                0x080020a0                daisy::AdcChannelConfig::InitSingle(dsy_gpio_pin)
 .text._ZN5daisy9AdcHandle4InitEPNS_16AdcChannelConfigEjNS0_12OverSamplingE
                0x080020bc      0x3c8 libDaisy/build\libdaisy.a(adc.o)
                0x080020bc                daisy::AdcHandle::Init(daisy::AdcChannelConfig*, unsigned int, daisy::AdcHandle::OverSampling)
 .text._ZN5daisy9AdcHandle5StartEv
                0x08002484       0x2c libDaisy/build\libdaisy.a(adc.o)
                0x08002484                daisy::AdcHandle::Start()
 .text._ZNK5daisy9AdcHandle6GetPtrEh
                0x080024b0       0x14 libDaisy/build\libdaisy.a(adc.o)
                0x080024b0                daisy::AdcHandle::GetPtr(unsigned char) const
 .text.HAL_ADC_MspInit
                0x080024c4       0x98 libDaisy/build\libdaisy.a(adc.o)
                0x080024c4                HAL_ADC_MspInit
 .text.DMA1_Stream2_IRQHandler
                0x0800255c        0xc libDaisy/build\libdaisy.a(adc.o)
                0x0800255c                DMA1_Stream2_IRQHandler
 .text.HAL_ADC_ConvCpltCallback
                0x08002568      0x148 libDaisy/build\libdaisy.a(adc.o)
                0x08002568                HAL_ADC_ConvCpltCallback
 .text.HAL_ADC_ErrorCallback
                0x080026b0        0x4 libDaisy/build\libdaisy.a(adc.o)
                0x080026b0                HAL_ADC_ErrorCallback
 .text.HAL_DAC_MspInit
                0x080026b4      0x15c libDaisy/build\libdaisy.a(dac.o)
                0x080026b4                HAL_DAC_MspInit
 .text.DMA2_Stream0_IRQHandler
                0x08002810        0xc libDaisy/build\libdaisy.a(dac.o)
                0x08002810                DMA2_Stream0_IRQHandler
 .text.DMA2_Stream1_IRQHandler
                0x0800281c        0xc libDaisy/build\libdaisy.a(dac.o)
                0x0800281c                DMA2_Stream1_IRQHandler
 .text.TIM6_DAC_IRQHandler
                0x08002828       0x1c libDaisy/build\libdaisy.a(dac.o)
                0x08002828                TIM6_DAC_IRQHandler
 .text.HAL_DAC_ConvCpltCallbackCh1
                0x08002844       0x60 libDaisy/build\libdaisy.a(dac.o)
                0x08002844                HAL_DAC_ConvCpltCallbackCh1
 .text.HAL_DAC_ConvHalfCpltCallbackCh1
                0x080028a4       0x54 libDaisy/build\libdaisy.a(dac.o)
                0x080028a4                HAL_DAC_ConvHalfCpltCallbackCh1
 .text.HAL_DACEx_ConvHalfCpltCallbackCh2
                0x080028f8       0x2c libDaisy/build\libdaisy.a(dac.o)
                0x080028f8                HAL_DACEx_ConvHalfCpltCallbackCh2
 .text.HAL_DACEx_ConvCpltCallbackCh2
                0x08002924       0x34 libDaisy/build\libdaisy.a(dac.o)
                0x08002924                HAL_DACEx_ConvCpltCallbackCh2
 .text._ZN5daisy9DacHandle4InitERKNS0_6ConfigE
                0x08002958       0xfc libDaisy/build\libdaisy.a(dac.o)
                0x08002958                daisy::DacHandle::Init(daisy::DacHandle::Config const&)
 .text._ZN5daisy9DacHandle5StartEPtS1_jPFvPS1_jE
                0x08002a54       0x6c libDaisy/build\libdaisy.a(dac.o)
                0x08002a54                daisy::DacHandle::Start(unsigned short*, unsigned short*, unsigned int, void (*)(unsigned short**, unsigned int))
 .text._ZN5daisy9DacHandle4StopEv
                0x08002ac0       0x40 libDaisy/build\libdaisy.a(dac.o)
                0x08002ac0                daisy::DacHandle::Stop()
 .text.dsy_gpio_init
                0x08002b00      0x1b8 libDaisy/build\libdaisy.a(gpio.o)
                0x08002b00                dsy_gpio_init
 .text.dsy_gpio_write
                0x08002cb8       0x24 libDaisy/build\libdaisy.a(gpio.o)
                0x08002cb8                dsy_gpio_write
 .text._ZN5daisy9I2CHandle4Impl8InitPinsEv
                0x08002cdc       0x58 libDaisy/build\libdaisy.a(i2c.o)
                0x08002cdc                daisy::I2CHandle::Impl::InitPins()
 .text.HAL_I2C_MspInit
                0x08002d34      0x1b4 libDaisy/build\libdaisy.a(i2c.o)
                0x08002d34                HAL_I2C_MspInit
 .text.dsy_i2c_global_init
                0x08002ee8       0x78 libDaisy/build\libdaisy.a(i2c.o)
                0x08002ee8                dsy_i2c_global_init
 .text.DMA1_Stream6_IRQHandler
                0x08002f60       0x34 libDaisy/build\libdaisy.a(i2c.o)
                0x08002f60                DMA1_Stream6_IRQHandler
 .text.I2C1_EV_IRQHandler
                0x08002f94        0xc libDaisy/build\libdaisy.a(i2c.o)
                0x08002f94                I2C1_EV_IRQHandler
 .text.I2C2_EV_IRQHandler
                0x08002fa0        0xc libDaisy/build\libdaisy.a(i2c.o)
                0x08002fa0                I2C2_EV_IRQHandler
 .text.I2C3_EV_IRQHandler
                0x08002fac        0xc libDaisy/build\libdaisy.a(i2c.o)
                0x08002fac                I2C3_EV_IRQHandler
 .text._ZN5daisy9I2CHandle4InitERKNS0_6ConfigE
                0x08002fb8      0x12c libDaisy/build\libdaisy.a(i2c.o)
                0x08002fb8                daisy::I2CHandle::Init(daisy::I2CHandle::Config const&)
 .text._ZN5daisy9I2CHandle17ReadDataAtAddressEtttPhtm
                0x080030e4       0x4c libDaisy/build\libdaisy.a(i2c.o)
                0x080030e4                daisy::I2CHandle::ReadDataAtAddress(unsigned short, unsigned short, unsigned short, unsigned char*, unsigned short, unsigned long)
 .text._ZN5daisy9I2CHandle18WriteDataAtAddressEtttPhtm
                0x08003130       0x4c libDaisy/build\libdaisy.a(i2c.o)
                0x08003130                daisy::I2CHandle::WriteDataAtAddress(unsigned short, unsigned short, unsigned short, unsigned char*, unsigned short, unsigned long)
 .text.startup._GLOBAL__sub_I__ZN5daisy9I2CHandle4Impl10GlobalInitEv
                0x0800317c       0x18 libDaisy/build\libdaisy.a(i2c.o)
 .text._ZN5daisy10QSPIHandle4Impl11WriteEnableEv
                0x08003194       0x8c libDaisy/build\libdaisy.a(qspi.o)
                0x08003194                daisy::QSPIHandle::Impl::WriteEnable()
 .text._ZN5daisy10QSPIHandle4Impl17DummyCyclesConfigENS0_6Config6DeviceE
                0x08003220      0x118 libDaisy/build\libdaisy.a(qspi.o)
                0x08003220                daisy::QSPIHandle::Impl::DummyCyclesConfig(daisy::QSPIHandle::Config::Device)
 .text._ZN5daisy10QSPIHandle4Impl10QuadEnableEv
                0x08003338      0x158 libDaisy/build\libdaisy.a(qspi.o)
                0x08003338                daisy::QSPIHandle::Impl::QuadEnable()
 .text._ZN5daisy10QSPIHandle4InitERKNS0_6ConfigE
                0x08003490      0x198 libDaisy/build\libdaisy.a(qspi.o)
                0x08003490                daisy::QSPIHandle::Init(daisy::QSPIHandle::Config const&)
 .text.HAL_QSPI_MspInit
                0x08003628      0x11c libDaisy/build\libdaisy.a(qspi.o)
                0x08003628                HAL_QSPI_MspInit
 .text.HAL_QSPI_MspDeInit
                0x08003744       0x54 libDaisy/build\libdaisy.a(qspi.o)
                0x08003744                HAL_QSPI_MspDeInit
 .text.QUADSPI_IRQHandler
                0x08003798        0xc libDaisy/build\libdaisy.a(qspi.o)
                0x08003798                QUADSPI_IRQHandler
 .text.startup._GLOBAL__sub_I__ZN5daisy10QSPIHandle4Impl4InitERKNS0_6ConfigE
                0x080037a4       0x28 libDaisy/build\libdaisy.a(qspi.o)
 .text._ZN5daisy9SaiHandle4Impl7InitDmaENS1_15PeripheralBlockE
                0x080037cc       0xa0 libDaisy/build\libdaisy.a(sai.o)
                0x080037cc                daisy::SaiHandle::Impl::InitDma(daisy::SaiHandle::Impl::PeripheralBlock)
 .text._ZN5daisy9SaiHandle4Impl8InitPinsEv
                0x0800386c       0xa8 libDaisy/build\libdaisy.a(sai.o)
                0x0800386c                daisy::SaiHandle::Impl::InitPins()
 .text.HAL_SAI_MspInit
                0x08003914      0x164 libDaisy/build\libdaisy.a(sai.o)
                0x08003914                HAL_SAI_MspInit
 .text.DMA1_Stream0_IRQHandler
                0x08003a78        0xc libDaisy/build\libdaisy.a(sai.o)
                0x08003a78                DMA1_Stream0_IRQHandler
 .text.DMA1_Stream1_IRQHandler
                0x08003a84        0xc libDaisy/build\libdaisy.a(sai.o)
                0x08003a84                DMA1_Stream1_IRQHandler
 .text.DMA1_Stream3_IRQHandler
                0x08003a90        0xc libDaisy/build\libdaisy.a(sai.o)
                0x08003a90                DMA1_Stream3_IRQHandler
 .text.DMA1_Stream4_IRQHandler
                0x08003a9c        0xc libDaisy/build\libdaisy.a(sai.o)
                0x08003a9c                DMA1_Stream4_IRQHandler
 .text.HAL_SAI_RxHalfCpltCallback
                0x08003aa8       0x78 libDaisy/build\libdaisy.a(sai.o)
                0x08003aa8                HAL_SAI_RxHalfCpltCallback
 .text.HAL_SAI_RxCpltCallback
                0x08003b20       0x70 libDaisy/build\libdaisy.a(sai.o)
                0x08003b20                HAL_SAI_RxCpltCallback
 .text._ZN5daisy9SaiHandle4InitERKNS0_6ConfigE
                0x08003b90      0x1f0 libDaisy/build\libdaisy.a(sai.o)
                0x08003b90                daisy::SaiHandle::Init(daisy::SaiHandle::Config const&)
 .text._ZNK5daisy9SaiHandle9GetConfigEv
                0x08003d80        0x4 libDaisy/build\libdaisy.a(sai.o)
                0x08003d80                daisy::SaiHandle::GetConfig() const
 .text._ZN5daisy9SaiHandle8StartDmaEPlS1_jPFvS1_S1_jE
                0x08003d84       0xbc libDaisy/build\libdaisy.a(sai.o)
                0x08003d84                daisy::SaiHandle::StartDma(long*, long*, unsigned int, void (*)(long*, long*, unsigned int))
 .text._ZN5daisy9SaiHandle13GetSampleRateEv
                0x08003e40       0x24 libDaisy/build\libdaisy.a(sai.o)
                0x08003e40                daisy::SaiHandle::GetSampleRate()
 .text._ZNK5daisy9SaiHandle9GetOffsetEv
                0x08003e64        0x8 libDaisy/build\libdaisy.a(sai.o)
                0x08003e64                daisy::SaiHandle::GetOffset() const
 .text._ZN5daisy11TimerHandleD2Ev
                0x08003e6c        0x4 libDaisy/build\libdaisy.a(system.o)
                0x08003e6c                daisy::TimerHandle::~TimerHandle()
                0x08003e6c                daisy::TimerHandle::~TimerHandle()
 .text.SysTick_Handler
                0x08003e70       0x10 libDaisy/build\libdaisy.a(system.o)
                0x08003e70                SysTick_Handler
 .text.OTG_HS_EP1_OUT_IRQHandler
                0x08003e80       0x24 libDaisy/build\libdaisy.a(system.o)
                0x08003e80                OTG_HS_EP1_OUT_IRQHandler
 .text.OTG_HS_EP1_IN_IRQHandler
                0x08003ea4       0x24 libDaisy/build\libdaisy.a(system.o)
                0x08003ea4                OTG_HS_EP1_IN_IRQHandler
 .text.OTG_HS_IRQHandler
                0x08003ec8       0x24 libDaisy/build\libdaisy.a(system.o)
                0x08003ec8                OTG_HS_IRQHandler
 .text.HardFault_Handler
                0x08003eec       0xe0 libDaisy/build\libdaisy.a(system.o)
                0x08003eec                HardFault_Handler
 .text._ZN5daisy6System5DelayEm
                0x08003fcc        0x4 libDaisy/build\libdaisy.a(system.o)
                0x08003fcc                daisy::System::Delay(unsigned long)
 .text._ZN5daisy6System15ConfigureClocksEv
                0x08003fd0      0x194 libDaisy/build\libdaisy.a(system.o)
                0x08003fd0                daisy::System::ConfigureClocks()
 .text._ZN5daisy6System4InitERKNS0_6ConfigE
                0x08004164      0x140 libDaisy/build\libdaisy.a(system.o)
                0x08004164                daisy::System::Init(daisy::System::Config const&)
 .text._ZN5daisy6System12GetPClk1FreqEv
                0x080042a4        0x4 libDaisy/build\libdaisy.a(system.o)
                0x080042a4                daisy::System::GetPClk1Freq()
 .text._ZN5daisy6System12GetPClk2FreqEv
                0x080042a8        0x4 libDaisy/build\libdaisy.a(system.o)
                0x080042a8                daisy::System::GetPClk2Freq()
 .text._ZN5daisy6System22GetProgramMemoryRegionEv
                0x080042ac       0x78 libDaisy/build\libdaisy.a(system.o)
                0x080042ac                daisy::System::GetProgramMemoryRegion()
 .text.startup._GLOBAL__sub_I_SysTick_Handler
                0x08004324       0x1c libDaisy/build\libdaisy.a(system.o)
 .text.SystemInit
                0x08004340       0x9c libDaisy/build\libdaisy.a(system_stm32h7xx.o)
                0x08004340                SystemInit
 .text.HAL_PCD_SetupStageCallback
                0x080043dc        0xc libDaisy/build\libdaisy.a(usbd_conf.o)
                0x080043dc                HAL_PCD_SetupStageCallback
 .text.HAL_PCD_DataOutStageCallback
                0x080043e8       0x14 libDaisy/build\libdaisy.a(usbd_conf.o)
                0x080043e8                HAL_PCD_DataOutStageCallback
 .text.HAL_PCD_DataInStageCallback
                0x080043fc       0x14 libDaisy/build\libdaisy.a(usbd_conf.o)
                0x080043fc                HAL_PCD_DataInStageCallback
 .text.HAL_PCD_SOFCallback
                0x08004410        0x8 libDaisy/build\libdaisy.a(usbd_conf.o)
                0x08004410                HAL_PCD_SOFCallback
 .text.HAL_PCD_ResetCallback
                0x08004418       0x24 libDaisy/build\libdaisy.a(usbd_conf.o)
                0x08004418                HAL_PCD_ResetCallback
 .text.HAL_PCD_SuspendCallback
                0x0800443c       0x30 libDaisy/build\libdaisy.a(usbd_conf.o)
                0x0800443c                HAL_PCD_SuspendCallback
 .text.HAL_PCD_ResumeCallback
                0x0800446c        0x8 libDaisy/build\libdaisy.a(usbd_conf.o)
                0x0800446c                HAL_PCD_ResumeCallback
 .text.HAL_PCD_ISOOUTIncompleteCallback
                0x08004474        0x8 libDaisy/build\libdaisy.a(usbd_conf.o)
                0x08004474                HAL_PCD_ISOOUTIncompleteCallback
 .text.HAL_PCD_ISOINIncompleteCallback
                0x0800447c        0x8 libDaisy/build\libdaisy.a(usbd_conf.o)
                0x0800447c                HAL_PCD_ISOINIncompleteCallback
 .text.HAL_PCD_ConnectCallback
                0x08004484        0x8 libDaisy/build\libdaisy.a(usbd_conf.o)
                0x08004484                HAL_PCD_ConnectCallback
 .text.HAL_PCD_DisconnectCallback
                0x0800448c        0x8 libDaisy/build\libdaisy.a(usbd_conf.o)
                0x0800448c                HAL_PCD_DisconnectCallback
 .text.USBD_LL_OpenEP
                0x08004494       0x24 libDaisy/build\libdaisy.a(usbd_conf.o)
                0x08004494                USBD_LL_OpenEP
 .text.USBD_LL_StallEP
                0x080044b8       0x1c libDaisy/build\libdaisy.a(usbd_conf.o)
                0x080044b8                USBD_LL_StallEP
 .text.USBD_LL_ClearStallEP
                0x080044d4       0x1c libDaisy/build\libdaisy.a(usbd_conf.o)
                0x080044d4                USBD_LL_ClearStallEP
 .text.USBD_LL_IsStallEP
                0x080044f0       0x28 libDaisy/build\libdaisy.a(usbd_conf.o)
                0x080044f0                USBD_LL_IsStallEP
 .text.USBD_LL_SetUSBAddress
                0x08004518       0x1c libDaisy/build\libdaisy.a(usbd_conf.o)
                0x08004518                USBD_LL_SetUSBAddress
 .text.USBD_LL_Transmit
                0x08004534       0x1c libDaisy/build\libdaisy.a(usbd_conf.o)
                0x08004534                USBD_LL_Transmit
 .text.USBD_LL_PrepareReceive
                0x08004550       0x1c libDaisy/build\libdaisy.a(usbd_conf.o)
                0x08004550                USBD_LL_PrepareReceive
 .text.HAL_HCD_SOF_Callback
                0x0800456c        0x8 libDaisy/build\libdaisy.a(usbh_conf.o)
                0x0800456c                HAL_HCD_SOF_Callback
 .text.HAL_HCD_Connect_Callback
                0x08004574        0x8 libDaisy/build\libdaisy.a(usbh_conf.o)
                0x08004574                HAL_HCD_Connect_Callback
 .text.HAL_HCD_Disconnect_Callback
                0x0800457c        0x8 libDaisy/build\libdaisy.a(usbh_conf.o)
                0x0800457c                HAL_HCD_Disconnect_Callback
 .text.HAL_HCD_HC_NotifyURBChange_Callback
                0x08004584        0x4 libDaisy/build\libdaisy.a(usbh_conf.o)
                0x08004584                HAL_HCD_HC_NotifyURBChange_Callback
 .text.HAL_HCD_PortEnabled_Callback
                0x08004588        0x8 libDaisy/build\libdaisy.a(usbh_conf.o)
                0x08004588                HAL_HCD_PortEnabled_Callback
 .text.HAL_HCD_PortDisabled_Callback
                0x08004590        0x8 libDaisy/build\libdaisy.a(usbh_conf.o)
                0x08004590                HAL_HCD_PortDisabled_Callback
 .text.USBH_LL_Stop
                0x08004598       0x1c libDaisy/build\libdaisy.a(usbh_conf.o)
                0x08004598                USBH_LL_Stop
 .text.dsy_hal_map_get_port
                0x080045b4       0x10 libDaisy/build\libdaisy.a(hal_map.o)
                0x080045b4                dsy_hal_map_get_port
 .text.dsy_hal_map_get_pin
                0x080045c4       0x10 libDaisy/build\libdaisy.a(hal_map.o)
                0x080045c4                dsy_hal_map_get_pin
 .text.dsy_hal_map_gpio_clk_enable
                0x080045d4      0x150 libDaisy/build\libdaisy.a(hal_map.o)
                0x080045d4                dsy_hal_map_gpio_clk_enable
 .text.HAL_MspInit
                0x08004724        0x4 libDaisy/build\libdaisy.a(stm32h7xx_hal.o)
                0x08004724                HAL_MspInit
 .text.HAL_InitTick
                0x08004728       0x4c libDaisy/build\libdaisy.a(stm32h7xx_hal.o)
                0x08004728                HAL_InitTick
 .text.HAL_Init
                0x08004774       0x60 libDaisy/build\libdaisy.a(stm32h7xx_hal.o)
                0x08004774                HAL_Init
 .text.HAL_IncTick
                0x080047d4       0x18 libDaisy/build\libdaisy.a(stm32h7xx_hal.o)
                0x080047d4                HAL_IncTick
 .text.HAL_GetTick
                0x080047ec        0xc libDaisy/build\libdaisy.a(stm32h7xx_hal.o)
                0x080047ec                HAL_GetTick
 .text.HAL_Delay
                0x080047f8       0x24 libDaisy/build\libdaisy.a(stm32h7xx_hal.o)
                0x080047f8                HAL_Delay
 .text.HAL_GetREVID
                0x0800481c        0xc libDaisy/build\libdaisy.a(stm32h7xx_hal.o)
                0x0800481c                HAL_GetREVID
 .text.HAL_ADC_ConvHalfCpltCallback
                0x08004828        0x4 libDaisy/build\libdaisy.a(stm32h7xx_hal_adc.o)
                0x08004828                HAL_ADC_ConvHalfCpltCallback
 .text.ADC_DMAHalfConvCplt
                0x0800482c        0xc libDaisy/build\libdaisy.a(stm32h7xx_hal_adc.o)
                0x0800482c                ADC_DMAHalfConvCplt
 .text.ADC_DMAConvCplt
                0x08004838       0x6c libDaisy/build\libdaisy.a(stm32h7xx_hal_adc.o)
                0x08004838                ADC_DMAConvCplt
 .text.ADC_DMAError
                0x080048a4       0x1c libDaisy/build\libdaisy.a(stm32h7xx_hal_adc.o)
                0x080048a4                ADC_DMAError
 .text.HAL_ADC_ConfigChannel
                0x080048c0      0x3fc libDaisy/build\libdaisy.a(stm32h7xx_hal_adc.o)
                0x080048c0                HAL_ADC_ConfigChannel
 .text.ADC_Enable
                0x08004cbc       0xac libDaisy/build\libdaisy.a(stm32h7xx_hal_adc.o)
                0x08004cbc                ADC_Enable
 .text.HAL_ADC_Start_DMA
                0x08004d68      0x114 libDaisy/build\libdaisy.a(stm32h7xx_hal_adc.o)
                0x08004d68                HAL_ADC_Start_DMA
 .text.ADC_Disable
                0x08004e7c       0x68 libDaisy/build\libdaisy.a(stm32h7xx_hal_adc.o)
                0x08004e7c                ADC_Disable
 .text.ADC_ConfigureBoostMode
                0x08004ee4      0x184 libDaisy/build\libdaisy.a(stm32h7xx_hal_adc.o)
                0x08004ee4                ADC_ConfigureBoostMode
 .text.HAL_ADC_Init
                0x08005068      0x218 libDaisy/build\libdaisy.a(stm32h7xx_hal_adc.o)
                0x08005068                HAL_ADC_Init
 .text.HAL_ADCEx_Calibration_Start
                0x08005280       0xa4 libDaisy/build\libdaisy.a(stm32h7xx_hal_adc_ex.o)
                0x08005280                HAL_ADCEx_Calibration_Start
 .text.HAL_ADCEx_MultiModeConfigChannel
                0x08005324       0xc4 libDaisy/build\libdaisy.a(stm32h7xx_hal_adc_ex.o)
                0x08005324                HAL_ADCEx_MultiModeConfigChannel
 .text.HAL_NVIC_SetPriorityGrouping
                0x080053e8       0x24 libDaisy/build\libdaisy.a(stm32h7xx_hal_cortex.o)
                0x080053e8                HAL_NVIC_SetPriorityGrouping
 .text.HAL_NVIC_SetPriority
                0x0800540c       0x7c libDaisy/build\libdaisy.a(stm32h7xx_hal_cortex.o)
                0x0800540c                HAL_NVIC_SetPriority
 .text.HAL_NVIC_EnableIRQ
                0x08005488       0x1c libDaisy/build\libdaisy.a(stm32h7xx_hal_cortex.o)
                0x08005488                HAL_NVIC_EnableIRQ
 .text.HAL_NVIC_DisableIRQ
                0x080054a4       0x28 libDaisy/build\libdaisy.a(stm32h7xx_hal_cortex.o)
                0x080054a4                HAL_NVIC_DisableIRQ
 .text.HAL_SYSTICK_Config
                0x080054cc       0x2c libDaisy/build\libdaisy.a(stm32h7xx_hal_cortex.o)
                0x080054cc                HAL_SYSTICK_Config
 .text.HAL_MPU_Disable
                0x080054f8       0x1c libDaisy/build\libdaisy.a(stm32h7xx_hal_cortex.o)
                0x080054f8                HAL_MPU_Disable
 .text.HAL_MPU_Enable
                0x08005514       0x20 libDaisy/build\libdaisy.a(stm32h7xx_hal_cortex.o)
                0x08005514                HAL_MPU_Enable
 .text.HAL_MPU_ConfigRegion
                0x08005534       0x64 libDaisy/build\libdaisy.a(stm32h7xx_hal_cortex.o)
                0x08005534                HAL_MPU_ConfigRegion
 .text.HAL_SYSTICK_Callback
                0x08005598        0x4 libDaisy/build\libdaisy.a(stm32h7xx_hal_cortex.o)
                0x08005598                HAL_SYSTICK_Callback
 .text.HAL_SYSTICK_IRQHandler
                0x0800559c        0x8 libDaisy/build\libdaisy.a(stm32h7xx_hal_cortex.o)
                0x0800559c                HAL_SYSTICK_IRQHandler
 .text.HAL_DAC_Init
                0x080055a4       0x2c libDaisy/build\libdaisy.a(stm32h7xx_hal_dac.o)
                0x080055a4                HAL_DAC_Init
 .text.HAL_DAC_Start_DMA
                0x080055d0      0x118 libDaisy/build\libdaisy.a(stm32h7xx_hal_dac.o)
                0x080055d0                HAL_DAC_Start_DMA
 .text.HAL_DAC_Stop_DMA
                0x080056e8       0x5c libDaisy/build\libdaisy.a(stm32h7xx_hal_dac.o)
                0x080056e8                HAL_DAC_Stop_DMA
 .text.DAC_DMAConvCpltCh1
                0x08005744       0x10 libDaisy/build\libdaisy.a(stm32h7xx_hal_dac.o)
 .text.DAC_DMAHalfConvCpltCh1
                0x08005754        0xc libDaisy/build\libdaisy.a(stm32h7xx_hal_dac.o)
 .text.HAL_DAC_ErrorCallbackCh1
                0x08005760        0x4 libDaisy/build\libdaisy.a(stm32h7xx_hal_dac.o)
                0x08005760                HAL_DAC_ErrorCallbackCh1
 .text.DAC_DMAErrorCh1
                0x08005764       0x18 libDaisy/build\libdaisy.a(stm32h7xx_hal_dac.o)
 .text.HAL_DAC_DMAUnderrunCallbackCh1
                0x0800577c        0x4 libDaisy/build\libdaisy.a(stm32h7xx_hal_dac.o)
                0x0800577c                HAL_DAC_DMAUnderrunCallbackCh1
 .text.HAL_DAC_IRQHandler
                0x08005780       0x68 libDaisy/build\libdaisy.a(stm32h7xx_hal_dac.o)
                0x08005780                HAL_DAC_IRQHandler
 .text.HAL_DAC_ConfigChannel
                0x080057e8      0x130 libDaisy/build\libdaisy.a(stm32h7xx_hal_dac.o)
                0x080057e8                HAL_DAC_ConfigChannel
 .text.HAL_DACEx_ErrorCallbackCh2
                0x08005918        0x4 libDaisy/build\libdaisy.a(stm32h7xx_hal_dac_ex.o)
                0x08005918                HAL_DACEx_ErrorCallbackCh2
 .text.HAL_DACEx_DMAUnderrunCallbackCh2
                0x0800591c        0x4 libDaisy/build\libdaisy.a(stm32h7xx_hal_dac_ex.o)
                0x0800591c                HAL_DACEx_DMAUnderrunCallbackCh2
 .text.DAC_DMAConvCpltCh2
                0x08005920       0x10 libDaisy/build\libdaisy.a(stm32h7xx_hal_dac_ex.o)
                0x08005920                DAC_DMAConvCpltCh2
 .text.DAC_DMAHalfConvCpltCh2
                0x08005930        0xc libDaisy/build\libdaisy.a(stm32h7xx_hal_dac_ex.o)
                0x08005930                DAC_DMAHalfConvCpltCh2
 .text.DAC_DMAErrorCh2
                0x0800593c       0x18 libDaisy/build\libdaisy.a(stm32h7xx_hal_dac_ex.o)
                0x0800593c                DAC_DMAErrorCh2
 .text.DMA_CalcBaseAndBitshift
                0x08005954       0xf4 libDaisy/build\libdaisy.a(stm32h7xx_hal_dma.o)
 .text.DMA_CalcDMAMUXChannelBaseAndMask
                0x08005a48       0xd8 libDaisy/build\libdaisy.a(stm32h7xx_hal_dma.o)
 .text.HAL_DMA_Init
                0x08005b20      0x37c libDaisy/build\libdaisy.a(stm32h7xx_hal_dma.o)
                0x08005b20                HAL_DMA_Init
 .text.HAL_DMA_Start_IT
                0x08005e9c      0x240 libDaisy/build\libdaisy.a(stm32h7xx_hal_dma.o)
                0x08005e9c                HAL_DMA_Start_IT
 .text.HAL_DMA_Abort
                0x080060dc      0x21c libDaisy/build\libdaisy.a(stm32h7xx_hal_dma.o)
                0x080060dc                HAL_DMA_Abort
 .text.HAL_DMA_Abort_IT
                0x080062f8      0x134 libDaisy/build\libdaisy.a(stm32h7xx_hal_dma.o)
                0x080062f8                HAL_DMA_Abort_IT
 .text.HAL_DMA_IRQHandler
                0x0800642c      0x6a0 libDaisy/build\libdaisy.a(stm32h7xx_hal_dma.o)
                0x0800642c                HAL_DMA_IRQHandler
 .text.HAL_DMA_GetError
                0x08006acc        0x4 libDaisy/build\libdaisy.a(stm32h7xx_hal_dma.o)
                0x08006acc                HAL_DMA_GetError
 .text.HAL_GPIO_Init
                0x08006ad0      0x280 libDaisy/build\libdaisy.a(stm32h7xx_hal_gpio.o)
                0x08006ad0                HAL_GPIO_Init
 .text.HAL_GPIO_DeInit
                0x08006d50      0x190 libDaisy/build\libdaisy.a(stm32h7xx_hal_gpio.o)
                0x08006d50                HAL_GPIO_DeInit
 .text.HAL_GPIO_WritePin
                0x08006ee0        0x8 libDaisy/build\libdaisy.a(stm32h7xx_hal_gpio.o)
                0x08006ee0                HAL_GPIO_WritePin
 .text.HAL_HCD_IRQHandler
                0x08006ee8      0x780 libDaisy/build\libdaisy.a(stm32h7xx_hal_hcd.o)
                0x08006ee8                HAL_HCD_IRQHandler
 .text.HAL_HCD_Stop
                0x08007668       0x28 libDaisy/build\libdaisy.a(stm32h7xx_hal_hcd.o)
                0x08007668                HAL_HCD_Stop
 .text.I2C_WaitOnTXISFlagUntilTimeout
                0x08007690       0xb8 libDaisy/build\libdaisy.a(stm32h7xx_hal_i2c.o)
 .text.I2C_WaitOnSTOPFlagUntilTimeout
                0x08007748       0xac libDaisy/build\libdaisy.a(stm32h7xx_hal_i2c.o)
 .text.HAL_I2C_Init
                0x080077f4       0xac libDaisy/build\libdaisy.a(stm32h7xx_hal_i2c.o)
                0x080077f4                HAL_I2C_Init
 .text.HAL_I2C_Mem_Write
                0x080078a0      0x254 libDaisy/build\libdaisy.a(stm32h7xx_hal_i2c.o)
                0x080078a0                HAL_I2C_Mem_Write
 .text.HAL_I2C_Mem_Read
                0x08007af4      0x29c libDaisy/build\libdaisy.a(stm32h7xx_hal_i2c.o)
                0x08007af4                HAL_I2C_Mem_Read
 .text.HAL_I2C_EV_IRQHandler
                0x08007d90       0x10 libDaisy/build\libdaisy.a(stm32h7xx_hal_i2c.o)
                0x08007d90                HAL_I2C_EV_IRQHandler
 .text.HAL_I2C_GetState
                0x08007da0        0x8 libDaisy/build\libdaisy.a(stm32h7xx_hal_i2c.o)
                0x08007da0                HAL_I2C_GetState
 .text.HAL_I2CEx_ConfigAnalogFilter
                0x08007da8       0x54 libDaisy/build\libdaisy.a(stm32h7xx_hal_i2c_ex.o)
                0x08007da8                HAL_I2CEx_ConfigAnalogFilter
 .text.HAL_I2CEx_ConfigDigitalFilter
                0x08007dfc       0x58 libDaisy/build\libdaisy.a(stm32h7xx_hal_i2c_ex.o)
                0x08007dfc                HAL_I2CEx_ConfigDigitalFilter
 .text.HAL_PCD_IRQHandler
                0x08007e54      0x69c libDaisy/build\libdaisy.a(stm32h7xx_hal_pcd.o)
                0x08007e54                HAL_PCD_IRQHandler
 .text.HAL_PCD_SetAddress
                0x080084f0       0x2c libDaisy/build\libdaisy.a(stm32h7xx_hal_pcd.o)
                0x080084f0                HAL_PCD_SetAddress
 .text.HAL_PCD_EP_Open
                0x0800851c       0x7c libDaisy/build\libdaisy.a(stm32h7xx_hal_pcd.o)
                0x0800851c                HAL_PCD_EP_Open
 .text.HAL_PCD_EP_Receive
                0x08008598       0x50 libDaisy/build\libdaisy.a(stm32h7xx_hal_pcd.o)
                0x08008598                HAL_PCD_EP_Receive
 .text.HAL_PCD_EP_Transmit
                0x080085e8       0x50 libDaisy/build\libdaisy.a(stm32h7xx_hal_pcd.o)
                0x080085e8                HAL_PCD_EP_Transmit
 .text.HAL_PCD_EP_SetStall
                0x08008638       0x88 libDaisy/build\libdaisy.a(stm32h7xx_hal_pcd.o)
                0x08008638                HAL_PCD_EP_SetStall
 .text.HAL_PCD_EP_ClrStall
                0x080086c0       0x78 libDaisy/build\libdaisy.a(stm32h7xx_hal_pcd.o)
                0x080086c0                HAL_PCD_EP_ClrStall
 .text.HAL_PCDEx_LPM_Callback
                0x08008738        0x4 libDaisy/build\libdaisy.a(stm32h7xx_hal_pcd_ex.o)
                0x08008738                HAL_PCDEx_LPM_Callback
 .text.HAL_PWREx_ConfigSupply
                0x0800873c       0x4c libDaisy/build\libdaisy.a(stm32h7xx_hal_pwr_ex.o)
                0x0800873c                HAL_PWREx_ConfigSupply
 .text.HAL_PWREx_EnableUSBVoltageDetector
                0x08008788       0x10 libDaisy/build\libdaisy.a(stm32h7xx_hal_pwr_ex.o)
                0x08008788                HAL_PWREx_EnableUSBVoltageDetector
 .text.QSPI_Config
                0x08008798      0x174 libDaisy/build\libdaisy.a(stm32h7xx_hal_qspi.o)
 .text.HAL_QSPI_Init
                0x0800890c       0xd8 libDaisy/build\libdaisy.a(stm32h7xx_hal_qspi.o)
                0x0800890c                HAL_QSPI_Init
 .text.HAL_QSPI_DeInit
                0x080089e4       0x3c libDaisy/build\libdaisy.a(stm32h7xx_hal_qspi.o)
                0x080089e4                HAL_QSPI_DeInit
 .text.HAL_QSPI_Command
                0x08008a20       0xd4 libDaisy/build\libdaisy.a(stm32h7xx_hal_qspi.o)
                0x08008a20                HAL_QSPI_Command
 .text.HAL_QSPI_Transmit
                0x08008af4       0xfc libDaisy/build\libdaisy.a(stm32h7xx_hal_qspi.o)
                0x08008af4                HAL_QSPI_Transmit
 .text.HAL_QSPI_Receive
                0x08008bf0      0x108 libDaisy/build\libdaisy.a(stm32h7xx_hal_qspi.o)
                0x08008bf0                HAL_QSPI_Receive
 .text.HAL_QSPI_AutoPolling
                0x08008cf8       0xf0 libDaisy/build\libdaisy.a(stm32h7xx_hal_qspi.o)
                0x08008cf8                HAL_QSPI_AutoPolling
 .text.HAL_QSPI_MemoryMapped
                0x08008de8       0xc0 libDaisy/build\libdaisy.a(stm32h7xx_hal_qspi.o)
                0x08008de8                HAL_QSPI_MemoryMapped
 .text.HAL_QSPI_ErrorCallback
                0x08008ea8        0x4 libDaisy/build\libdaisy.a(stm32h7xx_hal_qspi.o)
                0x08008ea8                HAL_QSPI_ErrorCallback
 .text.QSPI_DMAAbortCplt
                0x08008eac       0x38 libDaisy/build\libdaisy.a(stm32h7xx_hal_qspi.o)
 .text.HAL_QSPI_AbortCpltCallback
                0x08008ee4        0x4 libDaisy/build\libdaisy.a(stm32h7xx_hal_qspi.o)
                0x08008ee4                HAL_QSPI_AbortCpltCallback
 .text.HAL_QSPI_CmdCpltCallback
                0x08008ee8        0x4 libDaisy/build\libdaisy.a(stm32h7xx_hal_qspi.o)
                0x08008ee8                HAL_QSPI_CmdCpltCallback
 .text.HAL_QSPI_RxCpltCallback
                0x08008eec        0x4 libDaisy/build\libdaisy.a(stm32h7xx_hal_qspi.o)
                0x08008eec                HAL_QSPI_RxCpltCallback
 .text.HAL_QSPI_TxCpltCallback
                0x08008ef0        0x4 libDaisy/build\libdaisy.a(stm32h7xx_hal_qspi.o)
                0x08008ef0                HAL_QSPI_TxCpltCallback
 .text.HAL_QSPI_FifoThresholdCallback
                0x08008ef4        0x4 libDaisy/build\libdaisy.a(stm32h7xx_hal_qspi.o)
                0x08008ef4                HAL_QSPI_FifoThresholdCallback
 .text.HAL_QSPI_StatusMatchCallback
                0x08008ef8        0x4 libDaisy/build\libdaisy.a(stm32h7xx_hal_qspi.o)
                0x08008ef8                HAL_QSPI_StatusMatchCallback
 .text.HAL_QSPI_TimeOutCallback
                0x08008efc        0x4 libDaisy/build\libdaisy.a(stm32h7xx_hal_qspi.o)
                0x08008efc                HAL_QSPI_TimeOutCallback
 .text.HAL_QSPI_IRQHandler
                0x08008f00      0x210 libDaisy/build\libdaisy.a(stm32h7xx_hal_qspi.o)
                0x08008f00                HAL_QSPI_IRQHandler
 .text.HAL_RCC_OscConfig
                0x08009110      0x51c libDaisy/build\libdaisy.a(stm32h7xx_hal_rcc.o)
                0x08009110                HAL_RCC_OscConfig
 .text.HAL_RCC_GetSysClockFreq
                0x0800962c      0x140 libDaisy/build\libdaisy.a(stm32h7xx_hal_rcc.o)
                0x0800962c                HAL_RCC_GetSysClockFreq
 .text.HAL_RCC_ClockConfig
                0x0800976c      0x234 libDaisy/build\libdaisy.a(stm32h7xx_hal_rcc.o)
                0x0800976c                HAL_RCC_ClockConfig
 .text.HAL_RCC_GetHCLKFreq
                0x080099a0       0x2c libDaisy/build\libdaisy.a(stm32h7xx_hal_rcc.o)
                0x080099a0                HAL_RCC_GetHCLKFreq
 .text.HAL_RCC_GetPCLK1Freq
                0x080099cc       0x38 libDaisy/build\libdaisy.a(stm32h7xx_hal_rcc.o)
                0x080099cc                HAL_RCC_GetPCLK1Freq
 .text.HAL_RCC_GetPCLK2Freq
                0x08009a04       0x38 libDaisy/build\libdaisy.a(stm32h7xx_hal_rcc.o)
                0x08009a04                HAL_RCC_GetPCLK2Freq
 .text.RCCEx_PLL2_Config
                0x08009a3c       0xf4 libDaisy/build\libdaisy.a(stm32h7xx_hal_rcc_ex.o)
 .text.RCCEx_PLL3_Config
                0x08009b30       0xf4 libDaisy/build\libdaisy.a(stm32h7xx_hal_rcc_ex.o)
 .text.HAL_RCCEx_PeriphCLKConfig
                0x08009c24      0xa7c libDaisy/build\libdaisy.a(stm32h7xx_hal_rcc_ex.o)
                0x08009c24                HAL_RCCEx_PeriphCLKConfig
 .text.HAL_RCCEx_GetD3PCLK1Freq
                0x0800a6a0       0x24 libDaisy/build\libdaisy.a(stm32h7xx_hal_rcc_ex.o)
                0x0800a6a0                HAL_RCCEx_GetD3PCLK1Freq
 .text.HAL_RCCEx_GetPLL2ClockFreq
                0x0800a6c4      0x17c libDaisy/build\libdaisy.a(stm32h7xx_hal_rcc_ex.o)
                0x0800a6c4                HAL_RCCEx_GetPLL2ClockFreq
 .text.HAL_RCCEx_GetPLL3ClockFreq
                0x0800a840      0x17c libDaisy/build\libdaisy.a(stm32h7xx_hal_rcc_ex.o)
                0x0800a840                HAL_RCCEx_GetPLL3ClockFreq
 .text.HAL_RCCEx_GetPLL1ClockFreq
                0x0800a9bc      0x17c libDaisy/build\libdaisy.a(stm32h7xx_hal_rcc_ex.o)
                0x0800a9bc                HAL_RCCEx_GetPLL1ClockFreq
 .text.HAL_RCCEx_GetPeriphCLKFreq
                0x0800ab38      0x198 libDaisy/build\libdaisy.a(stm32h7xx_hal_rcc_ex.o)
                0x0800ab38                HAL_RCCEx_GetPeriphCLKFreq
 .text.HAL_RCCEx_GetD1SysClockFreq
                0x0800acd0       0x2c libDaisy/build\libdaisy.a(stm32h7xx_hal_rcc_ex.o)
                0x0800acd0                HAL_RCCEx_GetD1SysClockFreq
 .text.HAL_SAI_Init.part.0
                0x0800acfc      0x348 libDaisy/build\libdaisy.a(stm32h7xx_hal_sai.o)
 .text.HAL_SAI_InitProtocol
                0x0800b044      0x178 libDaisy/build\libdaisy.a(stm32h7xx_hal_sai.o)
                0x0800b044                HAL_SAI_InitProtocol
 .text.HAL_SAI_Transmit_DMA
                0x0800b1bc      0x124 libDaisy/build\libdaisy.a(stm32h7xx_hal_sai.o)
                0x0800b1bc                HAL_SAI_Transmit_DMA
 .text.HAL_SAI_Receive_DMA
                0x0800b2e0       0xd0 libDaisy/build\libdaisy.a(stm32h7xx_hal_sai.o)
                0x0800b2e0                HAL_SAI_Receive_DMA
 .text.HAL_SAI_TxCpltCallback
                0x0800b3b0        0x4 libDaisy/build\libdaisy.a(stm32h7xx_hal_sai.o)
                0x0800b3b0                HAL_SAI_TxCpltCallback
 .text.SAI_DMATxCplt
                0x0800b3b4       0x64 libDaisy/build\libdaisy.a(stm32h7xx_hal_sai.o)
 .text.HAL_SAI_TxHalfCpltCallback
                0x0800b418        0x4 libDaisy/build\libdaisy.a(stm32h7xx_hal_sai.o)
                0x0800b418                HAL_SAI_TxHalfCpltCallback
 .text.SAI_DMATxHalfCplt
                0x0800b41c        0xc libDaisy/build\libdaisy.a(stm32h7xx_hal_sai.o)
 .text.SAI_DMARxCplt
                0x0800b428       0x64 libDaisy/build\libdaisy.a(stm32h7xx_hal_sai.o)
 .text.SAI_DMARxHalfCplt
                0x0800b48c        0xc libDaisy/build\libdaisy.a(stm32h7xx_hal_sai.o)
 .text.HAL_SAI_ErrorCallback
                0x0800b498        0x4 libDaisy/build\libdaisy.a(stm32h7xx_hal_sai.o)
                0x0800b498                HAL_SAI_ErrorCallback
 .text.SAI_DMAError
                0x0800b49c       0x6c libDaisy/build\libdaisy.a(stm32h7xx_hal_sai.o)
 .text.HAL_SDRAM_Init
                0x0800b508       0x54 libDaisy/build\libdaisy.a(stm32h7xx_hal_sdram.o)
                0x0800b508                HAL_SDRAM_Init
 .text.HAL_SDRAM_SendCommand
                0x0800b55c       0x40 libDaisy/build\libdaisy.a(stm32h7xx_hal_sdram.o)
                0x0800b55c                HAL_SDRAM_SendCommand
 .text.HAL_SDRAM_ProgramRefreshRate
                0x0800b59c       0x30 libDaisy/build\libdaisy.a(stm32h7xx_hal_sdram.o)
                0x0800b59c                HAL_SDRAM_ProgramRefreshRate
 .text.HAL_TIM_Base_Init
                0x0800b5cc      0x140 libDaisy/build\libdaisy.a(stm32h7xx_hal_tim.o)
                0x0800b5cc                HAL_TIM_Base_Init
 .text.HAL_TIM_Base_Start
                0x0800b70c       0x34 libDaisy/build\libdaisy.a(stm32h7xx_hal_tim.o)
                0x0800b70c                HAL_TIM_Base_Start
 .text.HAL_TIM_Base_Start_IT
                0x0800b740       0x2c libDaisy/build\libdaisy.a(stm32h7xx_hal_tim.o)
                0x0800b740                HAL_TIM_Base_Start_IT
 .text.HAL_TIM_ConfigClockSource
                0x0800b76c      0x17c libDaisy/build\libdaisy.a(stm32h7xx_hal_tim.o)
                0x0800b76c                HAL_TIM_ConfigClockSource
 .text.HAL_TIM_OC_DelayElapsedCallback
                0x0800b8e8        0x4 libDaisy/build\libdaisy.a(stm32h7xx_hal_tim.o)
                0x0800b8e8                HAL_TIM_OC_DelayElapsedCallback
 .text.HAL_TIM_IC_CaptureCallback
                0x0800b8ec        0x4 libDaisy/build\libdaisy.a(stm32h7xx_hal_tim.o)
                0x0800b8ec                HAL_TIM_IC_CaptureCallback
 .text.HAL_TIM_PWM_PulseFinishedCallback
                0x0800b8f0        0x4 libDaisy/build\libdaisy.a(stm32h7xx_hal_tim.o)
                0x0800b8f0                HAL_TIM_PWM_PulseFinishedCallback
 .text.HAL_TIM_TriggerCallback
                0x0800b8f4        0x4 libDaisy/build\libdaisy.a(stm32h7xx_hal_tim.o)
                0x0800b8f4                HAL_TIM_TriggerCallback
 .text.HAL_TIM_IRQHandler
                0x0800b8f8      0x170 libDaisy/build\libdaisy.a(stm32h7xx_hal_tim.o)
                0x0800b8f8                HAL_TIM_IRQHandler
 .text.HAL_TIMEx_MasterConfigSynchronization
                0x0800ba68       0x64 libDaisy/build\libdaisy.a(stm32h7xx_hal_tim_ex.o)
                0x0800ba68                HAL_TIMEx_MasterConfigSynchronization
 .text.HAL_TIMEx_CommutCallback
                0x0800bacc        0x4 libDaisy/build\libdaisy.a(stm32h7xx_hal_tim_ex.o)
                0x0800bacc                HAL_TIMEx_CommutCallback
 .text.HAL_TIMEx_BreakCallback
                0x0800bad0        0x4 libDaisy/build\libdaisy.a(stm32h7xx_hal_tim_ex.o)
                0x0800bad0                HAL_TIMEx_BreakCallback
 .text.HAL_TIMEx_Break2Callback
                0x0800bad4        0x4 libDaisy/build\libdaisy.a(stm32h7xx_hal_tim_ex.o)
                0x0800bad4                HAL_TIMEx_Break2Callback
 .text.FMC_SDRAM_Init
                0x0800bad8       0x7c libDaisy/build\libdaisy.a(stm32h7xx_ll_fmc.o)
                0x0800bad8                FMC_SDRAM_Init
 .text.FMC_SDRAM_Timing_Init
                0x0800bb54       0x98 libDaisy/build\libdaisy.a(stm32h7xx_ll_fmc.o)
                0x0800bb54                FMC_SDRAM_Timing_Init
 .text.FMC_SDRAM_SendCommand
                0x0800bbec       0x28 libDaisy/build\libdaisy.a(stm32h7xx_ll_fmc.o)
                0x0800bbec                FMC_SDRAM_SendCommand
 .text.FMC_SDRAM_ProgramRefreshRate
                0x0800bc14       0x1c libDaisy/build\libdaisy.a(stm32h7xx_ll_fmc.o)
                0x0800bc14                FMC_SDRAM_ProgramRefreshRate
 .text.USB_SetTurnaroundTime
                0x0800bc30      0x104 libDaisy/build\libdaisy.a(stm32h7xx_ll_usb.o)
                0x0800bc30                USB_SetTurnaroundTime
 .text.USB_FlushTxFifo
                0x0800bd34       0x34 libDaisy/build\libdaisy.a(stm32h7xx_ll_usb.o)
                0x0800bd34                USB_FlushTxFifo
 .text.USB_GetDevSpeed
                0x0800bd68       0x24 libDaisy/build\libdaisy.a(stm32h7xx_ll_usb.o)
                0x0800bd68                USB_GetDevSpeed
 .text.USB_ActivateEndpoint
                0x0800bd8c       0x90 libDaisy/build\libdaisy.a(stm32h7xx_ll_usb.o)
                0x0800bd8c                USB_ActivateEndpoint
 .text.USB_EPStartXfer
                0x0800be1c      0x230 libDaisy/build\libdaisy.a(stm32h7xx_ll_usb.o)
                0x0800be1c                USB_EPStartXfer
 .text.USB_EP0StartXfer
                0x0800c04c      0x174 libDaisy/build\libdaisy.a(stm32h7xx_ll_usb.o)
                0x0800c04c                USB_EP0StartXfer
 .text.USB_WritePacket
                0x0800c1c0       0x2c libDaisy/build\libdaisy.a(stm32h7xx_ll_usb.o)
                0x0800c1c0                USB_WritePacket
 .text.USB_ReadPacket
                0x0800c1ec       0x20 libDaisy/build\libdaisy.a(stm32h7xx_ll_usb.o)
                0x0800c1ec                USB_ReadPacket
 .text.USB_EPSetStall
                0x0800c20c       0x68 libDaisy/build\libdaisy.a(stm32h7xx_ll_usb.o)
                0x0800c20c                USB_EPSetStall
 .text.USB_EPClearStall
                0x0800c274       0x58 libDaisy/build\libdaisy.a(stm32h7xx_ll_usb.o)
                0x0800c274                USB_EPClearStall
 .text.USB_SetDevAddress
                0x0800c2cc       0x24 libDaisy/build\libdaisy.a(stm32h7xx_ll_usb.o)
                0x0800c2cc                USB_SetDevAddress
 .text.USB_ReadInterrupts
                0x0800c2f0       0x14 libDaisy/build\libdaisy.a(stm32h7xx_ll_usb.o)
                0x0800c2f0                USB_ReadInterrupts
 .text.USB_ReadDevAllOutEpInterrupt
                0x0800c304       0x1c libDaisy/build\libdaisy.a(stm32h7xx_ll_usb.o)
                0x0800c304                USB_ReadDevAllOutEpInterrupt
 .text.USB_ReadDevAllInEpInterrupt
                0x0800c320       0x1c libDaisy/build\libdaisy.a(stm32h7xx_ll_usb.o)
                0x0800c320                USB_ReadDevAllInEpInterrupt
 .text.USB_ReadDevOutEPInterrupt
                0x0800c33c       0x1c libDaisy/build\libdaisy.a(stm32h7xx_ll_usb.o)
                0x0800c33c                USB_ReadDevOutEPInterrupt
 .text.USB_ReadDevInEPInterrupt
                0x0800c358       0x38 libDaisy/build\libdaisy.a(stm32h7xx_ll_usb.o)
                0x0800c358                USB_ReadDevInEPInterrupt
 .text.USB_GetMode
                0x0800c390        0x8 libDaisy/build\libdaisy.a(stm32h7xx_ll_usb.o)
                0x0800c390                USB_GetMode
 .text.USB_ActivateSetup
                0x0800c398       0x38 libDaisy/build\libdaisy.a(stm32h7xx_ll_usb.o)
                0x0800c398                USB_ActivateSetup
 .text.USB_EP0_OutStart
                0x0800c3d0       0x58 libDaisy/build\libdaisy.a(stm32h7xx_ll_usb.o)
                0x0800c3d0                USB_EP0_OutStart
 .text.USB_InitFSLSPClkSel
                0x0800c428       0x44 libDaisy/build\libdaisy.a(stm32h7xx_ll_usb.o)
                0x0800c428                USB_InitFSLSPClkSel
 .text.USB_HC_ReadInterrupt
                0x0800c46c        0x8 libDaisy/build\libdaisy.a(stm32h7xx_ll_usb.o)
                0x0800c46c                USB_HC_ReadInterrupt
 .text.USB_HC_Halt
                0x0800c474       0xc0 libDaisy/build\libdaisy.a(stm32h7xx_ll_usb.o)
                0x0800c474                USB_HC_Halt
 .text.USB_StopHost
                0x0800c534      0x2ec libDaisy/build\libdaisy.a(stm32h7xx_ll_usb.o)
                0x0800c534                USB_StopHost
 .text.USBD_SetClassConfig
                0x0800c820       0x14 libDaisy/build\libdaisy.a(usbd_core.o)
                0x0800c820                USBD_SetClassConfig
 .text.USBD_ClrClassConfig
                0x0800c834       0x10 libDaisy/build\libdaisy.a(usbd_core.o)
                0x0800c834                USBD_ClrClassConfig
 .text.USBD_LL_SetupStage
                0x0800c844       0x5c libDaisy/build\libdaisy.a(usbd_core.o)
                0x0800c844                USBD_LL_SetupStage
 .text.USBD_LL_DataOutStage
                0x0800c8a0       0x7c libDaisy/build\libdaisy.a(usbd_core.o)
                0x0800c8a0                USBD_LL_DataOutStage
 .text.USBD_LL_DataInStage
                0x0800c91c       0xcc libDaisy/build\libdaisy.a(usbd_core.o)
                0x0800c91c                USBD_LL_DataInStage
 .text.USBD_LL_Reset
                0x0800c9e8       0x50 libDaisy/build\libdaisy.a(usbd_core.o)
                0x0800c9e8                USBD_LL_Reset
 .text.USBD_LL_SetSpeed
                0x0800ca38        0x8 libDaisy/build\libdaisy.a(usbd_core.o)
                0x0800ca38                USBD_LL_SetSpeed
 .text.USBD_LL_Suspend
                0x0800ca40       0x14 libDaisy/build\libdaisy.a(usbd_core.o)
                0x0800ca40                USBD_LL_Suspend
 .text.USBD_LL_Resume
                0x0800ca54       0x10 libDaisy/build\libdaisy.a(usbd_core.o)
                0x0800ca54                USBD_LL_Resume
 .text.USBD_LL_SOF
                0x0800ca64       0x1c libDaisy/build\libdaisy.a(usbd_core.o)
                0x0800ca64                USBD_LL_SOF
 .text.USBD_LL_IsoINIncomplete
                0x0800ca80        0x4 libDaisy/build\libdaisy.a(usbd_core.o)
                0x0800ca80                USBD_LL_IsoINIncomplete
 .text.USBD_LL_IsoOUTIncomplete
                0x0800ca84        0x4 libDaisy/build\libdaisy.a(usbd_core.o)
                0x0800ca84                USBD_LL_IsoOUTIncomplete
 .text.USBD_LL_DevConnected
                0x0800ca88        0x4 libDaisy/build\libdaisy.a(usbd_core.o)
                0x0800ca88                USBD_LL_DevConnected
 .text.USBD_LL_DevDisconnected
                0x0800ca8c       0x18 libDaisy/build\libdaisy.a(usbd_core.o)
                0x0800ca8c                USBD_LL_DevDisconnected
 .text.USBD_StdDevReq
                0x0800caa4      0x304 libDaisy/build\libdaisy.a(usbd_ctlreq.o)
                0x0800caa4                USBD_StdDevReq
 .text.USBD_StdItfReq
                0x0800cda8       0x68 libDaisy/build\libdaisy.a(usbd_ctlreq.o)
                0x0800cda8                USBD_StdItfReq
 .text.USBD_StdEPReq
                0x0800ce10      0x13c libDaisy/build\libdaisy.a(usbd_ctlreq.o)
                0x0800ce10                USBD_StdEPReq
 .text.USBD_ParseSetupRequest
                0x0800cf4c       0x28 libDaisy/build\libdaisy.a(usbd_ctlreq.o)
                0x0800cf4c                USBD_ParseSetupRequest
 .text.USBD_CtlSendData
                0x0800cf74       0x1c libDaisy/build\libdaisy.a(usbd_ioreq.o)
                0x0800cf74                USBD_CtlSendData
 .text.USBD_CtlContinueSendData
                0x0800cf90       0x14 libDaisy/build\libdaisy.a(usbd_ioreq.o)
                0x0800cf90                USBD_CtlContinueSendData
 .text.USBD_CtlContinueRx
                0x0800cfa4       0x14 libDaisy/build\libdaisy.a(usbd_ioreq.o)
                0x0800cfa4                USBD_CtlContinueRx
 .text.USBD_CtlSendStatus
                0x0800cfb8       0x18 libDaisy/build\libdaisy.a(usbd_ioreq.o)
                0x0800cfb8                USBD_CtlSendStatus
 .text.USBD_CtlReceiveStatus
                0x0800cfd0       0x18 libDaisy/build\libdaisy.a(usbd_ioreq.o)
                0x0800cfd0                USBD_CtlReceiveStatus
 .text.USBH_LL_IncTimer
                0x0800cfe8       0x20 libDaisy/build\libdaisy.a(usbh_core.o)
                0x0800cfe8                USBH_LL_IncTimer
 .text.USBH_LL_PortEnabled
                0x0800d008        0x8 libDaisy/build\libdaisy.a(usbh_core.o)
                0x0800d008                USBH_LL_PortEnabled
 .text.USBH_LL_PortDisabled
                0x0800d010        0x8 libDaisy/build\libdaisy.a(usbh_core.o)
                0x0800d010                USBH_LL_PortDisabled
 .text.USBH_LL_Connect
                0x0800d018       0x18 libDaisy/build\libdaisy.a(usbh_core.o)
                0x0800d018                USBH_LL_Connect
 .text.USBH_LL_Disconnect
                0x0800d030       0x2c libDaisy/build\libdaisy.a(usbh_core.o)
                0x0800d030                USBH_LL_Disconnect
 .text.USBH_FreePipe
                0x0800d05c       0x18 libDaisy/build\libdaisy.a(usbh_pipes.o)
                0x0800d05c                USBH_FreePipe
 .text._ZN5daisy6Random4InitEv
                0x0800d074       0x3c libDaisy/build\libdaisy.a(rng.o)
                0x0800d074                daisy::Random::Init()
 .text._ZN5daisy9SpiHandle4Impl7InitDmaEv
                0x0800d0b0       0xec libDaisy/build\libdaisy.a(spi.o)
                0x0800d0b0                daisy::SpiHandle::Impl::InitDma()
 .text._ZN5daisy9SpiHandle4Impl10StartDmaTxEPhjPFvPvEPFvS3_NS0_6ResultEES3_
                0x0800d19c       0xc8 libDaisy/build\libdaisy.a(spi.o)
                0x0800d19c                daisy::SpiHandle::Impl::StartDmaTx(unsigned char*, unsigned int, void (*)(void*), void (*)(void*, daisy::SpiHandle::Result), void*)
 .text._ZN5daisy9SpiHandle4Impl10StartDmaRxEPhjPFvPvEPFvS3_NS0_6ResultEES3_
                0x0800d264       0xc8 libDaisy/build\libdaisy.a(spi.o)
                0x0800d264                daisy::SpiHandle::Impl::StartDmaRx(unsigned char*, unsigned int, void (*)(void*), void (*)(void*, daisy::SpiHandle::Result), void*)
 .text._ZN5daisy9SpiHandle4Impl12StartDmaRxTxEPhS2_jPFvPvEPFvS3_NS0_6ResultEES3_
                0x0800d32c       0xcc libDaisy/build\libdaisy.a(spi.o)
                0x0800d32c                daisy::SpiHandle::Impl::StartDmaRxTx(unsigned char*, unsigned char*, unsigned int, void (*)(void*), void (*)(void*, daisy::SpiHandle::Result), void*)
 .text._ZN5daisy9SpiHandle4Impl8InitPinsEv
                0x0800d3f8      0x274 libDaisy/build\libdaisy.a(spi.o)
                0x0800d3f8                daisy::SpiHandle::Impl::InitPins()
 .text.HAL_SPI_MspInit
                0x0800d66c      0x1a8 libDaisy/build\libdaisy.a(spi.o)
                0x0800d66c                HAL_SPI_MspInit
 .text.dsy_spi_global_init
                0x0800d814       0x80 libDaisy/build\libdaisy.a(spi.o)
                0x0800d814                dsy_spi_global_init
 .text.SPI1_IRQHandler
                0x0800d894        0xc libDaisy/build\libdaisy.a(spi.o)
                0x0800d894                SPI1_IRQHandler
 .text.SPI2_IRQHandler
                0x0800d8a0        0xc libDaisy/build\libdaisy.a(spi.o)
                0x0800d8a0                SPI2_IRQHandler
 .text.SPI3_IRQHandler
                0x0800d8ac        0xc libDaisy/build\libdaisy.a(spi.o)
                0x0800d8ac                SPI3_IRQHandler
 .text.SPI4_IRQHandler
                0x0800d8b8        0xc libDaisy/build\libdaisy.a(spi.o)
                0x0800d8b8                SPI4_IRQHandler
 .text.SPI5_IRQHandler
                0x0800d8c4        0xc libDaisy/build\libdaisy.a(spi.o)
                0x0800d8c4                SPI5_IRQHandler
 .text.DMA2_Stream2_IRQHandler
                0x0800d8d0       0x34 libDaisy/build\libdaisy.a(spi.o)
                0x0800d8d0                DMA2_Stream2_IRQHandler
 .text.DMA2_Stream3_IRQHandler
                0x0800d904       0x38 libDaisy/build\libdaisy.a(spi.o)
                0x0800d904                DMA2_Stream3_IRQHandler
 .text.HAL_SPI_TxCpltCallback
                0x0800d93c       0xc4 libDaisy/build\libdaisy.a(spi.o)
                0x0800d93c                HAL_SPI_TxCpltCallback
 .text.HAL_SPI_RxCpltCallback
                0x0800da00       0xc4 libDaisy/build\libdaisy.a(spi.o)
                0x0800da00                HAL_SPI_RxCpltCallback
 .text.HAL_SPI_TxRxCpltCallback
                0x0800dac4       0xc4 libDaisy/build\libdaisy.a(spi.o)
                0x0800dac4                HAL_SPI_TxRxCpltCallback
 .text.HAL_SPI_ErrorCallback
                0x0800db88       0xc8 libDaisy/build\libdaisy.a(spi.o)
                0x0800db88                HAL_SPI_ErrorCallback
 .text.startup._GLOBAL__sub_I__Z19MapInstanceToHandleP11SPI_TypeDef
                0x0800dc50      0x1b0 libDaisy/build\libdaisy.a(spi.o)
 .text.HAL_TIM_Base_MspInit
                0x0800de00      0x1e0 libDaisy/build\libdaisy.a(tim.o)
                0x0800de00                HAL_TIM_Base_MspInit
 .text.HAL_TIM_PeriodElapsedCallback
                0x0800dfe0       0x44 libDaisy/build\libdaisy.a(tim.o)
                0x0800dfe0                HAL_TIM_PeriodElapsedCallback
 .text.TIM2_IRQHandler
                0x0800e024        0xc libDaisy/build\libdaisy.a(tim.o)
                0x0800e024                TIM2_IRQHandler
 .text.TIM3_IRQHandler
                0x0800e030        0xc libDaisy/build\libdaisy.a(tim.o)
                0x0800e030                TIM3_IRQHandler
 .text.TIM4_IRQHandler
                0x0800e03c        0xc libDaisy/build\libdaisy.a(tim.o)
                0x0800e03c                TIM4_IRQHandler
 .text.TIM5_IRQHandler
                0x0800e048        0xc libDaisy/build\libdaisy.a(tim.o)
                0x0800e048                TIM5_IRQHandler
 .text._ZN5daisy11TimerHandle4InitERKNS0_6ConfigE
                0x0800e054       0xd0 libDaisy/build\libdaisy.a(tim.o)
                0x0800e054                daisy::TimerHandle::Init(daisy::TimerHandle::Config const&)
 .text._ZN5daisy11TimerHandle5StartEv
                0x0800e124       0x24 libDaisy/build\libdaisy.a(tim.o)
                0x0800e124                daisy::TimerHandle::Start()
 .text.startup._GLOBAL__sub_I__ZN5daisy11TimerHandle4Impl4InitERKNS0_6ConfigE
                0x0800e148       0x38 libDaisy/build\libdaisy.a(tim.o)
 .text._ZN5daisy11UartHandler4Impl7InitDmaEbb
                0x0800e180      0x164 libDaisy/build\libdaisy.a(uart.o)
                0x0800e180                daisy::UartHandler::Impl::InitDma(bool, bool)
 .text._ZN5daisy11UartHandler4Impl10HandleFifoEv
                0x0800e2e4       0xec libDaisy/build\libdaisy.a(uart.o)
                0x0800e2e4                daisy::UartHandler::Impl::HandleFifo()
 .text._ZN5daisy11UartHandler4Impl10StartDmaTxEPhjPFvPvEPFvS3_NS0_6ResultEES3_
                0x0800e3d0       0xcc libDaisy/build\libdaisy.a(uart.o)
                0x0800e3d0                daisy::UartHandler::Impl::StartDmaTx(unsigned char*, unsigned int, void (*)(void*), void (*)(void*, daisy::UartHandler::Result), void*)
 .text._ZN5daisy11UartHandler4Impl10StartDmaRxEPhjPFvPvEPFvS3_NS0_6ResultEES3_
                0x0800e49c       0xcc libDaisy/build\libdaisy.a(uart.o)
                0x0800e49c                daisy::UartHandler::Impl::StartDmaRx(unsigned char*, unsigned int, void (*)(void*), void (*)(void*, daisy::UartHandler::Result), void*)
 .text._ZN5daisy11UartHandler4Impl19DmaTransferFinishedEP20__UART_HandleTypeDefNS0_6ResultE
                0x0800e568       0xc0 libDaisy/build\libdaisy.a(uart.o)
                0x0800e568                daisy::UartHandler::Impl::DmaTransferFinished(__UART_HandleTypeDef*, daisy::UartHandler::Result)
 .text._ZN5daisy11UartHandler4Impl8InitPinsEv
                0x0800e628      0x150 libDaisy/build\libdaisy.a(uart.o)
                0x0800e628                daisy::UartHandler::Impl::InitPins()
 .text.HAL_UART_MspInit
                0x0800e778      0x210 libDaisy/build\libdaisy.a(uart.o)
                0x0800e778                HAL_UART_MspInit
 .text.dsy_uart_global_init
                0x0800e988      0x110 libDaisy/build\libdaisy.a(uart.o)
                0x0800e988                dsy_uart_global_init
 .text.USART1_IRQHandler
                0x0800ea98       0x30 libDaisy/build\libdaisy.a(uart.o)
                0x0800ea98                USART1_IRQHandler
 .text.USART2_IRQHandler
                0x0800eac8       0x34 libDaisy/build\libdaisy.a(uart.o)
                0x0800eac8                USART2_IRQHandler
 .text.USART3_IRQHandler
                0x0800eafc       0x34 libDaisy/build\libdaisy.a(uart.o)
                0x0800eafc                USART3_IRQHandler
 .text.UART4_IRQHandler
                0x0800eb30       0x34 libDaisy/build\libdaisy.a(uart.o)
                0x0800eb30                UART4_IRQHandler
 .text.UART5_IRQHandler
                0x0800eb64       0x34 libDaisy/build\libdaisy.a(uart.o)
                0x0800eb64                UART5_IRQHandler
 .text.USART6_IRQHandler
                0x0800eb98       0x34 libDaisy/build\libdaisy.a(uart.o)
                0x0800eb98                USART6_IRQHandler
 .text.UART7_IRQHandler
                0x0800ebcc       0x30 libDaisy/build\libdaisy.a(uart.o)
                0x0800ebcc                UART7_IRQHandler
 .text.UART8_IRQHandler
                0x0800ebfc       0x34 libDaisy/build\libdaisy.a(uart.o)
                0x0800ebfc                UART8_IRQHandler
 .text.LPUART1_IRQHandler
                0x0800ec30       0x34 libDaisy/build\libdaisy.a(uart.o)
                0x0800ec30                LPUART1_IRQHandler
 .text.DMA1_Stream5_IRQHandler
                0x0800ec64       0x34 libDaisy/build\libdaisy.a(uart.o)
                0x0800ec64                DMA1_Stream5_IRQHandler
 .text.DMA2_Stream4_IRQHandler
                0x0800ec98       0x34 libDaisy/build\libdaisy.a(uart.o)
                0x0800ec98                DMA2_Stream4_IRQHandler
 .text.HAL_UART_TxCpltCallback
                0x0800eccc        0x8 libDaisy/build\libdaisy.a(uart.o)
                0x0800eccc                HAL_UART_TxCpltCallback
 .text.HAL_UART_RxCpltCallback
                0x0800ecd4        0x8 libDaisy/build\libdaisy.a(uart.o)
                0x0800ecd4                HAL_UART_RxCpltCallback
 .text.HAL_UART_ErrorCallback
                0x0800ecdc        0x8 libDaisy/build\libdaisy.a(uart.o)
                0x0800ecdc                HAL_UART_ErrorCallback
 .text.startup._GLOBAL__sub_I__Z19MapInstanceToHandleP13USART_TypeDef
                0x0800ece4      0x190 libDaisy/build\libdaisy.a(uart.o)
 .text.dsy_dma_init
                0x0800ee74      0x100 libDaisy/build\libdaisy.a(dma.o)
                0x0800ee74                dsy_dma_init
 .text.HAL_MDMA_Abort_IT
                0x0800ef74       0x2c libDaisy/build\libdaisy.a(stm32h7xx_hal_mdma.o)
                0x0800ef74                HAL_MDMA_Abort_IT
 .text.SPI_CloseTransfer
                0x0800efa0       0xb8 libDaisy/build\libdaisy.a(stm32h7xx_hal_spi.o)
 .text.HAL_SPI_Init
                0x0800f058      0x15c libDaisy/build\libdaisy.a(stm32h7xx_hal_spi.o)
                0x0800f058                HAL_SPI_Init
 .text.HAL_SPI_Transmit_DMA
                0x0800f1b4      0x170 libDaisy/build\libdaisy.a(stm32h7xx_hal_spi.o)
                0x0800f1b4                HAL_SPI_Transmit_DMA
 .text.HAL_SPI_TransmitReceive_DMA
                0x0800f324      0x218 libDaisy/build\libdaisy.a(stm32h7xx_hal_spi.o)
                0x0800f324                HAL_SPI_TransmitReceive_DMA
 .text.HAL_SPI_Receive_DMA
                0x0800f53c      0x1b4 libDaisy/build\libdaisy.a(stm32h7xx_hal_spi.o)
                0x0800f53c                HAL_SPI_Receive_DMA
 .text.SPI_DMATransmitCplt
                0x0800f6f0       0x28 libDaisy/build\libdaisy.a(stm32h7xx_hal_spi.o)
 .text.SPI_DMAReceiveCplt
                0x0800f718       0x28 libDaisy/build\libdaisy.a(stm32h7xx_hal_spi.o)
 .text.SPI_DMATransmitReceiveCplt
                0x0800f740       0x28 libDaisy/build\libdaisy.a(stm32h7xx_hal_spi.o)
 .text.HAL_SPI_TxHalfCpltCallback
                0x0800f768        0x4 libDaisy/build\libdaisy.a(stm32h7xx_hal_spi.o)
                0x0800f768                HAL_SPI_TxHalfCpltCallback
 .text.SPI_DMAHalfTransmitCplt
                0x0800f76c        0xc libDaisy/build\libdaisy.a(stm32h7xx_hal_spi.o)
 .text.HAL_SPI_RxHalfCpltCallback
                0x0800f778        0x4 libDaisy/build\libdaisy.a(stm32h7xx_hal_spi.o)
                0x0800f778                HAL_SPI_RxHalfCpltCallback
 .text.SPI_DMAHalfReceiveCplt
                0x0800f77c        0xc libDaisy/build\libdaisy.a(stm32h7xx_hal_spi.o)
 .text.HAL_SPI_TxRxHalfCpltCallback
                0x0800f788        0x4 libDaisy/build\libdaisy.a(stm32h7xx_hal_spi.o)
                0x0800f788                HAL_SPI_TxRxHalfCpltCallback
 .text.SPI_DMAHalfTransmitReceiveCplt
                0x0800f78c        0xc libDaisy/build\libdaisy.a(stm32h7xx_hal_spi.o)
 .text.SPI_DMAError
                0x0800f798       0xd8 libDaisy/build\libdaisy.a(stm32h7xx_hal_spi.o)
 .text.HAL_SPI_IRQHandler
                0x0800f870      0x23c libDaisy/build\libdaisy.a(stm32h7xx_hal_spi.o)
                0x0800f870                HAL_SPI_IRQHandler
 .text.SPI_DMAAbortOnError
                0x0800faac       0x1c libDaisy/build\libdaisy.a(stm32h7xx_hal_spi.o)
 .text.HAL_SPI_GetState
                0x0800fac8        0x8 libDaisy/build\libdaisy.a(stm32h7xx_hal_spi.o)
                0x0800fac8                HAL_SPI_GetState
 .text.HAL_UART_Transmit_DMA
                0x0800fad0       0xa4 libDaisy/build\libdaisy.a(stm32h7xx_hal_uart.o)
                0x0800fad0                HAL_UART_Transmit_DMA
 .text.HAL_UART_Receive_DMA
                0x0800fb74       0xac libDaisy/build\libdaisy.a(stm32h7xx_hal_uart.o)
                0x0800fb74                HAL_UART_Receive_DMA
 .text.UART_DMATransmitCplt
                0x0800fc20       0x2c libDaisy/build\libdaisy.a(stm32h7xx_hal_uart.o)
 .text.HAL_UART_TxHalfCpltCallback
                0x0800fc4c        0x4 libDaisy/build\libdaisy.a(stm32h7xx_hal_uart.o)
                0x0800fc4c                HAL_UART_TxHalfCpltCallback
 .text.UART_DMATxHalfCplt
                0x0800fc50        0xc libDaisy/build\libdaisy.a(stm32h7xx_hal_uart.o)
 .text.UART_DMAReceiveCplt
                0x0800fc5c       0x38 libDaisy/build\libdaisy.a(stm32h7xx_hal_uart.o)
 .text.HAL_UART_RxHalfCpltCallback
                0x0800fc94        0x4 libDaisy/build\libdaisy.a(stm32h7xx_hal_uart.o)
                0x0800fc94                HAL_UART_RxHalfCpltCallback
 .text.UART_DMARxHalfCplt
                0x0800fc98        0xc libDaisy/build\libdaisy.a(stm32h7xx_hal_uart.o)
 .text.UART_DMAError
                0x0800fca4       0x78 libDaisy/build\libdaisy.a(stm32h7xx_hal_uart.o)
 .text.HAL_UART_IRQHandler
                0x0800fd1c      0x1d0 libDaisy/build\libdaisy.a(stm32h7xx_hal_uart.o)
                0x0800fd1c                HAL_UART_IRQHandler
 .text.UART_DMAAbortOnError
                0x0800feec       0x14 libDaisy/build\libdaisy.a(stm32h7xx_hal_uart.o)
 .text.HAL_UART_GetState
                0x0800ff00        0xc libDaisy/build\libdaisy.a(stm32h7xx_hal_uart.o)
                0x0800ff00                HAL_UART_GetState
 .text.UART_SetConfig
                0x0800ff0c     0x14b8 libDaisy/build\libdaisy.a(stm32h7xx_hal_uart.o)
                0x0800ff0c                UART_SetConfig
 .text.UART_AdvFeatureConfig
                0x080113c4       0xb0 libDaisy/build\libdaisy.a(stm32h7xx_hal_uart.o)
                0x080113c4                UART_AdvFeatureConfig
 .text.UART_CheckIdleState
                0x08011474       0x84 libDaisy/build\libdaisy.a(stm32h7xx_hal_uart.o)
                0x08011474                UART_CheckIdleState
 .text.HAL_UART_Init
                0x080114f8       0x68 libDaisy/build\libdaisy.a(stm32h7xx_hal_uart.o)
                0x080114f8                HAL_UART_Init
 .text.HAL_UARTEx_WakeupCallback
                0x08011560        0x4 libDaisy/build\libdaisy.a(stm32h7xx_hal_uart_ex.o)
                0x08011560                HAL_UARTEx_WakeupCallback
 .text.HAL_UARTEx_RxFifoFullCallback
                0x08011564        0x4 libDaisy/build\libdaisy.a(stm32h7xx_hal_uart_ex.o)
                0x08011564                HAL_UARTEx_RxFifoFullCallback
 .text.HAL_UARTEx_TxFifoEmptyCallback
                0x08011568        0x4 libDaisy/build\libdaisy.a(stm32h7xx_hal_uart_ex.o)
                0x08011568                HAL_UARTEx_TxFifoEmptyCallback
 .text._ZN7daisysp8ReverbSc17NextRandomLinesegEPNS_10ReverbScDlEi
                0x0801156c      0x108 DaisySP/build\libdaisysp.a(reverbsc.o)
                0x0801156c                daisysp::ReverbSc::NextRandomLineseg(daisysp::ReverbScDl*, int)
 *fill*         0x08011674        0x4 
 .text._ZN7daisysp8ReverbSc4InitEf
                0x08011678      0x180 DaisySP/build\libdaisysp.a(reverbsc.o)
                0x08011678                daisysp::ReverbSc::Init(float)
 .text._ZN7daisysp8ReverbSc7ProcessERKfS2_PfS3_
                0x080117f8      0x2e0 DaisySP/build\libdaisysp.a(reverbsc.o)
                0x080117f8                daisysp::ReverbSc::Process(float const&, float const&, float*, float*)
 .text.__aeabi_atexit
                0x08011ad8        0xa c:/users/pedro/desktop/dev/daisytools/windows/bin/../lib/gcc/arm-none-eabi/10.2.1/../../../../arm-none-eabi/lib/thumb/v7e-m+dp/hard\libstdc++_nano.a(atexit_arm.o)
                0x08011ad8                __aeabi_atexit
 *fill*         0x08011ae2        0x6 
 .text.cosf     0x08011ae8      0x1bc c:/users/pedro/desktop/dev/daisytools/windows/bin/../lib/gcc/arm-none-eabi/10.2.1/../../../../arm-none-eabi/lib/thumb/v7e-m+dp/hard\libm.a(lib_a-cosf.o)
                0x08011ae8                cosf
 .text.with_errnof
                0x08011ca4       0x18 c:/users/pedro/desktop/dev/daisytools/windows/bin/../lib/gcc/arm-none-eabi/10.2.1/../../../../arm-none-eabi/lib/thumb/v7e-m+dp/hard\libm.a(lib_a-math_errf.o)
 .text.xflowf   0x08011cbc       0x20 c:/users/pedro/desktop/dev/daisytools/windows/bin/../lib/gcc/arm-none-eabi/10.2.1/../../../../arm-none-eabi/lib/thumb/v7e-m+dp/hard\libm.a(lib_a-math_errf.o)
 .text.__math_uflowf
                0x08011cdc        0xc c:/users/pedro/desktop/dev/daisytools/windows/bin/../lib/gcc/arm-none-eabi/10.2.1/../../../../arm-none-eabi/lib/thumb/v7e-m+dp/hard\libm.a(lib_a-math_errf.o)
                0x08011cdc                __math_uflowf
 .text.__math_may_uflowf
                0x08011ce8        0xc c:/users/pedro/desktop/dev/daisytools/windows/bin/../lib/gcc/arm-none-eabi/10.2.1/../../../../arm-none-eabi/lib/thumb/v7e-m+dp/hard\libm.a(lib_a-math_errf.o)
                0x08011ce8                __math_may_uflowf
 .text.__math_oflowf
                0x08011cf4        0xc c:/users/pedro/desktop/dev/daisytools/windows/bin/../lib/gcc/arm-none-eabi/10.2.1/../../../../arm-none-eabi/lib/thumb/v7e-m+dp/hard\libm.a(lib_a-math_errf.o)
                0x08011cf4                __math_oflowf
 .text.__math_divzerof
                0x08011d00       0x24 c:/users/pedro/desktop/dev/daisytools/windows/bin/../lib/gcc/arm-none-eabi/10.2.1/../../../../arm-none-eabi/lib/thumb/v7e-m+dp/hard\libm.a(lib_a-math_errf.o)
                0x08011d00                __math_divzerof
 .text.__math_invalidf
                0x08011d24       0x20 c:/users/pedro/desktop/dev/daisytools/windows/bin/../lib/gcc/arm-none-eabi/10.2.1/../../../../arm-none-eabi/lib/thumb/v7e-m+dp/hard\libm.a(lib_a-math_errf.o)
                0x08011d24                __math_invalidf
 *fill*         0x08011d44        0x4 
 .text.powf     0x08011d48      0x328 c:/users/pedro/desktop/dev/daisytools/windows/bin/../lib/gcc/arm-none-eabi/10.2.1/../../../../arm-none-eabi/lib/thumb/v7e-m+dp/hard\libm.a(lib_a-sf_pow.o)
                0x08011d48                powf
 .text.sqrtf    0x08012070       0x50 c:/users/pedro/desktop/dev/daisytools/windows/bin/../lib/gcc/arm-none-eabi/10.2.1/../../../../arm-none-eabi/lib/thumb/v7e-m+dp/hard\libm.a(lib_a-wf_sqrt.o)
                0x08012070                sqrtf
 .text.__ieee754_sqrtf
                0x080120c0        0x8 c:/users/pedro/desktop/dev/daisytools/windows/bin/../lib/gcc/arm-none-eabi/10.2.1/../../../../arm-none-eabi/lib/thumb/v7e-m+dp/hard\libm.a(lib_a-ef_sqrt.o)
                0x080120c0                __ieee754_sqrtf
 .text.__cxa_atexit
                0x080120c8       0x1c c:/users/pedro/desktop/dev/daisytools/windows/bin/../lib/gcc/arm-none-eabi/10.2.1/../../../../arm-none-eabi/lib/thumb/v7e-m+dp/hard\libc_nano.a(lib_a-cxa_atexit.o)
                0x080120c8                __cxa_atexit
 .text.__errno  0x080120e4        0xc c:/users/pedro/desktop/dev/daisytools/windows/bin/../lib/gcc/arm-none-eabi/10.2.1/../../../../arm-none-eabi/lib/thumb/v7e-m+dp/hard\libc_nano.a(lib_a-errno.o)
                0x080120e4                __errno
 .text.__libc_init_array
                0x080120f0       0x48 c:/users/pedro/desktop/dev/daisytools/windows/bin/../lib/gcc/arm-none-eabi/10.2.1/../../../../arm-none-eabi/lib/thumb/v7e-m+dp/hard\libc_nano.a(lib_a-init.o)
                0x080120f0                __libc_init_array
 .text.memcpy   0x08012138       0x1c c:/users/pedro/desktop/dev/daisytools/windows/bin/../lib/gcc/arm-none-eabi/10.2.1/../../../../arm-none-eabi/lib/thumb/v7e-m+dp/hard\libc_nano.a(lib_a-memcpy-stub.o)
                0x08012138                memcpy
 .text.memset   0x08012154       0x10 c:/users/pedro/desktop/dev/daisytools/windows/bin/../lib/gcc/arm-none-eabi/10.2.1/../../../../arm-none-eabi/lib/thumb/v7e-m+dp/hard\libc_nano.a(lib_a-memset.o)
                0x08012154                memset
 *(.rodata)
 .rodata        0x08012164       0x18 libDaisy/build\libdaisy.a(daisy_patch_sm.o)
 .rodata        0x0801217c       0x10 libDaisy/build\libdaisy.a(i2c.o)
 .rodata        0x0801218c       0x10 libDaisy/build\libdaisy.a(tim.o)
 .rodata        0x0801219c       0x12 libDaisy/build\libdaisy.a(uart.o)
 *(.rodata*)
 *fill*         0x080121ae        0x2 
 .rodata._ZN5daisy8patch_sm12DaisyPatchSM2B5E
                0x080121b0        0x2 libDaisy/build\libdaisy.a(daisy_patch_sm.o)
                0x080121b0                daisy::patch_sm::DaisyPatchSM::B5
 *fill*         0x080121b2        0x2 
 .rodata._ZN5daisy8patch_sm12DaisyPatchSM2B6E
                0x080121b4        0x2 libDaisy/build\libdaisy.a(daisy_patch_sm.o)
                0x080121b4                daisy::patch_sm::DaisyPatchSM::B6
 *fill*         0x080121b6        0x2 
 .rodata._ZN5daisy8patch_sm12DaisyPatchSM2B9E
                0x080121b8        0x2 libDaisy/build\libdaisy.a(daisy_patch_sm.o)
                0x080121b8                daisy::patch_sm::DaisyPatchSM::B9
 *fill*         0x080121ba        0x2 
 .rodata._ZN5daisy8patch_sm12DaisyPatchSM3B10E
                0x080121bc        0x2 libDaisy/build\libdaisy.a(daisy_patch_sm.o)
                0x080121bc                daisy::patch_sm::DaisyPatchSM::B10
 *fill*         0x080121be        0x2 
 .rodata._ZN5daisy8patch_smL12PIN_USER_LEDE
                0x080121c0        0x2 libDaisy/build\libdaisy.a(daisy_patch_sm.o)
 *fill*         0x080121c2        0x2 
 .rodata._ZL16dsy_adc_rank_map
                0x080121c4       0x40 libDaisy/build\libdaisy.a(adc.o)
 .rodata.CSWTCH.35
                0x08012204        0x3 libDaisy/build\libdaisy.a(sai.o)
 *fill*         0x08012207        0x1 
 .rodata.CSWTCH.36
                0x08012208        0xc libDaisy/build\libdaisy.a(sai.o)
 .rodata.CSWTCH.44
                0x08012214       0x14 libDaisy/build\libdaisy.a(sai.o)
 .rodata.D1CorePrescTable
                0x08012228       0x10 libDaisy/build\libdaisy.a(system_stm32h7xx.o)
                0x08012228                D1CorePrescTable
 .rodata.CSWTCH.24
                0x08012238        0x4 libDaisy/build\libdaisy.a(usbd_conf.o)
 .rodata.CSWTCH.19
                0x0801223c        0x4 libDaisy/build\libdaisy.a(usbh_conf.o)
 .rodata.gpio_hal_pin_map
                0x08012240       0x20 libDaisy/build\libdaisy.a(hal_map.o)
 .rodata.gpio_hal_port_map
                0x08012260       0x30 libDaisy/build\libdaisy.a(hal_map.o)
 .rodata.flagBitshiftOffset.0
                0x08012290        0x8 libDaisy/build\libdaisy.a(stm32h7xx_hal_dma.o)
 .rodata._ZL13pins_none_spi
                0x08012298        0x3 libDaisy/build\libdaisy.a(spi.o)
 *fill*         0x0801229b        0x1 
 .rodata._ZL16pins_periphs_spi
                0x0801229c       0x60 libDaisy/build\libdaisy.a(spi.o)
 .rodata.CSWTCH.418
                0x080122fc       0x29 libDaisy/build\libdaisy.a(stm32h7xx_hal_uart.o)
 *fill*         0x08012325        0x3 
 .rodata.CSWTCH.419
                0x08012328        0x6 libDaisy/build\libdaisy.a(stm32h7xx_hal_uart.o)
 *fill*         0x0801232e        0x2 
 .rodata.CSWTCH.426
                0x08012330        0x6 libDaisy/build\libdaisy.a(stm32h7xx_hal_uart.o)
 *fill*         0x08012336        0x2 
 .rodata._ZL13kReverbParams
                0x08012338       0x80 DaisySP/build\libdaisysp.a(reverbsc.o)
 .rodata.__powf_log2_data
                0x080123b8      0x128 c:/users/pedro/desktop/dev/daisytools/windows/bin/../lib/gcc/arm-none-eabi/10.2.1/../../../../arm-none-eabi/lib/thumb/v7e-m+dp/hard\libm.a(lib_a-sf_pow_log2_data.o)
                0x080123b8                __powf_log2_data
 .rodata.__inv_pio4
                0x080124e0       0x60 c:/users/pedro/desktop/dev/daisytools/windows/bin/../lib/gcc/arm-none-eabi/10.2.1/../../../../arm-none-eabi/lib/thumb/v7e-m+dp/hard\libm.a(lib_a-sincosf_data.o)
                0x080124e0                __inv_pio4
 .rodata.__sincosf_table
                0x08012540       0xe0 c:/users/pedro/desktop/dev/daisytools/windows/bin/../lib/gcc/arm-none-eabi/10.2.1/../../../../arm-none-eabi/lib/thumb/v7e-m+dp/hard\libm.a(lib_a-sincosf_data.o)
                0x08012540                __sincosf_table
 .rodata.__exp2f_data
                0x08012620      0x148 c:/users/pedro/desktop/dev/daisytools/windows/bin/../lib/gcc/arm-none-eabi/10.2.1/../../../../arm-none-eabi/lib/thumb/v7e-m+dp/hard\libm.a(lib_a-sf_exp2_data.o)
                0x08012620                __exp2f_data
 .rodata.__sf_fake_stderr
                0x08012768       0x20 c:/users/pedro/desktop/dev/daisytools/windows/bin/../lib/gcc/arm-none-eabi/10.2.1/../../../../arm-none-eabi/lib/thumb/v7e-m+dp/hard\libc_nano.a(lib_a-findfp.o)
                0x08012768                __sf_fake_stderr
 .rodata.__sf_fake_stdin
                0x08012788       0x20 c:/users/pedro/desktop/dev/daisytools/windows/bin/../lib/gcc/arm-none-eabi/10.2.1/../../../../arm-none-eabi/lib/thumb/v7e-m+dp/hard\libc_nano.a(lib_a-findfp.o)
                0x08012788                __sf_fake_stdin
 .rodata.__sf_fake_stdout
                0x080127a8       0x20 c:/users/pedro/desktop/dev/daisytools/windows/bin/../lib/gcc/arm-none-eabi/10.2.1/../../../../arm-none-eabi/lib/thumb/v7e-m+dp/hard\libc_nano.a(lib_a-findfp.o)
                0x080127a8                __sf_fake_stdout
 *(.glue_7)
 .glue_7        0x080127c8        0x0 linker stubs
 *(.glue_7t)
 .glue_7t       0x080127c8        0x0 linker stubs
 *(.init)
 .init          0x080127c8        0x4 c:/users/pedro/desktop/dev/daisytools/windows/bin/../lib/gcc/arm-none-eabi/10.2.1/thumb/v7e-m+dp/hard/crti.o
                0x080127c8                _init
 .init          0x080127cc        0x8 c:/users/pedro/desktop/dev/daisytools/windows/bin/../lib/gcc/arm-none-eabi/10.2.1/thumb/v7e-m+dp/hard/crtn.o
 *(.fini)
 .fini          0x080127d4        0x4 c:/users/pedro/desktop/dev/daisytools/windows/bin/../lib/gcc/arm-none-eabi/10.2.1/thumb/v7e-m+dp/hard/crti.o
                0x080127d4                _fini
 .fini          0x080127d8        0x8 c:/users/pedro/desktop/dev/daisytools/windows/bin/../lib/gcc/arm-none-eabi/10.2.1/thumb/v7e-m+dp/hard/crtn.o
                0x080127e0                . = ALIGN (0x4)
                0x080127e0                _etext = .

.eh_frame       0x080127e0        0x0