Archive member included to satisfy reference by file (symbol)

libDaisy/build\libdaisy.a(daisy_patch_sm.o)
                              build/Reverb.o (daisy::patch_sm::DaisyPatchSM::Init())
libDaisy/build\libdaisy.a(codec_pcm3060.o)
                              libDaisy/build\libdaisy.a(daisy_patch_sm.o) (daisy::Pcm3060::Init(daisy::I2CHandle))
libDaisy/build\libdaisy.a(sdram.o)
                              libDaisy/build\libdaisy.a(daisy_patch_sm.o) (SdramHandle::Init())
libDaisy/build\libdaisy.a(audio.o)
                              libDaisy/build\libdaisy.a(daisy_patch_sm.o) (daisy::AudioHandle::Init(daisy::AudioHandle::Config const&, daisy::SaiHandle))
libDaisy/build\libdaisy.a(ctrl.o)
                              libDaisy/build\libdaisy.a(daisy_patch_sm.o) (daisy::AnalogControl::Init(unsigned short*, float, bool, bool, float))
libDaisy/build\libdaisy.a(gatein.o)
                              libDaisy/build\libdaisy.a(daisy_patch_sm.o) (daisy::GateIn::Init(dsy_gpio_pin*, bool))
libDaisy/build\libdaisy.a(switch.o)
                              build/Reverb.o (daisy::Switch::Init(dsy_gpio_pin, float))
libDaisy/build\libdaisy.a(adc.o)
                              libDaisy/build\libdaisy.a(daisy_patch_sm.o) (daisy::AdcChannelConfig::InitSingle(dsy_gpio_pin))
libDaisy/build\libdaisy.a(dac.o)
                              libDaisy/build\libdaisy.a(daisy_patch_sm.o) (daisy::DacHandle::Init(daisy::DacHandle::Config const&))
libDaisy/build\libdaisy.a(gpio.o)
                              libDaisy/build\libdaisy.a(daisy_patch_sm.o) (dsy_gpio_init)
libDaisy/build\libdaisy.a(i2c.o)
                              libDaisy/build\libdaisy.a(daisy_patch_sm.o) (daisy::I2CHandle::Init(daisy::I2CHandle::Config const&))
libDaisy/build\libdaisy.a(qspi.o)
                              libDaisy/build\libdaisy.a(daisy_patch_sm.o) (daisy::QSPIHandle::Init(daisy::QSPIHandle::Config const&))
libDaisy/build\libdaisy.a(sai.o)
                              libDaisy/build\libdaisy.a(daisy_patch_sm.o) (daisy::SaiHandle::Init(daisy::SaiHandle::Config const&))
libDaisy/build\libdaisy.a(system.o)
                              libDaisy/build\libdaisy.a(switch.o) (daisy::System::GetNow())
libDaisy/build\libdaisy.a(system_stm32h7xx.o)
                              build/startup_stm32h750xx.o (SystemInit)
libDaisy/build\libdaisy.a(usbd_conf.o)
                              libDaisy/build\libdaisy.a(system.o) (hpcd_USB_OTG_HS)
libDaisy/build\libdaisy.a(usbh_conf.o)
                              libDaisy/build\libdaisy.a(system.o) (hhcd_USB_OTG_HS)
libDaisy/build\libdaisy.a(hal_map.o)
                              libDaisy/build\libdaisy.a(gpio.o) (dsy_hal_map_get_port)
libDaisy/build\libdaisy.a(stm32h7xx_hal.o)
                              libDaisy/build\libdaisy.a(system.o) (HAL_Init)
libDaisy/build\libdaisy.a(stm32h7xx_hal_adc.o)
                              libDaisy/build\libdaisy.a(adc.o) (HAL_ADC_ConfigChannel)
libDaisy/build\libdaisy.a(stm32h7xx_hal_adc_ex.o)
                              libDaisy/build\libdaisy.a(adc.o) (HAL_ADCEx_Calibration_Start)
libDaisy/build\libdaisy.a(stm32h7xx_hal_cortex.o)
                              libDaisy/build\libdaisy.a(stm32h7xx_hal.o) (HAL_NVIC_SetPriorityGrouping)
libDaisy/build\libdaisy.a(stm32h7xx_hal_dac.o)
                              libDaisy/build\libdaisy.a(dac.o) (HAL_DAC_Init)
libDaisy/build\libdaisy.a(stm32h7xx_hal_dac_ex.o)
                              libDaisy/build\libdaisy.a(stm32h7xx_hal_dac.o) (HAL_DACEx_DMAUnderrunCallbackCh2)
libDaisy/build\libdaisy.a(stm32h7xx_hal_dma.o)
                              libDaisy/build\libdaisy.a(adc.o) (HAL_DMA_Init)
libDaisy/build\libdaisy.a(stm32h7xx_hal_gpio.o)
                              libDaisy/build\libdaisy.a(sdram.o) (HAL_GPIO_Init)
libDaisy/build\libdaisy.a(stm32h7xx_hal_hcd.o)
                              libDaisy/build\libdaisy.a(usbh_conf.o) (HAL_HCD_HC_Init)
libDaisy/build\libdaisy.a(stm32h7xx_hal_i2c.o)
                              libDaisy/build\libdaisy.a(i2c.o) (HAL_I2C_Init)
libDaisy/build\libdaisy.a(stm32h7xx_hal_i2c_ex.o)
                              libDaisy/build\libdaisy.a(i2c.o) (HAL_I2CEx_ConfigAnalogFilter)
libDaisy/build\libdaisy.a(stm32h7xx_hal_pcd.o)
                              libDaisy/build\libdaisy.a(usbd_conf.o) (HAL_PCD_Init)
libDaisy/build\libdaisy.a(stm32h7xx_hal_pcd_ex.o)
                              libDaisy/build\libdaisy.a(usbd_conf.o) (HAL_PCDEx_SetTxFiFo)
libDaisy/build\libdaisy.a(stm32h7xx_hal_pwr_ex.o)
                              libDaisy/build\libdaisy.a(system.o) (HAL_PWREx_ConfigSupply)
libDaisy/build\libdaisy.a(stm32h7xx_hal_qspi.o)
                              libDaisy/build\libdaisy.a(qspi.o) (HAL_QSPI_Init)
libDaisy/build\libdaisy.a(stm32h7xx_hal_rcc.o)
                              libDaisy/build\libdaisy.a(system.o) (HAL_RCC_OscConfig)
libDaisy/build\libdaisy.a(stm32h7xx_hal_rcc_ex.o)
[...]
Memory Configuration

Name             Origin             Length             Attributes
FLASH            0x08000000         0x00020000         xr
DTCMRAM          0x20000000         0x00020000         xrw
SRAM             0x24000000         0x00080000         xrw
RAM_D2           0x30000000         0x00048000         xrw
RAM_D3           0x38000000         0x00010000         xrw
ITCMRAM          0x00000000         0x00010000         xrw
SDRAM            0xc0000000         0x04000000         xrw
QSPIFLASH        0x90000000         0x00800000         xr
*default*        0x00000000         0xffffffff

Linker script and memory map

LOAD c:/users/pedro/desktop/dev/daisytools/windows/bin/../lib/gcc/arm-none-eabi/10.2.1/thumb/v7e-m+dp/hard/crti.o
LOAD c:/users/pedro/desktop/dev/daisytools/windows/bin/../lib/gcc/arm-none-eabi/10.2.1/thumb/v7e-m+dp/hard/crtbegin.o
LOAD c:/users/pedro/desktop/dev/daisytools/windows/bin/../lib/gcc/arm-none-eabi/10.2.1/../../../../arm-none-eabi/lib/thumb/v7e-m+dp/hard/crt0.o
LOAD build/startup_stm32h750xx.o
LOAD build/Reverb.o
LOAD libDaisy/build\libdaisy.a
LOAD c:/users/pedro/desktop/dev/daisytools/windows/bin/../lib/gcc/arm-none-eabi/10.2.1/../../../../arm-none-eabi/lib/thumb/v7e-m+dp/hard\libnosys.a
LOAD DaisySP/build\libdaisysp.a
LOAD c:/users/pedro/desktop/dev/daisytools/windows/bin/../lib/gcc/arm-none-eabi/10.2.1/../../../../arm-none-eabi/lib/thumb/v7e-m+dp/hard\libstdc++_nano.a
LOAD c:/users/pedro/desktop/dev/daisytools/windows/bin/../lib/gcc/arm-none-eabi/10.2.1/../../../../arm-none-eabi/lib/thumb/v7e-m+dp/hard\libm.a
LOAD c:/users/pedro/desktop/dev/daisytools/windows/bin/../lib/gcc/arm-none-eabi/10.2.1/../../../../arm-none-eabi/lib/thumb/v7e-m+dp/hard\libc_nano.a
START GROUP
LOAD c:/users/pedro/desktop/dev/daisytools/windows/bin/../lib/gcc/arm-none-eabi/10.2.1/thumb/v7e-m+dp/hard\libgcc.a
LOAD c:/users/pedro/desktop/dev/daisytools/windows/bin/../lib/gcc/arm-none-eabi/10.2.1/../../../../arm-none-eabi/lib/thumb/v7e-m+dp/hard\libc_nano.a
END GROUP
START GROUP
LOAD c:/users/pedro/desktop/dev/daisytools/windows/bin/../lib/gcc/arm-none-eabi/10.2.1/thumb/v7e-m+dp/hard\libgcc.a
LOAD c:/users/pedro/desktop/dev/daisytools/windows/bin/../lib/gcc/arm-none-eabi/10.2.1/../../../../arm-none-eabi/lib/thumb/v7e-m+dp/hard\libc_nano.a
LOAD c:/users/pedro/desktop/dev/daisytools/windows/bin/../lib/gcc/arm-none-eabi/10.2.1/../../../../arm-none-eabi/lib/thumb/v7e-m+dp/hard\libnosys.a
END GROUP
START GROUP
LOAD c:/users/pedro/desktop/dev/daisytools/windows/bin/../lib/gcc/arm-none-eabi/10.2.1/thumb/v7e-m+dp/hard\libgcc.a
LOAD c:/users/pedro/desktop/dev/daisytools/windows/bin/../lib/gcc/arm-none-eabi/10.2.1/../../../../arm-none-eabi/lib/thumb/v7e-m+dp/hard\libc_nano.a
LOAD c:/users/pedro/desktop/dev/daisytools/windows/bin/../lib/gcc/arm-none-eabi/10.2.1/../../../../arm-none-eabi/lib/thumb/v7e-m+dp/hard\libnosys.a
END GROUP
LOAD c:/users/pedro/desktop/dev/daisytools/windows/bin/../lib/gcc/arm-none-eabi/10.2.1/thumb/v7e-m+dp/hard/crtend.o
LOAD c:/users/pedro/desktop/dev/daisytools/windows/bin/../lib/gcc/arm-none-eabi/10.2.1/thumb/v7e-m+dp/hard/crtn.o
                0x20020000                _estack = 0x20020000

.isr_vector     0x08000000      0x298
                0x08000000                . = ALIGN (0x4)
 *(.isr_vector)
 .isr_vector    0x08000000      0x298 build/startup_stm32h750xx.o
                0x08000000                g_pfnVectors
                0x08000298                . = ALIGN (0x4)

.text           0x08000298    0x119dc
                0x08000298                . = ALIGN (0x4)
                0x08000298                _stext = .
 *(.text)
 .text          0x08000298       0x40 c:/users/pedro/desktop/dev/daisytools/windows/bin/../lib/gcc/arm-none-eabi/10.2.1/thumb/v7e-m+dp/hard/crtbegin.o
 .text          0x080002d8       0x30 c:/users/pedro/desktop/dev/daisytools/windows/bin/../lib/gcc/arm-none-eabi/10.2.1/thumb/v7e-m+dp/hard\libgcc.a(_aeabi_uldivmod.o)
                0x080002d8                __aeabi_uldivmod
 .text          0x08000308      0x2d0 c:/users/pedro/desktop/dev/daisytools/windows/bin/../lib/gcc/arm-none-eabi/10.2.1/thumb/v7e-m+dp/hard\libgcc.a(_udivmoddi4.o)
                0x08000308                __udivmoddi4
 .text          0x080005d8        0x4 c:/users/pedro/desktop/dev/daisytools/windows/bin/../lib/gcc/arm-none-eabi/10.2.1/thumb/v7e-m+dp/hard\libgcc.a(_dvmd_tls.o)
                0x080005d8                __aeabi_idiv0
                0x080005d8                __aeabi_ldiv0
 *(.text*)
 .text.Default_Handler
                0x080005dc        0x4 build/startup_stm32h750xx.o
                0x080005dc                RTC_Alarm_IRQHandler
                0x080005dc                HASH_RNG_IRQHandler
                0x080005dc                EXTI2_IRQHandler
                0x080005dc                TIM8_CC_IRQHandler
                0x080005dc                HRTIM1_Master_IRQHandler
                0x080005dc                DebugMon_Handler
                0x080005dc                TIM1_CC_IRQHandler
                0x080005dc                BDMA_Channel6_IRQHandler
                0x080005dc                DMA2_Stream5_IRQHandler
                0x080005dc                HRTIM1_FLT_IRQHandler
                0x080005dc                JPEG_IRQHandler
                0x080005dc                BDMA_Channel1_IRQHandler
                0x080005dc                HRTIM1_TIMD_IRQHandler
                0x080005dc                TAMP_STAMP_IRQHandler
                0x080005dc                PendSV_Handler
                0x080005dc                NMI_Handler
                0x080005dc                EXTI3_IRQHandler
                0x080005dc                LPTIM4_IRQHandler
                0x080005dc                TIM8_TRG_COM_TIM14_IRQHandler
                0x080005dc                LPTIM2_IRQHandler
                0x080005dc                DFSDM1_FLT1_IRQHandler
                0x080005dc                DMAMUX2_OVR_IRQHandler
                0x080005dc                TIM8_UP_TIM13_IRQHandler
                0x080005dc                I2C3_ER_IRQHandler
                0x080005dc                DFSDM1_FLT2_IRQHandler
                0x080005dc                MDMA_IRQHandler
                0x080005dc                LPTIM3_IRQHandler
                0x080005dc                HSEM1_IRQHandler
                0x080005dc                EXTI0_IRQHandler
                0x080005dc                FPU_IRQHandler
                0x080005dc                OTG_HS_WKUP_IRQHandler
                0x080005dc                FDCAN1_IT1_IRQHandler
                0x080005dc                UsageFault_Handler
                0x080005dc                LTDC_ER_IRQHandler
                0x080005dc                HRTIM1_TIME_IRQHandler
                0x080005dc                DCMI_IRQHandler
                0x080005dc                HRTIM1_TIMC_IRQHandler
                0x080005dc                SAI2_IRQHandler
                0x080005dc                DFSDM1_FLT3_IRQHandler
                0x080005dc                TIM17_IRQHandler
                0x080005dc                CRYP_IRQHandler
                0x080005dc                BDMA_Channel7_IRQHandler
                0x080005dc                LPTIM5_IRQHandler
                0x080005dc                ADC3_IRQHandler
                0x080005dc                BDMA_Channel2_IRQHandler
                0x080005dc                DMAMUX1_OVR_IRQHandler
                0x080005dc                TIM16_IRQHandler
                0x080005dc                BDMA_Channel5_IRQHandler
                0x080005dc                RCC_IRQHandler
                0x080005dc                TIM8_BRK_TIM12_IRQHandler
                0x080005dc                TIM1_TRG_COM_IRQHandler
                0x080005dc                Default_Handler
                0x080005dc                ECC_IRQHandler
                0x080005dc                CEC_IRQHandler
                0x080005dc                EXTI15_10_IRQHandler
                0x080005dc                BDMA_Channel0_IRQHandler
                0x080005dc                ADC_IRQHandler
                0x080005dc                DMA1_Stream7_IRQHandler
                0x080005dc                HRTIM1_TIMA_IRQHandler
                0x080005dc                TIM7_IRQHandler
                0x080005dc                SDMMC1_IRQHandler
                0x080005dc                DMA2_Stream7_IRQHandler
                0x080005dc                TIM15_IRQHandler
                0x080005dc                PVD_AVD_IRQHandler
                0x080005dc                EXTI9_5_IRQHandler
                0x080005dc                RTC_WKUP_IRQHandler
                0x080005dc                LTDC_IRQHandler
                0x080005dc                SAI3_IRQHandler
                0x080005dc                ETH_WKUP_IRQHandler
                0x080005dc                SPDIF_RX_IRQHandler
                0x080005dc                MemManage_Handler
                0x080005dc                SVC_Handler
                0x080005dc                CRS_IRQHandler
                0x080005dc                EXTI4_IRQHandler
                0x080005dc                HRTIM1_TIMB_IRQHandler
                0x080005dc                FDCAN2_IT1_IRQHandler
                0x080005dc                ETH_IRQHandler
                0x080005dc                TIM1_UP_IRQHandler
                0x080005dc                BDMA_Channel4_IRQHandler
                0x080005dc                WWDG_IRQHandler
                0x080005dc                SPI6_IRQHandler
                0x080005dc                I2C4_EV_IRQHandler
                0x080005dc                MDIOS_IRQHandler
                0x080005dc                FDCAN2_IT0_IRQHandler
                0x080005dc                FDCAN1_IT0_IRQHandler
                0x080005dc                OTG_FS_WKUP_IRQHandler
                0x080005dc                DMA2D_IRQHandler
                0x080005dc                TIM1_BRK_IRQHandler
                0x080005dc                EXTI1_IRQHandler
                0x080005dc                SDMMC2_IRQHandler
                0x080005dc                OTG_FS_EP1_OUT_IRQHandler
                0x080005dc                BDMA_Channel3_IRQHandler
                0x080005dc                MDIOS_WKUP_IRQHandler
                0x080005dc                DFSDM1_FLT0_IRQHandler
                0x080005dc                SAI4_IRQHandler
                0x080005dc                I2C2_ER_IRQHandler
                0x080005dc                FLASH_IRQHandler
                0x080005dc                BusFault_Handler
                0x080005dc                OTG_FS_IRQHandler
                0x080005dc                WAKEUP_PIN_IRQHandler
                0x080005dc                OTG_FS_EP1_IN_IRQHandler
                0x080005dc                I2C1_ER_IRQHandler
                0x080005dc                FMC_IRQHandler
                0x080005dc                FDCAN_CAL_IRQHandler
                0x080005dc                SWPMI1_IRQHandler
                0x080005dc                COMP1_IRQHandler
                0x080005dc                LPTIM1_IRQHandler
                0x080005dc                I2C4_ER_IRQHandler
                0x080005dc                DMA2_Stream6_IRQHandler
                0x080005dc                SAI1_IRQHandler
 .text.Reset_Handler
                0x080005e0       0x44 build/startup_stm32h750xx.o
                0x080005e0                Reset_Handler
 .text._ZN5daisy6SwitchD2Ev
                0x08000624        0x4 build/Reverb.o
                0x08000624                daisy::Switch::~Switch()
                0x08000624                daisy::Switch::~Switch()
 .text._ZN5daisy8patch_sm12DaisyPatchSMD2Ev
                0x08000628        0x4 build/Reverb.o
                0x08000628                daisy::patch_sm::DaisyPatchSM::~DaisyPatchSM()
                0x08000628                daisy::patch_sm::DaisyPatchSM::~DaisyPatchSM()
 .text._ZN6clouds7VoxVerbD2Ev
                0x0800062c        0x4 build/Reverb.o
                0x0800062c                clouds::VoxVerb::~VoxVerb()
                0x0800062c                clouds::VoxVerb::~VoxVerb()
 .text._ZN5rings8FollowerD2Ev
                0x08000630        0x4 build/Reverb.o
                0x08000630                rings::Follower::~Follower()
                0x08000630                rings::Follower::~Follower()
 .text._ZN6clouds7VoxVerb7ProcessEPNS_10FloatFrameEj
                0x08000634      0x41c build/Reverb.o
                0x08000634                clouds::VoxVerb::Process(clouds::FloatFrame*, unsigned int)
 .text._Z13AudioCallbackPKPKfPPfj
                0x08000a50      0x2d4 build/Reverb.o
                0x08000a50                AudioCallback(float const* const*, float**, unsigned int)
 .text.startup.main
                0x08000d24      0x164 build/Reverb.o
                0x08000d24                main
 .text.startup._GLOBAL__sub_I_vox_verb
                0x08000e88       0x5c build/Reverb.o
 .text._ZN5daisy8patch_sm12DaisyPatchSM4Impl19InternalDacCallbackEPPtj
                0x08000ee4       0xa8 libDaisy/build\libdaisy.a(daisy_patch_sm.o)
                0x08000ee4                daisy::patch_sm::DaisyPatchSM::Impl::InternalDacCallback(unsigned short**, unsigned int)
 .text._ZN5daisy8patch_sm12DaisyPatchSM4InitEv
                0x08000f8c      0x27c libDaisy/build\libdaisy.a(daisy_patch_sm.o)
                0x08000f8c                daisy::patch_sm::DaisyPatchSM::Init()
 .text._ZN5daisy8patch_sm12DaisyPatchSM10StartAudioEPFvPKPKfPPfjE
                0x08001208        0x8 libDaisy/build\libdaisy.a(daisy_patch_sm.o)
                0x08001208                daisy::patch_sm::DaisyPatchSM::StartAudio(void (*)(float const* const*, float**, unsigned int))
 .text._ZN5daisy8patch_sm12DaisyPatchSM15AudioSampleRateEv
                0x08001210        0x8 libDaisy/build\libdaisy.a(daisy_patch_sm.o)
                0x08001210                daisy::patch_sm::DaisyPatchSM::AudioSampleRate()
 .text._ZN5daisy8patch_sm12DaisyPatchSM21ProcessAnalogControlsEv
                0x08001218       0x18 libDaisy/build\libdaisy.a(daisy_patch_sm.o)
                0x08001218                daisy::patch_sm::DaisyPatchSM::ProcessAnalogControls()
 .text._ZN5daisy8patch_sm12DaisyPatchSM11GetAdcValueEi
                0x08001230        0xc libDaisy/build\libdaisy.a(daisy_patch_sm.o)
                0x08001230                daisy::patch_sm::DaisyPatchSM::GetAdcValue(int)
 .text._ZN5daisy8patch_sm12DaisyPatchSM10WriteCvOutEif
                0x0800123c       0x84 libDaisy/build\libdaisy.a(daisy_patch_sm.o)
                0x0800123c                daisy::patch_sm::DaisyPatchSM::WriteCvOut(int, float)
 .text.startup._GLOBAL__sub_I__ZN5daisy8patch_sm12DaisyPatchSM2A1E
                0x080012c0       0x28 libDaisy/build\libdaisy.a(daisy_patch_sm.o)
 .text._ZN5daisy7Pcm30604InitENS_9I2CHandleE
                0x080012e8      0x16c libDaisy/build\libdaisy.a(codec_pcm3060.o)
                0x080012e8                daisy::Pcm3060::Init(daisy::I2CHandle)
 .text._ZN11SdramHandle10DeviceInitEv
                0x08001454       0x98 libDaisy/build\libdaisy.a(sdram.o)
                0x08001454                SdramHandle::DeviceInit()
 .text._ZN11SdramHandle4InitEv
                0x080014ec       0x7c libDaisy/build\libdaisy.a(sdram.o)
                0x080014ec                SdramHandle::Init()
 .text.HAL_SDRAM_MspInit
                0x08001568      0x1a8 libDaisy/build\libdaisy.a(sdram.o)
                0x08001568                HAL_SDRAM_MspInit
 .text._ZN5daisy11AudioHandle4Impl16InternalCallbackEPlS2_j
                0x08001710      0xbbc libDaisy/build\libdaisy.a(audio.o)
                0x08001710                daisy::AudioHandle::Impl::InternalCallback(long*, long*, unsigned int)
 .text._ZN5daisy11AudioHandle4InitERKNS0_6ConfigENS_9SaiHandleE
                0x080022cc       0x70 libDaisy/build\libdaisy.a(audio.o)
                0x080022cc                daisy::AudioHandle::Init(daisy::AudioHandle::Config const&, daisy::SaiHandle)
 .text._ZNK5daisy11AudioHandle9GetConfigEv
                0x0800233c        0x8 libDaisy/build\libdaisy.a(audio.o)
                0x0800233c                daisy::AudioHandle::GetConfig() const
 .text._ZN5daisy11AudioHandle13GetSampleRateEv
                0x08002344        0x8 libDaisy/build\libdaisy.a(audio.o)
                0x08002344                daisy::AudioHandle::GetSampleRate()
 .text._ZN5daisy11AudioHandle5StartEPFvPKPKfPPfjE
                0x0800234c       0x44 libDaisy/build\libdaisy.a(audio.o)
                0x0800234c                daisy::AudioHandle::Start(void (*)(float const* const*, float**, unsigned int))
 .text.startup._GLOBAL__sub_I__ZN5daisy11AudioHandle4Impl4InitENS0_6ConfigENS_9SaiHandleE
                0x08002390       0x24 libDaisy/build\libdaisy.a(audio.o)
 .text._ZN5daisy13AnalogControl4InitEPtfbbf
                0x080023b4       0x64 libDaisy/build\libdaisy.a(ctrl.o)
                0x080023b4                daisy::AnalogControl::Init(unsigned short*, float, bool, bool, float)
 .text._ZN5daisy13AnalogControl13InitBipolarCvEPtf
                0x08002418       0x6c libDaisy/build\libdaisy.a(ctrl.o)
                0x08002418                daisy::AnalogControl::InitBipolarCv(unsigned short*, float)
 .text._ZN5daisy13AnalogControl7ProcessEv
                0x08002484       0x48 libDaisy/build\libdaisy.a(ctrl.o)
                0x08002484                daisy::AnalogControl::Process()
 .text._ZN5daisy6GateIn4InitEP12dsy_gpio_pinb
                0x080024cc       0x14 libDaisy/build\libdaisy.a(gatein.o)
                0x080024cc                daisy::GateIn::Init(dsy_gpio_pin*, bool)
 .text._ZN5daisy6Switch4InitE12dsy_gpio_pinf
                0x080024e0       0x34 libDaisy/build\libdaisy.a(switch.o)
                0x080024e0                daisy::Switch::Init(dsy_gpio_pin, float)
 .text._ZN5daisy16AdcChannelConfig10InitSingleE12dsy_gpio_pin
                0x08002514       0x1c libDaisy/build\libdaisy.a(adc.o)
                0x08002514                daisy::AdcChannelConfig::InitSingle(dsy_gpio_pin)
 .text._ZN5daisy9AdcHandle4InitEPNS_16AdcChannelConfigEjNS0_12OverSamplingE
                0x08002530      0x3c8 libDaisy/build\libdaisy.a(adc.o)
                0x08002530                daisy::AdcHandle::Init(daisy::AdcChannelConfig*, unsigned int, daisy::AdcHandle::OverSampling)
 .text._ZN5daisy9AdcHandle5StartEv
                0x080028f8       0x2c libDaisy/build\libdaisy.a(adc.o)
                0x080028f8                daisy::AdcHandle::Start()
 .text._ZNK5daisy9AdcHandle6GetPtrEh
                0x08002924       0x14 libDaisy/build\libdaisy.a(adc.o)
                0x08002924                daisy::AdcHandle::GetPtr(unsigned char) const
 .text.HAL_ADC_MspInit
                0x08002938       0x98 libDaisy/build\libdaisy.a(adc.o)
                0x08002938                HAL_ADC_MspInit
 .text.DMA1_Stream2_IRQHandler
                0x080029d0        0xc libDaisy/build\libdaisy.a(adc.o)
                0x080029d0                DMA1_Stream2_IRQHandler
 .text.HAL_ADC_ConvCpltCallback
                0x080029dc      0x148 libDaisy/build\libdaisy.a(adc.o)
                0x080029dc                HAL_ADC_ConvCpltCallback
 .text.HAL_ADC_ErrorCallback
                0x08002b24        0x4 libDaisy/build\libdaisy.a(adc.o)
                0x08002b24                HAL_ADC_ErrorCallback
 .text.HAL_DAC_MspInit
                0x08002b28      0x15c libDaisy/build\libdaisy.a(dac.o)
                0x08002b28                HAL_DAC_MspInit
 .text.DMA2_Stream0_IRQHandler
                0x08002c84        0xc libDaisy/build\libdaisy.a(dac.o)
                0x08002c84                DMA2_Stream0_IRQHandler
 .text.DMA2_Stream1_IRQHandler
                0x08002c90        0xc libDaisy/build\libdaisy.a(dac.o)
                0x08002c90                DMA2_Stream1_IRQHandler
 .text.TIM6_DAC_IRQHandler
                0x08002c9c       0x1c libDaisy/build\libdaisy.a(dac.o)
                0x08002c9c                TIM6_DAC_IRQHandler
 .text.HAL_DAC_ConvCpltCallbackCh1
                0x08002cb8       0x60 libDaisy/build\libdaisy.a(dac.o)
                0x08002cb8                HAL_DAC_ConvCpltCallbackCh1
 .text.HAL_DAC_ConvHalfCpltCallbackCh1
                0x08002d18       0x54 libDaisy/build\libdaisy.a(dac.o)
                0x08002d18                HAL_DAC_ConvHalfCpltCallbackCh1
 .text.HAL_DACEx_ConvHalfCpltCallbackCh2
                0x08002d6c       0x2c libDaisy/build\libdaisy.a(dac.o)
                0x08002d6c                HAL_DACEx_ConvHalfCpltCallbackCh2
 .text.HAL_DACEx_ConvCpltCallbackCh2
                0x08002d98       0x34 libDaisy/build\libdaisy.a(dac.o)
                0x08002d98                HAL_DACEx_ConvCpltCallbackCh2
 .text._ZN5daisy9DacHandle4InitERKNS0_6ConfigE
                0x08002dcc       0xfc libDaisy/build\libdaisy.a(dac.o)
                0x08002dcc                daisy::DacHandle::Init(daisy::DacHandle::Config const&)
 .text._ZN5daisy9DacHandle5StartEPtS1_jPFvPS1_jE
                0x08002ec8       0x6c libDaisy/build\libdaisy.a(dac.o)
                0x08002ec8                daisy::DacHandle::Start(unsigned short*, unsigned short*, unsigned int, void (*)(unsigned short**, unsigned int))
 .text._ZN5daisy9DacHandle4StopEv
                0x08002f34       0x40 libDaisy/build\libdaisy.a(dac.o)
                0x08002f34                daisy::DacHandle::Stop()
 .text.dsy_gpio_init
                0x08002f74      0x1b8 libDaisy/build\libdaisy.a(gpio.o)
                0x08002f74                dsy_gpio_init
 .text.dsy_gpio_write
                0x0800312c       0x24 libDaisy/build\libdaisy.a(gpio.o)
                0x0800312c                dsy_gpio_write
 .text._ZN5daisy9I2CHandle4Impl8InitPinsEv
                0x08003150       0x58 libDaisy/build\libdaisy.a(i2c.o)
                0x08003150                daisy::I2CHandle::Impl::InitPins()
 .text.HAL_I2C_MspInit
                0x080031a8      0x1b4 libDaisy/build\libdaisy.a(i2c.o)
                0x080031a8                HAL_I2C_MspInit
 .text.dsy_i2c_global_init
                0x0800335c       0x78 libDaisy/build\libdaisy.a(i2c.o)
                0x0800335c                dsy_i2c_global_init
 .text.DMA1_Stream6_IRQHandler
                0x080033d4       0x34 libDaisy/build\libdaisy.a(i2c.o)
                0x080033d4                DMA1_Stream6_IRQHandler
 .text.I2C1_EV_IRQHandler
                0x08003408        0xc libDaisy/build\libdaisy.a(i2c.o)
                0x08003408                I2C1_EV_IRQHandler
 .text.I2C2_EV_IRQHandler
                0x08003414        0xc libDaisy/build\libdaisy.a(i2c.o)
                0x08003414                I2C2_EV_IRQHandler
 .text.I2C3_EV_IRQHandler
                0x08003420        0xc libDaisy/build\libdaisy.a(i2c.o)
                0x08003420                I2C3_EV_IRQHandler
 .text._ZN5daisy9I2CHandle4InitERKNS0_6ConfigE
                0x0800342c      0x12c libDaisy/build\libdaisy.a(i2c.o)
                0x0800342c                daisy::I2CHandle::Init(daisy::I2CHandle::Config const&)
 .text._ZN5daisy9I2CHandle17ReadDataAtAddressEtttPhtm
                0x08003558       0x4c libDaisy/build\libdaisy.a(i2c.o)
                0x08003558                daisy::I2CHandle::ReadDataAtAddress(unsigned short, unsigned short, unsigned short, unsigned char*, unsigned short, unsigned long)
 .text._ZN5daisy9I2CHandle18WriteDataAtAddressEtttPhtm
                0x080035a4       0x4c libDaisy/build\libdaisy.a(i2c.o)
                0x080035a4                daisy::I2CHandle::WriteDataAtAddress(unsigned short, unsigned short, unsigned short, unsigned char*, unsigned short, unsigned long)
 .text.startup._GLOBAL__sub_I__ZN5daisy9I2CHandle4Impl10GlobalInitEv
                0x080035f0       0x18 libDaisy/build\libdaisy.a(i2c.o)
 .text._ZN5daisy10QSPIHandle4Impl11WriteEnableEv
                0x08003608       0x8c libDaisy/build\libdaisy.a(qspi.o)
                0x08003608                daisy::QSPIHandle::Impl::WriteEnable()
 *fill*         0x08003694        0x4 
 .text._ZN5daisy10QSPIHandle4Impl17DummyCyclesConfigENS0_6Config6DeviceE
                0x08003698      0x118 libDaisy/build\libdaisy.a(qspi.o)
                0x08003698                daisy::QSPIHandle::Impl::DummyCyclesConfig(daisy::QSPIHandle::Config::Device)
 .text._ZN5daisy10QSPIHandle4Impl10QuadEnableEv
                0x080037b0      0x158 libDaisy/build\libdaisy.a(qspi.o)
                0x080037b0                daisy::QSPIHandle::Impl::QuadEnable()
 .text._ZN5daisy10QSPIHandle4InitERKNS0_6ConfigE
                0x08003908      0x198 libDaisy/build\libdaisy.a(qspi.o)
                0x08003908                daisy::QSPIHandle::Init(daisy::QSPIHandle::Config const&)
 .text.HAL_QSPI_MspInit
                0x08003aa0      0x11c libDaisy/build\libdaisy.a(qspi.o)
                0x08003aa0                HAL_QSPI_MspInit
 .text.HAL_QSPI_MspDeInit
                0x08003bbc       0x54 libDaisy/build\libdaisy.a(qspi.o)
                0x08003bbc                HAL_QSPI_MspDeInit
 .text.QUADSPI_IRQHandler
                0x08003c10        0xc libDaisy/build\libdaisy.a(qspi.o)
                0x08003c10                QUADSPI_IRQHandler
 .text.startup._GLOBAL__sub_I__ZN5daisy10QSPIHandle4Impl4InitERKNS0_6ConfigE
                0x08003c1c       0x28 libDaisy/build\libdaisy.a(qspi.o)
 .text._ZN5daisy9SaiHandle4Impl7InitDmaENS1_15PeripheralBlockE
                0x08003c44       0xa0 libDaisy/build\libdaisy.a(sai.o)
                0x08003c44                daisy::SaiHandle::Impl::InitDma(daisy::SaiHandle::Impl::PeripheralBlock)
 .text._ZN5daisy9SaiHandle4Impl8InitPinsEv
                0x08003ce4       0xa8 libDaisy/build\libdaisy.a(sai.o)
                0x08003ce4                daisy::SaiHandle::Impl::InitPins()
 .text.HAL_SAI_MspInit
                0x08003d8c      0x164 libDaisy/build\libdaisy.a(sai.o)
                0x08003d8c                HAL_SAI_MspInit
 .text.DMA1_Stream0_IRQHandler
                0x08003ef0        0xc libDaisy/build\libdaisy.a(sai.o)
                0x08003ef0                DMA1_Stream0_IRQHandler
 .text.DMA1_Stream1_IRQHandler
                0x08003efc        0xc libDaisy/build\libdaisy.a(sai.o)
                0x08003efc                DMA1_Stream1_IRQHandler
 .text.DMA1_Stream3_IRQHandler
                0x08003f08        0xc libDaisy/build\libdaisy.a(sai.o)
                0x08003f08                DMA1_Stream3_IRQHandler
 .text.DMA1_Stream4_IRQHandler
                0x08003f14        0xc libDaisy/build\libdaisy.a(sai.o)
                0x08003f14                DMA1_Stream4_IRQHandler
 .text.HAL_SAI_RxHalfCpltCallback
                0x08003f20       0x78 libDaisy/build\libdaisy.a(sai.o)
                0x08003f20                HAL_SAI_RxHalfCpltCallback
 .text.HAL_SAI_RxCpltCallback
                0x08003f98       0x70 libDaisy/build\libdaisy.a(sai.o)
                0x08003f98                HAL_SAI_RxCpltCallback
 .text._ZN5daisy9SaiHandle4InitERKNS0_6ConfigE
                0x08004008      0x1f0 libDaisy/build\libdaisy.a(sai.o)
                0x08004008                daisy::SaiHandle::Init(daisy::SaiHandle::Config const&)
 .text._ZNK5daisy9SaiHandle9GetConfigEv
                0x080041f8        0x4 libDaisy/build\libdaisy.a(sai.o)
                0x080041f8                daisy::SaiHandle::GetConfig() const
 .text._ZN5daisy9SaiHandle8StartDmaEPlS1_jPFvS1_S1_jE
                0x080041fc       0xbc libDaisy/build\libdaisy.a(sai.o)
                0x080041fc                daisy::SaiHandle::StartDma(long*, long*, unsigned int, void (*)(long*, long*, unsigned int))
 .text._ZN5daisy9SaiHandle13GetSampleRateEv
                0x080042b8       0x24 libDaisy/build\libdaisy.a(sai.o)
                0x080042b8                daisy::SaiHandle::GetSampleRate()
 .text._ZNK5daisy9SaiHandle9GetOffsetEv
                0x080042dc        0x8 libDaisy/build\libdaisy.a(sai.o)
                0x080042dc                daisy::SaiHandle::GetOffset() const
 .text._ZN5daisy11TimerHandleD2Ev
                0x080042e4        0x4 libDaisy/build\libdaisy.a(system.o)
                0x080042e4                daisy::TimerHandle::~TimerHandle()
                0x080042e4                daisy::TimerHandle::~TimerHandle()
 .text.SysTick_Handler
                0x080042e8       0x10 libDaisy/build\libdaisy.a(system.o)
                0x080042e8                SysTick_Handler
 .text.OTG_HS_EP1_OUT_IRQHandler
                0x080042f8       0x24 libDaisy/build\libdaisy.a(system.o)
                0x080042f8                OTG_HS_EP1_OUT_IRQHandler
 .text.OTG_HS_EP1_IN_IRQHandler
                0x0800431c       0x24 libDaisy/build\libdaisy.a(system.o)
                0x0800431c                OTG_HS_EP1_IN_IRQHandler
 .text.OTG_HS_IRQHandler
                0x08004340       0x24 libDaisy/build\libdaisy.a(system.o)
                0x08004340                OTG_HS_IRQHandler
 .text.HardFault_Handler
                0x08004364       0xe0 libDaisy/build\libdaisy.a(system.o)
                0x08004364                HardFault_Handler
 .text._ZN5daisy6System6GetNowEv
                0x08004444        0x4 libDaisy/build\libdaisy.a(system.o)
                0x08004444                daisy::System::GetNow()
 .text._ZN5daisy6System5DelayEm
                0x08004448        0x4 libDaisy/build\libdaisy.a(system.o)
                0x08004448                daisy::System::Delay(unsigned long)
 .text._ZN5daisy6System15ConfigureClocksEv
                0x0800444c      0x194 libDaisy/build\libdaisy.a(system.o)
                0x0800444c                daisy::System::ConfigureClocks()
 .text._ZN5daisy6System4InitERKNS0_6ConfigE
                0x080045e0      0x140 libDaisy/build\libdaisy.a(system.o)
                0x080045e0                daisy::System::Init(daisy::System::Config const&)
 .text._ZN5daisy6System12GetPClk1FreqEv
                0x08004720        0x4 libDaisy/build\libdaisy.a(system.o)
                0x08004720                daisy::System::GetPClk1Freq()
 .text._ZN5daisy6System12GetPClk2FreqEv
                0x08004724        0x4 libDaisy/build\libdaisy.a(system.o)
                0x08004724                daisy::System::GetPClk2Freq()
 .text._ZN5daisy6System22GetProgramMemoryRegionEv
                0x08004728       0x78 libDaisy/build\libdaisy.a(system.o)
                0x08004728                daisy::System::GetProgramMemoryRegion()
 .text.startup._GLOBAL__sub_I_SysTick_Handler
                0x080047a0       0x1c libDaisy/build\libdaisy.a(system.o)
 .text.SystemInit
                0x080047bc       0x9c libDaisy/build\libdaisy.a(system_stm32h7xx.o)
                0x080047bc                SystemInit
 .text.HAL_PCD_SetupStageCallback
                0x08004858        0xc libDaisy/build\libdaisy.a(usbd_conf.o)
                0x08004858                HAL_PCD_SetupStageCallback
 .text.HAL_PCD_DataOutStageCallback
                0x08004864       0x14 libDaisy/build\libdaisy.a(usbd_conf.o)
                0x08004864                HAL_PCD_DataOutStageCallback
 .text.HAL_PCD_DataInStageCallback
                0x08004878       0x14 libDaisy/build\libdaisy.a(usbd_conf.o)
                0x08004878                HAL_PCD_DataInStageCallback
 .text.HAL_PCD_SOFCallback
                0x0800488c        0x8 libDaisy/build\libdaisy.a(usbd_conf.o)
                0x0800488c                HAL_PCD_SOFCallback
 .text.HAL_PCD_ResetCallback
                0x08004894       0x24 libDaisy/build\libdaisy.a(usbd_conf.o)
                0x08004894                HAL_PCD_ResetCallback
 .text.HAL_PCD_SuspendCallback
                0x080048b8       0x30 libDaisy/build\libdaisy.a(usbd_conf.o)
                0x080048b8                HAL_PCD_SuspendCallback
 .text.HAL_PCD_ResumeCallback
                0x080048e8        0x8 libDaisy/build\libdaisy.a(usbd_conf.o)
                0x080048e8                HAL_PCD_ResumeCallback
 .text.HAL_PCD_ISOOUTIncompleteCallback
                0x080048f0        0x8 libDaisy/build\libdaisy.a(usbd_conf.o)
                0x080048f0                HAL_PCD_ISOOUTIncompleteCallback
 .text.HAL_PCD_ISOINIncompleteCallback
                0x080048f8        0x8 libDaisy/build\libdaisy.a(usbd_conf.o)
                0x080048f8                HAL_PCD_ISOINIncompleteCallback
 .text.HAL_PCD_ConnectCallback
                0x08004900        0x8 libDaisy/build\libdaisy.a(usbd_conf.o)
                0x08004900                HAL_PCD_ConnectCallback
 .text.HAL_PCD_DisconnectCallback
                0x08004908        0x8 libDaisy/build\libdaisy.a(usbd_conf.o)
                0x08004908                HAL_PCD_DisconnectCallback
 .text.USBD_LL_OpenEP
                0x08004910       0x24 libDaisy/build\libdaisy.a(usbd_conf.o)
                0x08004910                USBD_LL_OpenEP
 .text.USBD_LL_StallEP
                0x08004934       0x1c libDaisy/build\libdaisy.a(usbd_conf.o)
                0x08004934                USBD_LL_StallEP
 .text.USBD_LL_ClearStallEP
                0x08004950       0x1c libDaisy/build\libdaisy.a(usbd_conf.o)
                0x08004950                USBD_LL_ClearStallEP
 .text.USBD_LL_IsStallEP
                0x0800496c       0x28 libDaisy/build\libdaisy.a(usbd_conf.o)
                0x0800496c                USBD_LL_IsStallEP
 .text.USBD_LL_SetUSBAddress
                0x08004994       0x1c libDaisy/build\libdaisy.a(usbd_conf.o)
                0x08004994                USBD_LL_SetUSBAddress
 .text.USBD_LL_Transmit
                0x080049b0       0x1c libDaisy/build\libdaisy.a(usbd_conf.o)
                0x080049b0                USBD_LL_Transmit
 .text.USBD_LL_PrepareReceive
                0x080049cc       0x1c libDaisy/build\libdaisy.a(usbd_conf.o)
                0x080049cc                USBD_LL_PrepareReceive
 .text.HAL_HCD_SOF_Callback
                0x080049e8        0x8 libDaisy/build\libdaisy.a(usbh_conf.o)
                0x080049e8                HAL_HCD_SOF_Callback
 .text.HAL_HCD_Connect_Callback
                0x080049f0        0x8 libDaisy/build\libdaisy.a(usbh_conf.o)
                0x080049f0                HAL_HCD_Connect_Callback
 .text.HAL_HCD_Disconnect_Callback
                0x080049f8        0x8 libDaisy/build\libdaisy.a(usbh_conf.o)
                0x080049f8                HAL_HCD_Disconnect_Callback
 .text.HAL_HCD_HC_NotifyURBChange_Callback
                0x08004a00        0x4 libDaisy/build\libdaisy.a(usbh_conf.o)
                0x08004a00                HAL_HCD_HC_NotifyURBChange_Callback
 .text.HAL_HCD_PortEnabled_Callback
                0x08004a04        0x8 libDaisy/build\libdaisy.a(usbh_conf.o)
                0x08004a04                HAL_HCD_PortEnabled_Callback
 .text.HAL_HCD_PortDisabled_Callback
                0x08004a0c        0x8 libDaisy/build\libdaisy.a(usbh_conf.o)
                0x08004a0c                HAL_HCD_PortDisabled_Callback
 .text.USBH_LL_Stop
                0x08004a14       0x1c libDaisy/build\libdaisy.a(usbh_conf.o)
                0x08004a14                USBH_LL_Stop
 .text.dsy_hal_map_get_port
                0x08004a30       0x10 libDaisy/build\libdaisy.a(hal_map.o)
                0x08004a30                dsy_hal_map_get_port
 .text.dsy_hal_map_get_pin
                0x08004a40       0x10 libDaisy/build\libdaisy.a(hal_map.o)
                0x08004a40                dsy_hal_map_get_pin
 .text.dsy_hal_map_gpio_clk_enable
                0x08004a50      0x150 libDaisy/build\libdaisy.a(hal_map.o)
                0x08004a50                dsy_hal_map_gpio_clk_enable
 .text.HAL_MspInit
                0x08004ba0        0x4 libDaisy/build\libdaisy.a(stm32h7xx_hal.o)
                0x08004ba0                HAL_MspInit
 .text.HAL_InitTick
                0x08004ba4       0x4c libDaisy/build\libdaisy.a(stm32h7xx_hal.o)
                0x08004ba4                HAL_InitTick
 .text.HAL_Init
                0x08004bf0       0x60 libDaisy/build\libdaisy.a(stm32h7xx_hal.o)
                0x08004bf0                HAL_Init
 .text.HAL_IncTick
                0x08004c50       0x18 libDaisy/build\libdaisy.a(stm32h7xx_hal.o)
                0x08004c50                HAL_IncTick
 .text.HAL_GetTick
                0x08004c68        0xc libDaisy/build\libdaisy.a(stm32h7xx_hal.o)
                0x08004c68                HAL_GetTick
 .text.HAL_Delay
                0x08004c74       0x24 libDaisy/build\libdaisy.a(stm32h7xx_hal.o)
                0x08004c74                HAL_Delay
 .text.HAL_GetREVID
                0x08004c98        0xc libDaisy/build\libdaisy.a(stm32h7xx_hal.o)
                0x08004c98                HAL_GetREVID
 .text.HAL_ADC_ConvHalfCpltCallback
                0x08004ca4        0x4 libDaisy/build\libdaisy.a(stm32h7xx_hal_adc.o)
                0x08004ca4                HAL_ADC_ConvHalfCpltCallback
 .text.ADC_DMAHalfConvCplt
                0x08004ca8        0xc libDaisy/build\libdaisy.a(stm32h7xx_hal_adc.o)
                0x08004ca8                ADC_DMAHalfConvCplt
 .text.ADC_DMAConvCplt
                0x08004cb4       0x6c libDaisy/build\libdaisy.a(stm32h7xx_hal_adc.o)
                0x08004cb4                ADC_DMAConvCplt
 .text.ADC_DMAError
                0x08004d20       0x1c libDaisy/build\libdaisy.a(stm32h7xx_hal_adc.o)
                0x08004d20                ADC_DMAError
 .text.HAL_ADC_ConfigChannel
                0x08004d3c      0x3fc libDaisy/build\libdaisy.a(stm32h7xx_hal_adc.o)
                0x08004d3c                HAL_ADC_ConfigChannel
 .text.ADC_Enable
                0x08005138       0xac libDaisy/build\libdaisy.a(stm32h7xx_hal_adc.o)
                0x08005138                ADC_Enable
 .text.HAL_ADC_Start_DMA
                0x080051e4      0x114 libDaisy/build\libdaisy.a(stm32h7xx_hal_adc.o)
                0x080051e4                HAL_ADC_Start_DMA
 .text.ADC_Disable
                0x080052f8       0x68 libDaisy/build\libdaisy.a(stm32h7xx_hal_adc.o)
                0x080052f8                ADC_Disable
 .text.ADC_ConfigureBoostMode
                0x08005360      0x184 libDaisy/build\libdaisy.a(stm32h7xx_hal_adc.o)
                0x08005360                ADC_ConfigureBoostMode
 .text.HAL_ADC_Init
                0x080054e4      0x218 libDaisy/build\libdaisy.a(stm32h7xx_hal_adc.o)
                0x080054e4                HAL_ADC_Init
 .text.HAL_ADCEx_Calibration_Start
                0x080056fc       0xa4 libDaisy/build\libdaisy.a(stm32h7xx_hal_adc_ex.o)
                0x080056fc                HAL_ADCEx_Calibration_Start
 .text.HAL_ADCEx_MultiModeConfigChannel
                0x080057a0       0xc4 libDaisy/build\libdaisy.a(stm32h7xx_hal_adc_ex.o)
                0x080057a0                HAL_ADCEx_MultiModeConfigChannel
 .text.HAL_NVIC_SetPriorityGrouping
                0x08005864       0x24 libDaisy/build\libdaisy.a(stm32h7xx_hal_cortex.o)
                0x08005864                HAL_NVIC_SetPriorityGrouping
 .text.HAL_NVIC_SetPriority
                0x08005888       0x7c libDaisy/build\libdaisy.a(stm32h7xx_hal_cortex.o)
                0x08005888                HAL_NVIC_SetPriority
 .text.HAL_NVIC_EnableIRQ
                0x08005904       0x1c libDaisy/build\libdaisy.a(stm32h7xx_hal_cortex.o)
                0x08005904                HAL_NVIC_EnableIRQ
 .text.HAL_NVIC_DisableIRQ
                0x08005920       0x28 libDaisy/build\libdaisy.a(stm32h7xx_hal_cortex.o)
                0x08005920                HAL_NVIC_DisableIRQ
 .text.HAL_SYSTICK_Config
                0x08005948       0x2c libDaisy/build\libdaisy.a(stm32h7xx_hal_cortex.o)
                0x08005948                HAL_SYSTICK_Config
 .text.HAL_MPU_Disable
                0x08005974       0x1c libDaisy/build\libdaisy.a(stm32h7xx_hal_cortex.o)
                0x08005974                HAL_MPU_Disable
 .text.HAL_MPU_Enable
                0x08005990       0x20 libDaisy/build\libdaisy.a(stm32h7xx_hal_cortex.o)
                0x08005990                HAL_MPU_Enable
 .text.HAL_MPU_ConfigRegion
                0x080059b0       0x64 libDaisy/build\libdaisy.a(stm32h7xx_hal_cortex.o)
                0x080059b0                HAL_MPU_ConfigRegion
 .text.HAL_SYSTICK_Callback
                0x08005a14        0x4 libDaisy/build\libdaisy.a(stm32h7xx_hal_cortex.o)
                0x08005a14                HAL_SYSTICK_Callback
 .text.HAL_SYSTICK_IRQHandler
                0x08005a18        0x8 libDaisy/build\libdaisy.a(stm32h7xx_hal_cortex.o)
                0x08005a18                HAL_SYSTICK_IRQHandler
 .text.HAL_DAC_Init
                0x08005a20       0x2c libDaisy/build\libdaisy.a(stm32h7xx_hal_dac.o)
                0x08005a20                HAL_DAC_Init
 .text.HAL_DAC_Start_DMA
                0x08005a4c      0x118 libDaisy/build\libdaisy.a(stm32h7xx_hal_dac.o)
                0x08005a4c                HAL_DAC_Start_DMA
 .text.HAL_DAC_Stop_DMA
                0x08005b64       0x5c libDaisy/build\libdaisy.a(stm32h7xx_hal_dac.o)
                0x08005b64                HAL_DAC_Stop_DMA
 .text.DAC_DMAConvCpltCh1
                0x08005bc0       0x10 libDaisy/build\libdaisy.a(stm32h7xx_hal_dac.o)
 .text.DAC_DMAHalfConvCpltCh1
                0x08005bd0        0xc libDaisy/build\libdaisy.a(stm32h7xx_hal_dac.o)
 .text.HAL_DAC_ErrorCallbackCh1
                0x08005bdc        0x4 libDaisy/build\libdaisy.a(stm32h7xx_hal_dac.o)
                0x08005bdc                HAL_DAC_ErrorCallbackCh1
 .text.DAC_DMAErrorCh1
                0x08005be0       0x18 libDaisy/build\libdaisy.a(stm32h7xx_hal_dac.o)
 .text.HAL_DAC_DMAUnderrunCallbackCh1
                0x08005bf8        0x4 libDaisy/build\libdaisy.a(stm32h7xx_hal_dac.o)
                0x08005bf8                HAL_DAC_DMAUnderrunCallbackCh1
 .text.HAL_DAC_IRQHandler
                0x08005bfc       0x68 libDaisy/build\libdaisy.a(stm32h7xx_hal_dac.o)
                0x08005bfc                HAL_DAC_IRQHandler
 .text.HAL_DAC_ConfigChannel
                0x08005c64      0x130 libDaisy/build\libdaisy.a(stm32h7xx_hal_dac.o)
                0x08005c64                HAL_DAC_ConfigChannel
 .text.HAL_DACEx_ErrorCallbackCh2
                0x08005d94        0x4 libDaisy/build\libdaisy.a(stm32h7xx_hal_dac_ex.o)
                0x08005d94                HAL_DACEx_ErrorCallbackCh2
 .text.HAL_DACEx_DMAUnderrunCallbackCh2
                0x08005d98        0x4 libDaisy/build\libdaisy.a(stm32h7xx_hal_dac_ex.o)
                0x08005d98                HAL_DACEx_DMAUnderrunCallbackCh2
 .text.DAC_DMAConvCpltCh2
                0x08005d9c       0x10 libDaisy/build\libdaisy.a(stm32h7xx_hal_dac_ex.o)
                0x08005d9c                DAC_DMAConvCpltCh2
 .text.DAC_DMAHalfConvCpltCh2
                0x08005dac        0xc libDaisy/build\libdaisy.a(stm32h7xx_hal_dac_ex.o)
                0x08005dac                DAC_DMAHalfConvCpltCh2
 .text.DAC_DMAErrorCh2
                0x08005db8       0x18 libDaisy/build\libdaisy.a(stm32h7xx_hal_dac_ex.o)
                0x08005db8                DAC_DMAErrorCh2
 .text.DMA_CalcBaseAndBitshift
                0x08005dd0       0xf4 libDaisy/build\libdaisy.a(stm32h7xx_hal_dma.o)
 .text.DMA_CalcDMAMUXChannelBaseAndMask
                0x08005ec4       0xd8 libDaisy/build\libdaisy.a(stm32h7xx_hal_dma.o)
 .text.HAL_DMA_Init
                0x08005f9c      0x37c libDaisy/build\libdaisy.a(stm32h7xx_hal_dma.o)
                0x08005f9c                HAL_DMA_Init
 .text.HAL_DMA_Start_IT
                0x08006318      0x240 libDaisy/build\libdaisy.a(stm32h7xx_hal_dma.o)
                0x08006318                HAL_DMA_Start_IT
 .text.HAL_DMA_Abort
                0x08006558      0x21c libDaisy/build\libdaisy.a(stm32h7xx_hal_dma.o)
                0x08006558                HAL_DMA_Abort
 .text.HAL_DMA_Abort_IT
                0x08006774      0x134 libDaisy/build\libdaisy.a(stm32h7xx_hal_dma.o)
                0x08006774                HAL_DMA_Abort_IT
 .text.HAL_DMA_IRQHandler
                0x080068a8      0x6a0 libDaisy/build\libdaisy.a(stm32h7xx_hal_dma.o)
                0x080068a8                HAL_DMA_IRQHandler
 .text.HAL_DMA_GetError
                0x08006f48        0x4 libDaisy/build\libdaisy.a(stm32h7xx_hal_dma.o)
                0x08006f48                HAL_DMA_GetError
 .text.HAL_GPIO_Init
                0x08006f4c      0x280 libDaisy/build\libdaisy.a(stm32h7xx_hal_gpio.o)
                0x08006f4c                HAL_GPIO_Init
 .text.HAL_GPIO_DeInit
                0x080071cc      0x190 libDaisy/build\libdaisy.a(stm32h7xx_hal_gpio.o)
                0x080071cc                HAL_GPIO_DeInit
 .text.HAL_GPIO_WritePin
                0x0800735c        0x8 libDaisy/build\libdaisy.a(stm32h7xx_hal_gpio.o)
                0x0800735c                HAL_GPIO_WritePin
 .text.HAL_HCD_IRQHandler
                0x08007364      0x780 libDaisy/build\libdaisy.a(stm32h7xx_hal_hcd.o)
                0x08007364                HAL_HCD_IRQHandler
 .text.HAL_HCD_Stop
                0x08007ae4       0x28 libDaisy/build\libdaisy.a(stm32h7xx_hal_hcd.o)
                0x08007ae4                HAL_HCD_Stop
 .text.I2C_WaitOnTXISFlagUntilTimeout
                0x08007b0c       0xb8 libDaisy/build\libdaisy.a(stm32h7xx_hal_i2c.o)
 .text.I2C_WaitOnSTOPFlagUntilTimeout
                0x08007bc4       0xac libDaisy/build\libdaisy.a(stm32h7xx_hal_i2c.o)
 .text.HAL_I2C_Init
                0x08007c70       0xac libDaisy/build\libdaisy.a(stm32h7xx_hal_i2c.o)
                0x08007c70                HAL_I2C_Init
 .text.HAL_I2C_Mem_Write
                0x08007d1c      0x254 libDaisy/build\libdaisy.a(stm32h7xx_hal_i2c.o)
                0x08007d1c                HAL_I2C_Mem_Write
 .text.HAL_I2C_Mem_Read
                0x08007f70      0x29c libDaisy/build\libdaisy.a(stm32h7xx_hal_i2c.o)
                0x08007f70                HAL_I2C_Mem_Read
 .text.HAL_I2C_EV_IRQHandler
                0x0800820c       0x10 libDaisy/build\libdaisy.a(stm32h7xx_hal_i2c.o)
                0x0800820c                HAL_I2C_EV_IRQHandler
 .text.HAL_I2C_GetState
                0x0800821c        0x8 libDaisy/build\libdaisy.a(stm32h7xx_hal_i2c.o)
                0x0800821c                HAL_I2C_GetState
 .text.HAL_I2CEx_ConfigAnalogFilter
                0x08008224       0x54 libDaisy/build\libdaisy.a(stm32h7xx_hal_i2c_ex.o)
                0x08008224                HAL_I2CEx_ConfigAnalogFilter
 .text.HAL_I2CEx_ConfigDigitalFilter
                0x08008278       0x58 libDaisy/build\libdaisy.a(stm32h7xx_hal_i2c_ex.o)
                0x08008278                HAL_I2CEx_ConfigDigitalFilter
 .text.HAL_PCD_IRQHandler
                0x080082d0      0x69c libDaisy/build\libdaisy.a(stm32h7xx_hal_pcd.o)
                0x080082d0                HAL_PCD_IRQHandler
 .text.HAL_PCD_SetAddress
                0x0800896c       0x2c libDaisy/build\libdaisy.a(stm32h7xx_hal_pcd.o)
                0x0800896c                HAL_PCD_SetAddress
 .text.HAL_PCD_EP_Open
                0x08008998       0x7c libDaisy/build\libdaisy.a(stm32h7xx_hal_pcd.o)
                0x08008998                HAL_PCD_EP_Open
 .text.HAL_PCD_EP_Receive
                0x08008a14       0x50 libDaisy/build\libdaisy.a(stm32h7xx_hal_pcd.o)
                0x08008a14                HAL_PCD_EP_Receive
 .text.HAL_PCD_EP_Transmit
                0x08008a64       0x50 libDaisy/build\libdaisy.a(stm32h7xx_hal_pcd.o)
                0x08008a64                HAL_PCD_EP_Transmit
 .text.HAL_PCD_EP_SetStall
                0x08008ab4       0x88 libDaisy/build\libdaisy.a(stm32h7xx_hal_pcd.o)
                0x08008ab4                HAL_PCD_EP_SetStall
 .text.HAL_PCD_EP_ClrStall
                0x08008b3c       0x78 libDaisy/build\libdaisy.a(stm32h7xx_hal_pcd.o)
                0x08008b3c                HAL_PCD_EP_ClrStall
 .text.HAL_PCDEx_LPM_Callback
                0x08008bb4        0x4 libDaisy/build\libdaisy.a(stm32h7xx_hal_pcd_ex.o)
                0x08008bb4                HAL_PCDEx_LPM_Callback
 .text.HAL_PWREx_ConfigSupply
                0x08008bb8       0x4c libDaisy/build\libdaisy.a(stm32h7xx_hal_pwr_ex.o)
                0x08008bb8                HAL_PWREx_ConfigSupply
 .text.HAL_PWREx_EnableUSBVoltageDetector
                0x08008c04       0x10 libDaisy/build\libdaisy.a(stm32h7xx_hal_pwr_ex.o)
                0x08008c04                HAL_PWREx_EnableUSBVoltageDetector
 .text.QSPI_Config
                0x08008c14      0x174 libDaisy/build\libdaisy.a(stm32h7xx_hal_qspi.o)
 .text.HAL_QSPI_Init
                0x08008d88       0xd8 libDaisy/build\libdaisy.a(stm32h7xx_hal_qspi.o)
                0x08008d88                HAL_QSPI_Init
 .text.HAL_QSPI_DeInit
                0x08008e60       0x3c libDaisy/build\libdaisy.a(stm32h7xx_hal_qspi.o)
                0x08008e60                HAL_QSPI_DeInit
 .text.HAL_QSPI_Command
                0x08008e9c       0xd4 libDaisy/build\libdaisy.a(stm32h7xx_hal_qspi.o)
                0x08008e9c                HAL_QSPI_Command
 .text.HAL_QSPI_Transmit
                0x08008f70       0xfc libDaisy/build\libdaisy.a(stm32h7xx_hal_qspi.o)
                0x08008f70                HAL_QSPI_Transmit
 .text.HAL_QSPI_Receive
                0x0800906c      0x108 libDaisy/build\libdaisy.a(stm32h7xx_hal_qspi.o)
                0x0800906c                HAL_QSPI_Receive
 .text.HAL_QSPI_AutoPolling
                0x08009174       0xf0 libDaisy/build\libdaisy.a(stm32h7xx_hal_qspi.o)
                0x08009174                HAL_QSPI_AutoPolling
 .text.HAL_QSPI_MemoryMapped
                0x08009264       0xc0 libDaisy/build\libdaisy.a(stm32h7xx_hal_qspi.o)
                0x08009264                HAL_QSPI_MemoryMapped
 .text.HAL_QSPI_ErrorCallback
                0x08009324        0x4 libDaisy/build\libdaisy.a(stm32h7xx_hal_qspi.o)
                0x08009324                HAL_QSPI_ErrorCallback
 .text.QSPI_DMAAbortCplt
                0x08009328       0x38 libDaisy/build\libdaisy.a(stm32h7xx_hal_qspi.o)
 .text.HAL_QSPI_AbortCpltCallback
                0x08009360        0x4 libDaisy/build\libdaisy.a(stm32h7xx_hal_qspi.o)
                0x08009360                HAL_QSPI_AbortCpltCallback
 .text.HAL_QSPI_CmdCpltCallback
                0x08009364        0x4 libDaisy/build\libdaisy.a(stm32h7xx_hal_qspi.o)
                0x08009364                HAL_QSPI_CmdCpltCallback
 .text.HAL_QSPI_RxCpltCallback
                0x08009368        0x4 libDaisy/build\libdaisy.a(stm32h7xx_hal_qspi.o)
                0x08009368                HAL_QSPI_RxCpltCallback
 .text.HAL_QSPI_TxCpltCallback
                0x0800936c        0x4 libDaisy/build\libdaisy.a(stm32h7xx_hal_qspi.o)
                0x0800936c                HAL_QSPI_TxCpltCallback
 .text.HAL_QSPI_FifoThresholdCallback
                0x08009370        0x4 libDaisy/build\libdaisy.a(stm32h7xx_hal_qspi.o)
                0x08009370                HAL_QSPI_FifoThresholdCallback
 .text.HAL_QSPI_StatusMatchCallback
                0x08009374        0x4 libDaisy/build\libdaisy.a(stm32h7xx_hal_qspi.o)
                0x08009374                HAL_QSPI_StatusMatchCallback
 .text.HAL_QSPI_TimeOutCallback
                0x08009378        0x4 libDaisy/build\libdaisy.a(stm32h7xx_hal_qspi.o)
                0x08009378                HAL_QSPI_TimeOutCallback
 .text.HAL_QSPI_IRQHandler
                0x0800937c      0x210 libDaisy/build\libdaisy.a(stm32h7xx_hal_qspi.o)
                0x0800937c                HAL_QSPI_IRQHandler
 .text.HAL_RCC_OscConfig
                0x0800958c      0x51c libDaisy/build\libdaisy.a(stm32h7xx_hal_rcc.o)
                0x0800958c                HAL_RCC_OscConfig
 .text.HAL_RCC_GetSysClockFreq
                0x08009aa8      0x140 libDaisy/build\libdaisy.a(stm32h7xx_hal_rcc.o)
                0x08009aa8                HAL_RCC_GetSysClockFreq
 .text.HAL_RCC_ClockConfig
                0x08009be8      0x234 libDaisy/build\libdaisy.a(stm32h7xx_hal_rcc.o)
                0x08009be8                HAL_RCC_ClockConfig
 .text.HAL_RCC_GetHCLKFreq
                0x08009e1c       0x2c libDaisy/build\libdaisy.a(stm32h7xx_hal_rcc.o)
                0x08009e1c                HAL_RCC_GetHCLKFreq
 .text.HAL_RCC_GetPCLK1Freq
                0x08009e48       0x38 libDaisy/build\libdaisy.a(stm32h7xx_hal_rcc.o)
                0x08009e48                HAL_RCC_GetPCLK1Freq
 .text.HAL_RCC_GetPCLK2Freq
                0x08009e80       0x38 libDaisy/build\libdaisy.a(stm32h7xx_hal_rcc.o)
                0x08009e80                HAL_RCC_GetPCLK2Freq
 .text.RCCEx_PLL2_Config
                0x08009eb8       0xf4 libDaisy/build\libdaisy.a(stm32h7xx_hal_rcc_ex.o)
 .text.RCCEx_PLL3_Config
                0x08009fac       0xf4 libDaisy/build\libdaisy.a(stm32h7xx_hal_rcc_ex.o)
 .text.HAL_RCCEx_PeriphCLKConfig
                0x0800a0a0      0xa7c libDaisy/build\libdaisy.a(stm32h7xx_hal_rcc_ex.o)
                0x0800a0a0                HAL_RCCEx_PeriphCLKConfig
 .text.HAL_RCCEx_GetD3PCLK1Freq
                0x0800ab1c       0x24 libDaisy/build\libdaisy.a(stm32h7xx_hal_rcc_ex.o)
                0x0800ab1c                HAL_RCCEx_GetD3PCLK1Freq
 .text.HAL_RCCEx_GetPLL2ClockFreq
                0x0800ab40      0x17c libDaisy/build\libdaisy.a(stm32h7xx_hal_rcc_ex.o)
                0x0800ab40                HAL_RCCEx_GetPLL2ClockFreq
 .text.HAL_RCCEx_GetPLL3ClockFreq
                0x0800acbc      0x17c libDaisy/build\libdaisy.a(stm32h7xx_hal_rcc_ex.o)
                0x0800acbc                HAL_RCCEx_GetPLL3ClockFreq
 .text.HAL_RCCEx_GetPLL1ClockFreq
                0x0800ae38      0x17c libDaisy/build\libdaisy.a(stm32h7xx_hal_rcc_ex.o)
                0x0800ae38                HAL_RCCEx_GetPLL1ClockFreq
 .text.HAL_RCCEx_GetPeriphCLKFreq
                0x0800afb4      0x198 libDaisy/build\libdaisy.a(stm32h7xx_hal_rcc_ex.o)
                0x0800afb4                HAL_RCCEx_GetPeriphCLKFreq
 .text.HAL_RCCEx_GetD1SysClockFreq
                0x0800b14c       0x2c libDaisy/build\libdaisy.a(stm32h7xx_hal_rcc_ex.o)
                0x0800b14c                HAL_RCCEx_GetD1SysClockFreq
 .text.HAL_SAI_Init.part.0
                0x0800b178      0x348 libDaisy/build\libdaisy.a(stm32h7xx_hal_sai.o)
 .text.HAL_SAI_InitProtocol
                0x0800b4c0      0x178 libDaisy/build\libdaisy.a(stm32h7xx_hal_sai.o)
                0x0800b4c0                HAL_SAI_InitProtocol
 .text.HAL_SAI_Transmit_DMA
                0x0800b638      0x124 libDaisy/build\libdaisy.a(stm32h7xx_hal_sai.o)
                0x0800b638                HAL_SAI_Transmit_DMA
 .text.HAL_SAI_Receive_DMA
                0x0800b75c       0xd0 libDaisy/build\libdaisy.a(stm32h7xx_hal_sai.o)
                0x0800b75c                HAL_SAI_Receive_DMA
 .text.HAL_SAI_TxCpltCallback
                0x0800b82c        0x4 libDaisy/build\libdaisy.a(stm32h7xx_hal_sai.o)
                0x0800b82c                HAL_SAI_TxCpltCallback
 .text.SAI_DMATxCplt
                0x0800b830       0x64 libDaisy/build\libdaisy.a(stm32h7xx_hal_sai.o)
 .text.HAL_SAI_TxHalfCpltCallback
                0x0800b894        0x4 libDaisy/build\libdaisy.a(stm32h7xx_hal_sai.o)
                0x0800b894                HAL_SAI_TxHalfCpltCallback
 .text.SAI_DMATxHalfCplt
                0x0800b898        0xc libDaisy/build\libdaisy.a(stm32h7xx_hal_sai.o)
 .text.SAI_DMARxCplt
                0x0800b8a4       0x64 libDaisy/build\libdaisy.a(stm32h7xx_hal_sai.o)
 .text.SAI_DMARxHalfCplt
                0x0800b908        0xc libDaisy/build\libdaisy.a(stm32h7xx_hal_sai.o)
 .text.HAL_SAI_ErrorCallback
                0x0800b914        0x4 libDaisy/build\libdaisy.a(stm32h7xx_hal_sai.o)
                0x0800b914                HAL_SAI_ErrorCallback
 .text.SAI_DMAError
                0x0800b918       0x6c libDaisy/build\libdaisy.a(stm32h7xx_hal_sai.o)
 .text.HAL_SDRAM_Init
                0x0800b984       0x54 libDaisy/build\libdaisy.a(stm32h7xx_hal_sdram.o)
                0x0800b984                HAL_SDRAM_Init
 .text.HAL_SDRAM_SendCommand
                0x0800b9d8       0x40 libDaisy/build\libdaisy.a(stm32h7xx_hal_sdram.o)
                0x0800b9d8                HAL_SDRAM_SendCommand
 .text.HAL_SDRAM_ProgramRefreshRate
                0x0800ba18       0x30 libDaisy/build\libdaisy.a(stm32h7xx_hal_sdram.o)
                0x0800ba18                HAL_SDRAM_ProgramRefreshRate
 .text.HAL_TIM_Base_Init
                0x0800ba48      0x140 libDaisy/build\libdaisy.a(stm32h7xx_hal_tim.o)
                0x0800ba48                HAL_TIM_Base_Init
 .text.HAL_TIM_Base_Start
                0x0800bb88       0x34 libDaisy/build\libdaisy.a(stm32h7xx_hal_tim.o)
                0x0800bb88                HAL_TIM_Base_Start
 .text.HAL_TIM_Base_Start_IT
                0x0800bbbc       0x2c libDaisy/build\libdaisy.a(stm32h7xx_hal_tim.o)
                0x0800bbbc                HAL_TIM_Base_Start_IT
 .text.HAL_TIM_ConfigClockSource
                0x0800bbe8      0x17c libDaisy/build\libdaisy.a(stm32h7xx_hal_tim.o)
                0x0800bbe8                HAL_TIM_ConfigClockSource
 .text.HAL_TIM_OC_DelayElapsedCallback
                0x0800bd64        0x4 libDaisy/build\libdaisy.a(stm32h7xx_hal_tim.o)
                0x0800bd64                HAL_TIM_OC_DelayElapsedCallback
 .text.HAL_TIM_IC_CaptureCallback
                0x0800bd68        0x4 libDaisy/build\libdaisy.a(stm32h7xx_hal_tim.o)
                0x0800bd68                HAL_TIM_IC_CaptureCallback
 .text.HAL_TIM_PWM_PulseFinishedCallback
                0x0800bd6c        0x4 libDaisy/build\libdaisy.a(stm32h7xx_hal_tim.o)
                0x0800bd6c                HAL_TIM_PWM_PulseFinishedCallback
 .text.HAL_TIM_TriggerCallback
                0x0800bd70        0x4 libDaisy/build\libdaisy.a(stm32h7xx_hal_tim.o)
                0x0800bd70                HAL_TIM_TriggerCallback
 .text.HAL_TIM_IRQHandler
                0x0800bd74      0x170 libDaisy/build\libdaisy.a(stm32h7xx_hal_tim.o)
                0x0800bd74                HAL_TIM_IRQHandler
 .text.HAL_TIMEx_MasterConfigSynchronization
                0x0800bee4       0x64 libDaisy/build\libdaisy.a(stm32h7xx_hal_tim_ex.o)
                0x0800bee4                HAL_TIMEx_MasterConfigSynchronization
 .text.HAL_TIMEx_CommutCallback
                0x0800bf48        0x4 libDaisy/build\libdaisy.a(stm32h7xx_hal_tim_ex.o)
                0x0800bf48                HAL_TIMEx_CommutCallback
 .text.HAL_TIMEx_BreakCallback
                0x0800bf4c        0x4 libDaisy/build\libdaisy.a(stm32h7xx_hal_tim_ex.o)
                0x0800bf4c                HAL_TIMEx_BreakCallback
 .text.HAL_TIMEx_Break2Callback
                0x0800bf50        0x4 libDaisy/build\libdaisy.a(stm32h7xx_hal_tim_ex.o)
                0x0800bf50                HAL_TIMEx_Break2Callback
 .text.FMC_SDRAM_Init
                0x0800bf54       0x7c libDaisy/build\libdaisy.a(stm32h7xx_ll_fmc.o)
                0x0800bf54                FMC_SDRAM_Init
 .text.FMC_SDRAM_Timing_Init
                0x0800bfd0       0x98 libDaisy/build\libdaisy.a(stm32h7xx_ll_fmc.o)
                0x0800bfd0                FMC_SDRAM_Timing_Init
 .text.FMC_SDRAM_SendCommand
                0x0800c068       0x28 libDaisy/build\libdaisy.a(stm32h7xx_ll_fmc.o)
                0x0800c068                FMC_SDRAM_SendCommand
 .text.FMC_SDRAM_ProgramRefreshRate
                0x0800c090       0x1c libDaisy/build\libdaisy.a(stm32h7xx_ll_fmc.o)
                0x0800c090                FMC_SDRAM_ProgramRefreshRate
 .text.USB_SetTurnaroundTime
                0x0800c0ac      0x104 libDaisy/build\libdaisy.a(stm32h7xx_ll_usb.o)
                0x0800c0ac                USB_SetTurnaroundTime
 .text.USB_FlushTxFifo
                0x0800c1b0       0x34 libDaisy/build\libdaisy.a(stm32h7xx_ll_usb.o)
                0x0800c1b0                USB_FlushTxFifo
 .text.USB_GetDevSpeed
                0x0800c1e4       0x24 libDaisy/build\libdaisy.a(stm32h7xx_ll_usb.o)
                0x0800c1e4                USB_GetDevSpeed
 .text.USB_ActivateEndpoint
                0x0800c208       0x90 libDaisy/build\libdaisy.a(stm32h7xx_ll_usb.o)
                0x0800c208                USB_ActivateEndpoint
 .text.USB_EPStartXfer
                0x0800c298      0x230 libDaisy/build\libdaisy.a(stm32h7xx_ll_usb.o)
                0x0800c298                USB_EPStartXfer
 .text.USB_EP0StartXfer
                0x0800c4c8      0x174 libDaisy/build\libdaisy.a(stm32h7xx_ll_usb.o)
                0x0800c4c8                USB_EP0StartXfer
 .text.USB_WritePacket
                0x0800c63c       0x2c libDaisy/build\libdaisy.a(stm32h7xx_ll_usb.o)
                0x0800c63c                USB_WritePacket
 .text.USB_ReadPacket
                0x0800c668       0x20 libDaisy/build\libdaisy.a(stm32h7xx_ll_usb.o)
                0x0800c668                USB_ReadPacket
 .text.USB_EPSetStall
                0x0800c688       0x68 libDaisy/build\libdaisy.a(stm32h7xx_ll_usb.o)
                0x0800c688                USB_EPSetStall
 .text.USB_EPClearStall
                0x0800c6f0       0x58 libDaisy/build\libdaisy.a(stm32h7xx_ll_usb.o)
                0x0800c6f0                USB_EPClearStall
 .text.USB_SetDevAddress
                0x0800c748       0x24 libDaisy/build\libdaisy.a(stm32h7xx_ll_usb.o)
                0x0800c748                USB_SetDevAddress
 .text.USB_ReadInterrupts
                0x0800c76c       0x14 libDaisy/build\libdaisy.a(stm32h7xx_ll_usb.o)
                0x0800c76c                USB_ReadInterrupts
 .text.USB_ReadDevAllOutEpInterrupt
                0x0800c780       0x1c libDaisy/build\libdaisy.a(stm32h7xx_ll_usb.o)
                0x0800c780                USB_ReadDevAllOutEpInterrupt
 .text.USB_ReadDevAllInEpInterrupt
                0x0800c79c       0x1c libDaisy/build\libdaisy.a(stm32h7xx_ll_usb.o)
                0x0800c79c                USB_ReadDevAllInEpInterrupt
 .text.USB_ReadDevOutEPInterrupt
                0x0800c7b8       0x1c libDaisy/build\libdaisy.a(stm32h7xx_ll_usb.o)
                0x0800c7b8                USB_ReadDevOutEPInterrupt
 .text.USB_ReadDevInEPInterrupt
                0x0800c7d4       0x38 libDaisy/build\libdaisy.a(stm32h7xx_ll_usb.o)
                0x0800c7d4                USB_ReadDevInEPInterrupt
 .text.USB_GetMode
                0x0800c80c        0x8 libDaisy/build\libdaisy.a(stm32h7xx_ll_usb.o)
                0x0800c80c                USB_GetMode
 .text.USB_ActivateSetup
                0x0800c814       0x38 libDaisy/build\libdaisy.a(stm32h7xx_ll_usb.o)
                0x0800c814                USB_ActivateSetup
 .text.USB_EP0_OutStart
                0x0800c84c       0x58 libDaisy/build\libdaisy.a(stm32h7xx_ll_usb.o)
                0x0800c84c                USB_EP0_OutStart
 .text.USB_InitFSLSPClkSel
                0x0800c8a4       0x44 libDaisy/build\libdaisy.a(stm32h7xx_ll_usb.o)
                0x0800c8a4                USB_InitFSLSPClkSel
 .text.USB_HC_ReadInterrupt
                0x0800c8e8        0x8 libDaisy/build\libdaisy.a(stm32h7xx_ll_usb.o)
                0x0800c8e8                USB_HC_ReadInterrupt
 .text.USB_HC_Halt
                0x0800c8f0       0xc0 libDaisy/build\libdaisy.a(stm32h7xx_ll_usb.o)
                0x0800c8f0                USB_HC_Halt
 .text.USB_StopHost
                0x0800c9b0      0x2ec libDaisy/build\libdaisy.a(stm32h7xx_ll_usb.o)
                0x0800c9b0                USB_StopHost
 .text.USBD_SetClassConfig
                0x0800cc9c       0x14 libDaisy/build\libdaisy.a(usbd_core.o)
                0x0800cc9c                USBD_SetClassConfig
 .text.USBD_ClrClassConfig
                0x0800ccb0       0x10 libDaisy/build\libdaisy.a(usbd_core.o)
                0x0800ccb0                USBD_ClrClassConfig
 .text.USBD_LL_SetupStage
                0x0800ccc0       0x5c libDaisy/build\libdaisy.a(usbd_core.o)
                0x0800ccc0                USBD_LL_SetupStage
 .text.USBD_LL_DataOutStage
                0x0800cd1c       0x7c libDaisy/build\libdaisy.a(usbd_core.o)
                0x0800cd1c                USBD_LL_DataOutStage
 .text.USBD_LL_DataInStage
                0x0800cd98       0xcc libDaisy/build\libdaisy.a(usbd_core.o)
                0x0800cd98                USBD_LL_DataInStage
 .text.USBD_LL_Reset
                0x0800ce64       0x50 libDaisy/build\libdaisy.a(usbd_core.o)
                0x0800ce64                USBD_LL_Reset
 .text.USBD_LL_SetSpeed
                0x0800ceb4        0x8 libDaisy/build\libdaisy.a(usbd_core.o)
                0x0800ceb4                USBD_LL_SetSpeed
 .text.USBD_LL_Suspend
                0x0800cebc       0x14 libDaisy/build\libdaisy.a(usbd_core.o)
                0x0800cebc                USBD_LL_Suspend
 .text.USBD_LL_Resume
                0x0800ced0       0x10 libDaisy/build\libdaisy.a(usbd_core.o)
                0x0800ced0                USBD_LL_Resume
 .text.USBD_LL_SOF
                0x0800cee0       0x1c libDaisy/build\libdaisy.a(usbd_core.o)
                0x0800cee0                USBD_LL_SOF
 .text.USBD_LL_IsoINIncomplete
                0x0800cefc        0x4 libDaisy/build\libdaisy.a(usbd_core.o)
                0x0800cefc                USBD_LL_IsoINIncomplete
 .text.USBD_LL_IsoOUTIncomplete
                0x0800cf00        0x4 libDaisy/build\libdaisy.a(usbd_core.o)
                0x0800cf00                USBD_LL_IsoOUTIncomplete
 .text.USBD_LL_DevConnected
                0x0800cf04        0x4 libDaisy/build\libdaisy.a(usbd_core.o)
                0x0800cf04                USBD_LL_DevConnected
 .text.USBD_LL_DevDisconnected
                0x0800cf08       0x18 libDaisy/build\libdaisy.a(usbd_core.o)
                0x0800cf08                USBD_LL_DevDisconnected
 .text.USBD_StdDevReq
                0x0800cf20      0x304 libDaisy/build\libdaisy.a(usbd_ctlreq.o)
                0x0800cf20                USBD_StdDevReq
 .text.USBD_StdItfReq
                0x0800d224       0x68 libDaisy/build\libdaisy.a(usbd_ctlreq.o)
                0x0800d224                USBD_StdItfReq
 .text.USBD_StdEPReq
                0x0800d28c      0x13c libDaisy/build\libdaisy.a(usbd_ctlreq.o)
                0x0800d28c                USBD_StdEPReq
 .text.USBD_ParseSetupRequest
                0x0800d3c8       0x28 libDaisy/build\libdaisy.a(usbd_ctlreq.o)
                0x0800d3c8                USBD_ParseSetupRequest
 .text.USBD_CtlSendData
                0x0800d3f0       0x1c libDaisy/build\libdaisy.a(usbd_ioreq.o)
                0x0800d3f0                USBD_CtlSendData
 .text.USBD_CtlContinueSendData
                0x0800d40c       0x14 libDaisy/build\libdaisy.a(usbd_ioreq.o)
                0x0800d40c                USBD_CtlContinueSendData
 .text.USBD_CtlContinueRx
                0x0800d420       0x14 libDaisy/build\libdaisy.a(usbd_ioreq.o)
                0x0800d420                USBD_CtlContinueRx
 .text.USBD_CtlSendStatus
                0x0800d434       0x18 libDaisy/build\libdaisy.a(usbd_ioreq.o)
                0x0800d434                USBD_CtlSendStatus
 .text.USBD_CtlReceiveStatus
                0x0800d44c       0x18 libDaisy/build\libdaisy.a(usbd_ioreq.o)
                0x0800d44c                USBD_CtlReceiveStatus
 .text.USBH_LL_IncTimer
                0x0800d464       0x20 libDaisy/build\libdaisy.a(usbh_core.o)
                0x0800d464                USBH_LL_IncTimer
 .text.USBH_LL_PortEnabled
                0x0800d484        0x8 libDaisy/build\libdaisy.a(usbh_core.o)
                0x0800d484                USBH_LL_PortEnabled
 .text.USBH_LL_PortDisabled
                0x0800d48c        0x8 libDaisy/build\libdaisy.a(usbh_core.o)
                0x0800d48c                USBH_LL_PortDisabled
 .text.USBH_LL_Connect
                0x0800d494       0x18 libDaisy/build\libdaisy.a(usbh_core.o)
                0x0800d494                USBH_LL_Connect
 .text.USBH_LL_Disconnect
                0x0800d4ac       0x2c libDaisy/build\libdaisy.a(usbh_core.o)
                0x0800d4ac                USBH_LL_Disconnect
 .text.USBH_FreePipe
                0x0800d4d8       0x18 libDaisy/build\libdaisy.a(usbh_pipes.o)
                0x0800d4d8                USBH_FreePipe
 .text._ZN5daisy6Random4InitEv
                0x0800d4f0       0x3c libDaisy/build\libdaisy.a(rng.o)
                0x0800d4f0                daisy::Random::Init()
 .text._ZN5daisy9SpiHandle4Impl7InitDmaEv
                0x0800d52c       0xec libDaisy/build\libdaisy.a(spi.o)
                0x0800d52c                daisy::SpiHandle::Impl::InitDma()
 .text._ZN5daisy9SpiHandle4Impl10StartDmaTxEPhjPFvPvEPFvS3_NS0_6ResultEES3_
                0x0800d618       0xc8 libDaisy/build\libdaisy.a(spi.o)
                0x0800d618                daisy::SpiHandle::Impl::StartDmaTx(unsigned char*, unsigned int, void (*)(void*), void (*)(void*, daisy::SpiHandle::Result), void*)
 .text._ZN5daisy9SpiHandle4Impl10StartDmaRxEPhjPFvPvEPFvS3_NS0_6ResultEES3_
                0x0800d6e0       0xc8 libDaisy/build\libdaisy.a(spi.o)
                0x0800d6e0                daisy::SpiHandle::Impl::StartDmaRx(unsigned char*, unsigned int, void (*)(void*), void (*)(void*, daisy::SpiHandle::Result), void*)
 .text._ZN5daisy9SpiHandle4Impl12StartDmaRxTxEPhS2_jPFvPvEPFvS3_NS0_6ResultEES3_
                0x0800d7a8       0xcc libDaisy/build\libdaisy.a(spi.o)
                0x0800d7a8                daisy::SpiHandle::Impl::StartDmaRxTx(unsigned char*, unsigned char*, unsigned int, void (*)(void*), void (*)(void*, daisy::SpiHandle::Result), void*)
 .text._ZN5daisy9SpiHandle4Impl8InitPinsEv
                0x0800d874      0x274 libDaisy/build\libdaisy.a(spi.o)
                0x0800d874                daisy::SpiHandle::Impl::InitPins()
 .text.HAL_SPI_MspInit
                0x0800dae8      0x1a8 libDaisy/build\libdaisy.a(spi.o)
                0x0800dae8                HAL_SPI_MspInit
 .text.dsy_spi_global_init
                0x0800dc90       0x80 libDaisy/build\libdaisy.a(spi.o)
                0x0800dc90                dsy_spi_global_init
 .text.SPI1_IRQHandler
                0x0800dd10        0xc libDaisy/build\libdaisy.a(spi.o)
                0x0800dd10                SPI1_IRQHandler
 .text.SPI2_IRQHandler
                0x0800dd1c        0xc libDaisy/build\libdaisy.a(spi.o)
                0x0800dd1c                SPI2_IRQHandler
 .text.SPI3_IRQHandler
                0x0800dd28        0xc libDaisy/build\libdaisy.a(spi.o)
                0x0800dd28                SPI3_IRQHandler
 .text.SPI4_IRQHandler
                0x0800dd34        0xc libDaisy/build\libdaisy.a(spi.o)
                0x0800dd34                SPI4_IRQHandler
 .text.SPI5_IRQHandler
                0x0800dd40        0xc libDaisy/build\libdaisy.a(spi.o)
                0x0800dd40                SPI5_IRQHandler
 .text.DMA2_Stream2_IRQHandler
                0x0800dd4c       0x34 libDaisy/build\libdaisy.a(spi.o)
                0x0800dd4c                DMA2_Stream2_IRQHandler
 .text.DMA2_Stream3_IRQHandler
                0x0800dd80       0x38 libDaisy/build\libdaisy.a(spi.o)
                0x0800dd80                DMA2_Stream3_IRQHandler
 .text.HAL_SPI_TxCpltCallback
                0x0800ddb8       0xc4 libDaisy/build\libdaisy.a(spi.o)
                0x0800ddb8                HAL_SPI_TxCpltCallback
 .text.HAL_SPI_RxCpltCallback
                0x0800de7c       0xc4 libDaisy/build\libdaisy.a(spi.o)
                0x0800de7c                HAL_SPI_RxCpltCallback
 .text.HAL_SPI_TxRxCpltCallback
                0x0800df40       0xc4 libDaisy/build\libdaisy.a(spi.o)
                0x0800df40                HAL_SPI_TxRxCpltCallback
 .text.HAL_SPI_ErrorCallback
                0x0800e004       0xc8 libDaisy/build\libdaisy.a(spi.o)
                0x0800e004                HAL_SPI_ErrorCallback
 .text.startup._GLOBAL__sub_I__Z19MapInstanceToHandleP11SPI_TypeDef
                0x0800e0cc      0x1b0 libDaisy/build\libdaisy.a(spi.o)
 .text.HAL_TIM_Base_MspInit
                0x0800e27c      0x1e0 libDaisy/build\libdaisy.a(tim.o)
                0x0800e27c                HAL_TIM_Base_MspInit
 .text.HAL_TIM_PeriodElapsedCallback
                0x0800e45c       0x44 libDaisy/build\libdaisy.a(tim.o)
                0x0800e45c                HAL_TIM_PeriodElapsedCallback
 .text.TIM2_IRQHandler
                0x0800e4a0        0xc libDaisy/build\libdaisy.a(tim.o)
                0x0800e4a0                TIM2_IRQHandler
 .text.TIM3_IRQHandler
                0x0800e4ac        0xc libDaisy/build\libdaisy.a(tim.o)
                0x0800e4ac                TIM3_IRQHandler
 .text.TIM4_IRQHandler
                0x0800e4b8        0xc libDaisy/build\libdaisy.a(tim.o)
                0x0800e4b8                TIM4_IRQHandler
 .text.TIM5_IRQHandler
                0x0800e4c4        0xc libDaisy/build\libdaisy.a(tim.o)
                0x0800e4c4                TIM5_IRQHandler
 .text._ZN5daisy11TimerHandle4InitERKNS0_6ConfigE
                0x0800e4d0       0xd0 libDaisy/build\libdaisy.a(tim.o)
                0x0800e4d0                daisy::TimerHandle::Init(daisy::TimerHandle::Config const&)
 .text._ZN5daisy11TimerHandle5StartEv
                0x0800e5a0       0x24 libDaisy/build\libdaisy.a(tim.o)
                0x0800e5a0                daisy::TimerHandle::Start()
 .text.startup._GLOBAL__sub_I__ZN5daisy11TimerHandle4Impl4InitERKNS0_6ConfigE
                0x0800e5c4       0x38 libDaisy/build\libdaisy.a(tim.o)
 .text._ZN5daisy11UartHandler4Impl7InitDmaEbb
                0x0800e5fc      0x164 libDaisy/build\libdaisy.a(uart.o)
                0x0800e5fc                daisy::UartHandler::Impl::InitDma(bool, bool)
 .text._ZN5daisy11UartHandler4Impl10HandleFifoEv
                0x0800e760       0xec libDaisy/build\libdaisy.a(uart.o)
                0x0800e760                daisy::UartHandler::Impl::HandleFifo()
 .text._ZN5daisy11UartHandler4Impl10StartDmaTxEPhjPFvPvEPFvS3_NS0_6ResultEES3_
                0x0800e84c       0xcc libDaisy/build\libdaisy.a(uart.o)
                0x0800e84c                daisy::UartHandler::Impl::StartDmaTx(unsigned char*, unsigned int, void (*)(void*), void (*)(void*, daisy::UartHandler::Result), void*)
 .text._ZN5daisy11UartHandler4Impl10StartDmaRxEPhjPFvPvEPFvS3_NS0_6ResultEES3_
                0x0800e918       0xcc libDaisy/build\libdaisy.a(uart.o)
                0x0800e918                daisy::UartHandler::Impl::StartDmaRx(unsigned char*, unsigned int, void (*)(void*), void (*)(void*, daisy::UartHandler::Result), void*)
 .text._ZN5daisy11UartHandler4Impl19DmaTransferFinishedEP20__UART_HandleTypeDefNS0_6ResultE
                0x0800e9e4       0xc0 libDaisy/build\libdaisy.a(uart.o)
                0x0800e9e4                daisy::UartHandler::Impl::DmaTransferFinished(__UART_HandleTypeDef*, daisy::UartHandler::Result)
 .text._ZN5daisy11UartHandler4Impl8InitPinsEv
                0x0800eaa4      0x150 libDaisy/build\libdaisy.a(uart.o)
                0x0800eaa4                daisy::UartHandler::Impl::InitPins()
 .text.HAL_UART_MspInit
                0x0800ebf4      0x210 libDaisy/build\libdaisy.a(uart.o)
                0x0800ebf4                HAL_UART_MspInit
 .text.dsy_uart_global_init
                0x0800ee04      0x110 libDaisy/build\libdaisy.a(uart.o)
                0x0800ee04                dsy_uart_global_init
 .text.USART1_IRQHandler
                0x0800ef14       0x30 libDaisy/build\libdaisy.a(uart.o)
                0x0800ef14                USART1_IRQHandler
 .text.USART2_IRQHandler
                0x0800ef44       0x34 libDaisy/build\libdaisy.a(uart.o)
                0x0800ef44                USART2_IRQHandler
 .text.USART3_IRQHandler
                0x0800ef78       0x34 libDaisy/build\libdaisy.a(uart.o)
                0x0800ef78                USART3_IRQHandler
 .text.UART4_IRQHandler
                0x0800efac       0x34 libDaisy/build\libdaisy.a(uart.o)
                0x0800efac                UART4_IRQHandler
 .text.UART5_IRQHandler
                0x0800efe0       0x34 libDaisy/build\libdaisy.a(uart.o)
                0x0800efe0                UART5_IRQHandler
 .text.USART6_IRQHandler
                0x0800f014       0x34 libDaisy/build\libdaisy.a(uart.o)
                0x0800f014                USART6_IRQHandler
 .text.UART7_IRQHandler
                0x0800f048       0x30 libDaisy/build\libdaisy.a(uart.o)
                0x0800f048                UART7_IRQHandler
 .text.UART8_IRQHandler
                0x0800f078       0x34 libDaisy/build\libdaisy.a(uart.o)
                0x0800f078                UART8_IRQHandler
 .text.LPUART1_IRQHandler
                0x0800f0ac       0x34 libDaisy/build\libdaisy.a(uart.o)
                0x0800f0ac                LPUART1_IRQHandler
 .text.DMA1_Stream5_IRQHandler
                0x0800f0e0       0x34 libDaisy/build\libdaisy.a(uart.o)
                0x0800f0e0                DMA1_Stream5_IRQHandler
 .text.DMA2_Stream4_IRQHandler
                0x0800f114       0x34 libDaisy/build\libdaisy.a(uart.o)
                0x0800f114                DMA2_Stream4_IRQHandler
 .text.HAL_UART_TxCpltCallback
                0x0800f148        0x8 libDaisy/build\libdaisy.a(uart.o)
                0x0800f148                HAL_UART_TxCpltCallback
 .text.HAL_UART_RxCpltCallback
                0x0800f150        0x8 libDaisy/build\libdaisy.a(uart.o)
                0x0800f150                HAL_UART_RxCpltCallback
 .text.HAL_UART_ErrorCallback
                0x0800f158        0x8 libDaisy/build\libdaisy.a(uart.o)
                0x0800f158                HAL_UART_ErrorCallback
 .text.startup._GLOBAL__sub_I__Z19MapInstanceToHandleP13USART_TypeDef
                0x0800f160      0x190 libDaisy/build\libdaisy.a(uart.o)
 .text.dsy_dma_init
                0x0800f2f0      0x100 libDaisy/build\libdaisy.a(dma.o)
                0x0800f2f0                dsy_dma_init
 .text.HAL_MDMA_Abort_IT
                0x0800f3f0       0x2c libDaisy/build\libdaisy.a(stm32h7xx_hal_mdma.o)
                0x0800f3f0                HAL_MDMA_Abort_IT
 .text.SPI_CloseTransfer
                0x0800f41c       0xb8 libDaisy/build\libdaisy.a(stm32h7xx_hal_spi.o)
 .text.HAL_SPI_Init
                0x0800f4d4      0x15c libDaisy/build\libdaisy.a(stm32h7xx_hal_spi.o)
                0x0800f4d4                HAL_SPI_Init
 .text.HAL_SPI_Transmit_DMA
                0x0800f630      0x170 libDaisy/build\libdaisy.a(stm32h7xx_hal_spi.o)
                0x0800f630                HAL_SPI_Transmit_DMA
 .text.HAL_SPI_TransmitReceive_DMA
                0x0800f7a0      0x218 libDaisy/build\libdaisy.a(stm32h7xx_hal_spi.o)
                0x0800f7a0                HAL_SPI_TransmitReceive_DMA
 .text.HAL_SPI_Receive_DMA
                0x0800f9b8      0x1b4 libDaisy/build\libdaisy.a(stm32h7xx_hal_spi.o)
                0x0800f9b8                HAL_SPI_Receive_DMA
 .text.SPI_DMATransmitCplt
                0x0800fb6c       0x28 libDaisy/build\libdaisy.a(stm32h7xx_hal_spi.o)
 .text.SPI_DMAReceiveCplt
                0x0800fb94       0x28 libDaisy/build\libdaisy.a(stm32h7xx_hal_spi.o)
 .text.SPI_DMATransmitReceiveCplt
                0x0800fbbc       0x28 libDaisy/build\libdaisy.a(stm32h7xx_hal_spi.o)
 .text.HAL_SPI_TxHalfCpltCallback
                0x0800fbe4        0x4 libDaisy/build\libdaisy.a(stm32h7xx_hal_spi.o)
                0x0800fbe4                HAL_SPI_TxHalfCpltCallback
 .text.SPI_DMAHalfTransmitCplt
                0x0800fbe8        0xc libDaisy/build\libdaisy.a(stm32h7xx_hal_spi.o)
 .text.HAL_SPI_RxHalfCpltCallback
                0x0800fbf4        0x4 libDaisy/build\libdaisy.a(stm32h7xx_hal_spi.o)
                0x0800fbf4                HAL_SPI_RxHalfCpltCallback
 .text.SPI_DMAHalfReceiveCplt
                0x0800fbf8        0xc libDaisy/build\libdaisy.a(stm32h7xx_hal_spi.o)
 .text.HAL_SPI_TxRxHalfCpltCallback
                0x0800fc04        0x4 libDaisy/build\libdaisy.a(stm32h7xx_hal_spi.o)
                0x0800fc04                HAL_SPI_TxRxHalfCpltCallback
 .text.SPI_DMAHalfTransmitReceiveCplt
                0x0800fc08        0xc libDaisy/build\libdaisy.a(stm32h7xx_hal_spi.o)
 .text.SPI_DMAError
                0x0800fc14       0xd8 libDaisy/build\libdaisy.a(stm32h7xx_hal_spi.o)
 .text.HAL_SPI_IRQHandler
                0x0800fcec      0x23c libDaisy/build\libdaisy.a(stm32h7xx_hal_spi.o)
                0x0800fcec                HAL_SPI_IRQHandler
 .text.SPI_DMAAbortOnError
                0x0800ff28       0x1c libDaisy/build\libdaisy.a(stm32h7xx_hal_spi.o)
 .text.HAL_SPI_GetState
                0x0800ff44        0x8 libDaisy/build\libdaisy.a(stm32h7xx_hal_spi.o)
                0x0800ff44                HAL_SPI_GetState
 .text.HAL_UART_Transmit_DMA
                0x0800ff4c       0xa4 libDaisy/build\libdaisy.a(stm32h7xx_hal_uart.o)
                0x0800ff4c                HAL_UART_Transmit_DMA
 .text.HAL_UART_Receive_DMA
                0x0800fff0       0xac libDaisy/build\libdaisy.a(stm32h7xx_hal_uart.o)
                0x0800fff0                HAL_UART_Receive_DMA
 .text.UART_DMATransmitCplt
                0x0801009c       0x2c libDaisy/build\libdaisy.a(stm32h7xx_hal_uart.o)
 .text.HAL_UART_TxHalfCpltCallback
                0x080100c8        0x4 libDaisy/build\libdaisy.a(stm32h7xx_hal_uart.o)
                0x080100c8                HAL_UART_TxHalfCpltCallback
 .text.UART_DMATxHalfCplt
                0x080100cc        0xc libDaisy/build\libdaisy.a(stm32h7xx_hal_uart.o)
 .text.UART_DMAReceiveCplt
                0x080100d8       0x38 libDaisy/build\libdaisy.a(stm32h7xx_hal_uart.o)
 .text.HAL_UART_RxHalfCpltCallback
                0x08010110        0x4 libDaisy/build\libdaisy.a(stm32h7xx_hal_uart.o)
                0x08010110                HAL_UART_RxHalfCpltCallback
 .text.UART_DMARxHalfCplt
                0x08010114        0xc libDaisy/build\libdaisy.a(stm32h7xx_hal_uart.o)
 .text.UART_DMAError
                0x08010120       0x78 libDaisy/build\libdaisy.a(stm32h7xx_hal_uart.o)
 .text.HAL_UART_IRQHandler
                0x08010198      0x1d0 libDaisy/build\libdaisy.a(stm32h7xx_hal_uart.o)
                0x08010198                HAL_UART_IRQHandler
 .text.UART_DMAAbortOnError
                0x08010368       0x14 libDaisy/build\libdaisy.a(stm32h7xx_hal_uart.o)
 .text.HAL_UART_GetState
                0x0801037c        0xc libDaisy/build\libdaisy.a(stm32h7xx_hal_uart.o)
                0x0801037c                HAL_UART_GetState
 .text.UART_SetConfig
                0x08010388     0x14b8 libDaisy/build\libdaisy.a(stm32h7xx_hal_uart.o)
                0x08010388                UART_SetConfig
 .text.UART_AdvFeatureConfig
                0x08011840       0xb0 libDaisy/build\libdaisy.a(stm32h7xx_hal_uart.o)
                0x08011840                UART_AdvFeatureConfig
 .text.UART_CheckIdleState
                0x080118f0       0x84 libDaisy/build\libdaisy.a(stm32h7xx_hal_uart.o)
                0x080118f0                UART_CheckIdleState
 .text.HAL_UART_Init
                0x08011974       0x68 libDaisy/build\libdaisy.a(stm32h7xx_hal_uart.o)
                0x08011974                HAL_UART_Init
 .text.HAL_UARTEx_WakeupCallback
                0x080119dc        0x4 libDaisy/build\libdaisy.a(stm32h7xx_hal_uart_ex.o)
                0x080119dc                HAL_UARTEx_WakeupCallback
 .text.HAL_UARTEx_RxFifoFullCallback
                0x080119e0        0x4 libDaisy/build\libdaisy.a(stm32h7xx_hal_uart_ex.o)
                0x080119e0                HAL_UARTEx_RxFifoFullCallback
 .text.HAL_UARTEx_TxFifoEmptyCallback
                0x080119e4        0x4 libDaisy/build\libdaisy.a(stm32h7xx_hal_uart_ex.o)
                0x080119e4                HAL_UARTEx_TxFifoEmptyCallback
 .text.__aeabi_atexit
                0x080119e8        0xa c:/users/pedro/desktop/dev/daisytools/windows/bin/../lib/gcc/arm-none-eabi/10.2.1/../../../../arm-none-eabi/lib/thumb/v7e-m+dp/hard\libstdc++_nano.a(atexit_arm.o)
                0x080119e8                __aeabi_atexit
 *fill*         0x080119f2        0x2 
 .text.__cxa_atexit
                0x080119f4       0x1c c:/users/pedro/desktop/dev/daisytools/windows/bin/../lib/gcc/arm-none-eabi/10.2.1/../../../../arm-none-eabi/lib/thumb/v7e-m+dp/hard\libc_nano.a(lib_a-cxa_atexit.o)
                0x080119f4                __cxa_atexit
 .text.__libc_init_array
                0x08011a10       0x48 c:/users/pedro/desktop/dev/daisytools/windows/bin/../lib/gcc/arm-none-eabi/10.2.1/../../../../arm-none-eabi/lib/thumb/v7e-m+dp/hard\libc_nano.a(lib_a-init.o)
                0x08011a10                __libc_init_array
 .text.memcpy   0x08011a58       0x1c c:/users/pedro/desktop/dev/daisytools/windows/bin/../lib/gcc/arm-none-eabi/10.2.1/../../../../arm-none-eabi/lib/thumb/v7e-m+dp/hard\libc_nano.a(lib_a-memcpy-stub.o)
                0x08011a58                memcpy
 .text.memset   0x08011a74       0x10 c:/users/pedro/desktop/dev/daisytools/windows/bin/../lib/gcc/arm-none-eabi/10.2.1/../../../../arm-none-eabi/lib/thumb/v7e-m+dp/hard\libc_nano.a(lib_a-memset.o)
                0x08011a74                memset
 *(.rodata)
 .rodata        0x08011a84       0x18 libDaisy/build\libdaisy.a(daisy_patch_sm.o)
 .rodata        0x08011a9c       0x10 libDaisy/build\libdaisy.a(i2c.o)
 .rodata        0x08011aac       0x10 libDaisy/build\libdaisy.a(tim.o)
 .rodata        0x08011abc       0x12 libDaisy/build\libdaisy.a(uart.o)
 *(.rodata*)
 *fill*         0x08011ace        0x2 
 .rodata._ZN5daisy8patch_sm12DaisyPatchSM2B5E
                0x08011ad0        0x2 libDaisy/build\libdaisy.a(daisy_patch_sm.o)
                0x08011ad0                daisy::patch_sm::DaisyPatchSM::B5
 *fill*         0x08011ad2        0x2 
 .rodata._ZN5daisy8patch_sm12DaisyPatchSM2B6E
                0x08011ad4        0x2 libDaisy/build\libdaisy.a(daisy_patch_sm.o)
                0x08011ad4                daisy::patch_sm::DaisyPatchSM::B6
 *fill*         0x08011ad6        0x2 
 .rodata._ZN5daisy8patch_sm12DaisyPatchSM2B8E
                0x08011ad8        0x2 libDaisy/build\libdaisy.a(daisy_patch_sm.o)
                0x08011ad8                daisy::patch_sm::DaisyPatchSM::B8
 *fill*         0x08011ada        0x2 
 .rodata._ZN5daisy8patch_sm12DaisyPatchSM2B9E
                0x08011adc        0x2 libDaisy/build\libdaisy.a(daisy_patch_sm.o)
                0x08011adc                daisy::patch_sm::DaisyPatchSM::B9
 *fill*         0x08011ade        0x2 
 .rodata._ZN5daisy8patch_sm12DaisyPatchSM3B10E
                0x08011ae0        0x2 libDaisy/build\libdaisy.a(daisy_patch_sm.o)
                0x08011ae0                daisy::patch_sm::DaisyPatchSM::B10
 *fill*         0x08011ae2        0x2 
 .rodata._ZN5daisy8patch_smL12PIN_USER_LEDE
                0x08011ae4        0x2 libDaisy/build\libdaisy.a(daisy_patch_sm.o)
 *fill*         0x08011ae6        0x2 
 .rodata._ZL16dsy_adc_rank_map
                0x08011ae8       0x40 libDaisy/build\libdaisy.a(adc.o)
 .rodata.CSWTCH.35
                0x08011b28        0x3 libDaisy/build\libdaisy.a(sai.o)
 *fill*         0x08011b2b        0x1 
 .rodata.CSWTCH.36
                0x08011b2c        0xc libDaisy/build\libdaisy.a(sai.o)
 .rodata.CSWTCH.44
                0x08011b38       0x14 libDaisy/build\libdaisy.a(sai.o)
 .rodata.D1CorePrescTable
                0x08011b4c       0x10 libDaisy/build\libdaisy.a(system_stm32h7xx.o)
                0x08011b4c                D1CorePrescTable
 .rodata.CSWTCH.24
                0x08011b5c        0x4 libDaisy/build\libdaisy.a(usbd_conf.o)
 .rodata.CSWTCH.19
                0x08011b60        0x4 libDaisy/build\libdaisy.a(usbh_conf.o)
 .rodata.gpio_hal_pin_map
                0x08011b64       0x20 libDaisy/build\libdaisy.a(hal_map.o)
 .rodata.gpio_hal_port_map
                0x08011b84       0x30 libDaisy/build\libdaisy.a(hal_map.o)
 .rodata.flagBitshiftOffset.0
                0x08011bb4        0x8 libDaisy/build\libdaisy.a(stm32h7xx_hal_dma.o)
 .rodata._ZL13pins_none_spi
                0x08011bbc        0x3 libDaisy/build\libdaisy.a(spi.o)
 *fill*         0x08011bbf        0x1 
 .rodata._ZL16pins_periphs_spi
                0x08011bc0       0x60 libDaisy/build\libdaisy.a(spi.o)
 .rodata.CSWTCH.418
                0x08011c20       0x29 libDaisy/build\libdaisy.a(stm32h7xx_hal_uart.o)
 *fill*         0x08011c49        0x3 
 .rodata.CSWTCH.419
                0x08011c4c        0x6 libDaisy/build\libdaisy.a(stm32h7xx_hal_uart.o)
 *fill*         0x08011c52        0x2 
 .rodata.CSWTCH.426
                0x08011c54        0x6 libDaisy/build\libdaisy.a(stm32h7xx_hal_uart.o)
 *(.glue_7)
 .glue_7        0x08011c5a        0x0 linker stubs
 *(.glue_7t)
 .glue_7t       0x08011c5a        0x0 linker stubs
 *(.init)
 *fill*         0x08011c5a        0x2 
 .init          0x08011c5c        0x4 c:/users/pedro/desktop/dev/daisytools/windows/bin/../lib/gcc/arm-none-eabi/10.2.1/thumb/v7e-m+dp/hard/crti.o
                0x08011c5c                _init
 .init          0x08011c60        0x8 c:/users/pedro/desktop/dev/daisytools/windows/bin/../lib/gcc/arm-none-eabi/10.2.1/thumb/v7e-m+dp/hard/crtn.o
 *(.fini)
 .fini          0x08011c68        0x4 c:/users/pedro/desktop/dev/daisytools/windows/bin/../lib/gcc/arm-none-eabi/10.2.1/thumb/v7e-m+dp/hard/crti.o
                0x08011c68                _fini
 .fini          0x08011c6c        0x8 c:/users/pedro/desktop/dev/daisytools/windows/bin/../lib/gcc/arm-none-eabi/10.2.1/thumb/v7e-m+dp/hard/crtn.o
                0x08011c74                . = ALIGN (0x4)
                0x08011c74                _etext = .

.eh_frame       0x08011c74        0x0
 .eh_frame      0x08011c74        0x0 c:/users/pedro/desktop/dev/daisytools/windows/bin/../lib/gcc/arm-none-eabi/10.2.1/thumb/v7e-m+dp/hard/crtbegin.o

.vfp11_veneer   0x08011c74        0x0
 .vfp11_veneer  0x08011c74        0x0 linker stubs

.v4_bx          0x08011c74        0x0
 .v4_bx         0x08011c74        0x0 linker stubs

.iplt           0x08011c74        0x0
 .iplt          0x08011c74        0x0 c:/users/pedro/desktop/dev/daisytools/windows/bin/../lib/gcc/arm-none-eabi/10.2.1/thumb/v7e-m+dp/hard/crtbegin.o

.ARM.extab      0x08011c74        0x0
                0x08011c74                . = ALIGN (0x4)
 *(.ARM.extab)
 *(.gnu.linkonce.armextab.*)
                0x08011c74                . = ALIGN (0x4)

.exidx          0x08011c74        0x8
                0x08011c74                . = ALIGN (0x4)
                [!provide]                PROVIDE (__exidx_start = .)
 *(.ARM.exidx*)
 .ARM.exidx     0x08011c74        0x8 c:/users/pedro/desktop/dev/daisytools/windows/bin/../lib/gcc/arm-none-eabi/10.2.1/thumb/v7e-m+dp/hard\libgcc.a(_udivmoddi4.o)
                0x08011c7c                . = ALIGN (0x4)
                [!provide]                PROVIDE (__exidx_end = .)

.rel.dyn        0x08011c7c        0x0
 .rel.iplt      0x08011c7c        0x0 c:/users/pedro/desktop/dev/daisytools/windows/bin/../lib/gcc/arm-none-eabi/10.2.1/thumb/v7e-m+dp/hard/crtbegin.o

.ARM.attributes
                0x08011c7c       0x2e
 *(.ARM.attributes)
 .ARM.attributes
                0x08011c7c       0x1e c:/users/pedro/desktop/dev/daisytools/windows/bin/../lib/gcc/arm-none-eabi/10.2.1/thumb/v7e-m+dp/hard/crti.o
 .ARM.attributes
                0x08011c9a       0x32 c:/users/pedro/desktop/dev/daisytools/windows/bin/../lib/gcc/arm-none-eabi/10.2.1/thumb/v7e-m+dp/hard/crtbegin.o
 .ARM.attributes
                0x08011ccc       0x32 build/startup_stm32h750xx.o
 .ARM.attributes
                0x08011cfe       0x32 build/Reverb.o
 .ARM.attributes
                0x08011d30       0x32 libDaisy/build\libdaisy.a(daisy_patch_sm.o)
 .ARM.attributes
                0x08011d62       0x32 libDaisy/build\libdaisy.a(codec_pcm3060.o)
 .ARM.attributes
                0x08011d94       0x32 libDaisy/build\libdaisy.a(sdram.o)
 .ARM.attributes
                0x08011dc6       0x32 libDaisy/build\libdaisy.a(audio.o)
 .ARM.attributes
                0x08011df8       0x32 libDaisy/build\libdaisy.a(ctrl.o)
 .ARM.attributes
                0x08011e2a       0x32 libDaisy/build\libdaisy.a(gatein.o)
 .ARM.attributes
                0x08011e5c       0x32 libDaisy/build\libdaisy.a(switch.o)
 .ARM.attributes
                0x08011e8e       0x32 libDaisy/build\libdaisy.a(adc.o)
 .ARM.attributes
                0x08011ec0       0x32 libDaisy/build\libdaisy.a(dac.o)
 .ARM.attributes
                0x08011ef2       0x32 libDaisy/build\libdaisy.a(gpio.o)
 .ARM.attributes
                0x08011f24       0x32 libDaisy/build\libdaisy.a(i2c.o)
 .ARM.attributes
                0x08011f56       0x32 libDaisy/build\libdaisy.a(qspi.o)
 .ARM.attributes
                0x08011f88       0x32 libDaisy/build\libdaisy.a(sai.o)
 .ARM.attributes
                0x08011fba       0x32 libDaisy/build\libdaisy.a(system.o)
 .ARM.attributes
                0x08011fec       0x32 libDaisy/build\libdaisy.a(system_stm32h7xx.o)
 .ARM.attributes
                0x0801201e       0x32 libDaisy/build\libdaisy.a(usbd_conf.o)
 .ARM.attributes
                0x08012050       0x32 libDaisy/build\libdaisy.a(usbh_conf.o)
 .ARM.attributes
                0x08012082       0x32 libDaisy/build\libdaisy.a(hal_map.o)
 .ARM.attributes
                0x080120b4       0x32 libDaisy/build\libdaisy.a(stm32h7xx_hal.o)
 .ARM.attributes
                0x080120e6       0x32 libDaisy/build\libdaisy.a(stm32h7xx_hal_adc.o)
 .ARM.attributes
                0x08012118       0x32 libDaisy/build\libdaisy.a(stm32h7xx_hal_adc_ex.o)
 .ARM.attributes
                0x0801214a       0x32 libDaisy/build\libdaisy.a(stm32h7xx_hal_cortex.o)
 .ARM.attributes
                0x0801217c       0x32 libDaisy/build\libdaisy.a(stm32h7xx_hal_dac.o)
 .ARM.attributes
                0x080121ae       0x32 libDaisy/build\libdaisy.a(stm32h7xx_hal_dac_ex.o)
 .ARM.attributes
                0x080121e0       0x32 libDaisy/build\libdaisy.a(stm32h7xx_hal_dma.o)
 .ARM.attributes
                0x08012212       0x32 libDaisy/build\libdaisy.a(stm32h7xx_hal_gpio.o)
 .ARM.attributes
                0x08012244       0x32 libDaisy/build\libdaisy.a(stm32h7xx_hal_hcd.o)
 .ARM.attributes
                0x08012276       0x32 libDaisy/build\libdaisy.a(stm32h7xx_hal_i2c.o)
 .ARM.attributes
                0x080122a8       0x32 libDaisy/build\libdaisy.a(stm32h7xx_hal_i2c_ex.o)
 .ARM.attributes
                0x080122da       0x32 libDaisy/build\libdaisy.a(stm32h7xx_hal_pcd.o)
 .ARM.attributes
                0x0801230c       0x32 libDaisy/build\libdaisy.a(stm32h7xx_hal_pcd_ex.o)
 .ARM.attributes
                0x0801233e       0x32 libDaisy/build\libdaisy.a(stm32h7xx_hal_pwr_ex.o)
 .ARM.attributes
                0x08012370       0x32 libDaisy/build\libdaisy.a(stm32h7xx_hal_qspi.o)
 .ARM.attributes
                0x080123a2       0x32 libDaisy/build\libdaisy.a(stm32h7xx_hal_rcc.o)
 .ARM.attributes
                0x080123d4       0x32 libDaisy/build\libdaisy.a(stm32h7xx_hal_rcc_ex.o)
 .ARM.attributes